Archive member included to satisfy reference by file (symbol)

/Applications/STM32CubeIDE.app/Contents/Eclipse/plugins/com.st.stm32cube.ide.mcu.externaltools.gnu-tools-for-stm32.10.3-2021.10.macos64_1.0.100.202210260954/tools/bin/../lib/gcc/arm-none-eabi/10.3.1/../../../../arm-none-eabi/lib/thumb/v7e-m+fp/hard/libc_nano.a(lib_a-errno.o)
                              ./Core/Src/syscalls.o (__errno)
/Applications/STM32CubeIDE.app/Contents/Eclipse/plugins/com.st.stm32cube.ide.mcu.externaltools.gnu-tools-for-stm32.10.3-2021.10.macos64_1.0.100.202210260954/tools/bin/../lib/gcc/arm-none-eabi/10.3.1/../../../../arm-none-eabi/lib/thumb/v7e-m+fp/hard/libc_nano.a(lib_a-exit.o)
                              /Applications/STM32CubeIDE.app/Contents/Eclipse/plugins/com.st.stm32cube.ide.mcu.externaltools.gnu-tools-for-stm32.10.3-2021.10.macos64_1.0.100.202210260954/tools/bin/../lib/gcc/arm-none-eabi/10.3.1/../../../../arm-none-eabi/lib/thumb/v7e-m+fp/hard/crt0.o (exit)
/Applications/STM32CubeIDE.app/Contents/Eclipse/plugins/com.st.stm32cube.ide.mcu.externaltools.gnu-tools-for-stm32.10.3-2021.10.macos64_1.0.100.202210260954/tools/bin/../lib/gcc/arm-none-eabi/10.3.1/../../../../arm-none-eabi/lib/thumb/v7e-m+fp/hard/libc_nano.a(lib_a-findfp.o)
                              ./Middlewares/Third_Party/FreeRTOS/Source/tasks.o (__sf_fake_stderr)
/Applications/STM32CubeIDE.app/Contents/Eclipse/plugins/com.st.stm32cube.ide.mcu.externaltools.gnu-tools-for-stm32.10.3-2021.10.macos64_1.0.100.202210260954/tools/bin/../lib/gcc/arm-none-eabi/10.3.1/../../../../arm-none-eabi/lib/thumb/v7e-m+fp/hard/libc_nano.a(lib_a-fwalk.o)
                              /Applications/STM32CubeIDE.app/Contents/Eclipse/plugins/com.st.stm32cube.ide.mcu.externaltools.gnu-tools-for-stm32.10.3-2021.10.macos64_1.0.100.202210260954/tools/bin/../lib/gcc/arm-none-eabi/10.3.1/../../../../arm-none-eabi/lib/thumb/v7e-m+fp/hard/libc_nano.a(lib_a-findfp.o) (_fwalk)
/Applications/STM32CubeIDE.app/Contents/Eclipse/plugins/com.st.stm32cube.ide.mcu.externaltools.gnu-tools-for-stm32.10.3-2021.10.macos64_1.0.100.202210260954/tools/bin/../lib/gcc/arm-none-eabi/10.3.1/../../../../arm-none-eabi/lib/thumb/v7e-m+fp/hard/libc_nano.a(lib_a-impure.o)
                              /Applications/STM32CubeIDE.app/Contents/Eclipse/plugins/com.st.stm32cube.ide.mcu.externaltools.gnu-tools-for-stm32.10.3-2021.10.macos64_1.0.100.202210260954/tools/bin/../lib/gcc/arm-none-eabi/10.3.1/../../../../arm-none-eabi/lib/thumb/v7e-m+fp/hard/libc_nano.a(lib_a-exit.o) (_global_impure_ptr)
/Applications/STM32CubeIDE.app/Contents/Eclipse/plugins/com.st.stm32cube.ide.mcu.externaltools.gnu-tools-for-stm32.10.3-2021.10.macos64_1.0.100.202210260954/tools/bin/../lib/gcc/arm-none-eabi/10.3.1/../../../../arm-none-eabi/lib/thumb/v7e-m+fp/hard/libc_nano.a(lib_a-init.o)
                              /Applications/STM32CubeIDE.app/Contents/Eclipse/plugins/com.st.stm32cube.ide.mcu.externaltools.gnu-tools-for-stm32.10.3-2021.10.macos64_1.0.100.202210260954/tools/bin/../lib/gcc/arm-none-eabi/10.3.1/../../../../arm-none-eabi/lib/thumb/v7e-m+fp/hard/crt0.o (__libc_init_array)
/Applications/STM32CubeIDE.app/Contents/Eclipse/plugins/com.st.stm32cube.ide.mcu.externaltools.gnu-tools-for-stm32.10.3-2021.10.macos64_1.0.100.202210260954/tools/bin/../lib/gcc/arm-none-eabi/10.3.1/../../../../arm-none-eabi/lib/thumb/v7e-m+fp/hard/libc_nano.a(lib_a-lock.o)
                              /Applications/STM32CubeIDE.app/Contents/Eclipse/plugins/com.st.stm32cube.ide.mcu.externaltools.gnu-tools-for-stm32.10.3-2021.10.macos64_1.0.100.202210260954/tools/bin/../lib/gcc/arm-none-eabi/10.3.1/../../../../arm-none-eabi/lib/thumb/v7e-m+fp/hard/libc_nano.a(lib_a-findfp.o) (__retarget_lock_init_recursive)
/Applications/STM32CubeIDE.app/Contents/Eclipse/plugins/com.st.stm32cube.ide.mcu.externaltools.gnu-tools-for-stm32.10.3-2021.10.macos64_1.0.100.202210260954/tools/bin/../lib/gcc/arm-none-eabi/10.3.1/../../../../arm-none-eabi/lib/thumb/v7e-m+fp/hard/libc_nano.a(lib_a-memcpy-stub.o)
                              ./Middlewares/Third_Party/FreeRTOS/Source/CMSIS_RTOS_V2/cmsis_os2.o (memcpy)
/Applications/STM32CubeIDE.app/Contents/Eclipse/plugins/com.st.stm32cube.ide.mcu.externaltools.gnu-tools-for-stm32.10.3-2021.10.macos64_1.0.100.202210260954/tools/bin/../lib/gcc/arm-none-eabi/10.3.1/../../../../arm-none-eabi/lib/thumb/v7e-m+fp/hard/libc_nano.a(lib_a-memset.o)
                              /Applications/STM32CubeIDE.app/Contents/Eclipse/plugins/com.st.stm32cube.ide.mcu.externaltools.gnu-tools-for-stm32.10.3-2021.10.macos64_1.0.100.202210260954/tools/bin/../lib/gcc/arm-none-eabi/10.3.1/../../../../arm-none-eabi/lib/thumb/v7e-m+fp/hard/crt0.o (memset)
/Applications/STM32CubeIDE.app/Contents/Eclipse/plugins/com.st.stm32cube.ide.mcu.externaltools.gnu-tools-for-stm32.10.3-2021.10.macos64_1.0.100.202210260954/tools/bin/../lib/gcc/arm-none-eabi/10.3.1/../../../../arm-none-eabi/lib/thumb/v7e-m+fp/hard/libc_nano.a(lib_a-nano-mallocr.o)
[...]
Memory Configuration

Name             Origin             Length             Attributes
RAM              0x0000000020000000 0x0000000000018000 xrw
RAM2             0x0000000010000000 0x0000000000008000 xrw
FLASH            0x0000000008000000 0x0000000000100000 xr
*default*        0x0000000000000000 0xffffffffffffffff

Linker script and memory map

LOAD /Applications/STM32CubeIDE.app/Contents/Eclipse/plugins/com.st.stm32cube.ide.mcu.externaltools.gnu-tools-for-stm32.10.3-2021.10.macos64_1.0.100.202210260954/tools/bin/../lib/gcc/arm-none-eabi/10.3.1/thumb/v7e-m+fp/hard/crti.o
LOAD /Applications/STM32CubeIDE.app/Contents/Eclipse/plugins/com.st.stm32cube.ide.mcu.externaltools.gnu-tools-for-stm32.10.3-2021.10.macos64_1.0.100.202210260954/tools/bin/../lib/gcc/arm-none-eabi/10.3.1/thumb/v7e-m+fp/hard/crtbegin.o
LOAD /Applications/STM32CubeIDE.app/Contents/Eclipse/plugins/com.st.stm32cube.ide.mcu.externaltools.gnu-tools-for-stm32.10.3-2021.10.macos64_1.0.100.202210260954/tools/bin/../lib/gcc/arm-none-eabi/10.3.1/../../../../arm-none-eabi/lib/thumb/v7e-m+fp/hard/crt0.o
LOAD ./Core/Src/Test.o
LOAD ./Core/Src/freertos.o
LOAD ./Core/Src/gpio.o
LOAD ./Core/Src/main.o
LOAD ./Core/Src/spi.o
LOAD ./Core/Src/stm32l4xx_hal_msp.o
LOAD ./Core/Src/stm32l4xx_hal_timebase_tim.o
LOAD ./Core/Src/stm32l4xx_it.o
LOAD ./Core/Src/streetFunc.o
LOAD ./Core/Src/syscalls.o
LOAD ./Core/Src/sysmem.o
LOAD ./Core/Src/system_stm32l4xx.o
LOAD ./Core/Startup/startup_stm32l476rgtx.o
LOAD ./Drivers/STM32L4xx_HAL_Driver/Src/stm32l4xx_hal.o
LOAD ./Drivers/STM32L4xx_HAL_Driver/Src/stm32l4xx_hal_cortex.o
LOAD ./Drivers/STM32L4xx_HAL_Driver/Src/stm32l4xx_hal_dma.o
LOAD ./Drivers/STM32L4xx_HAL_Driver/Src/stm32l4xx_hal_dma_ex.o
LOAD ./Drivers/STM32L4xx_HAL_Driver/Src/stm32l4xx_hal_exti.o
LOAD ./Drivers/STM32L4xx_HAL_Driver/Src/stm32l4xx_hal_flash.o
LOAD ./Drivers/STM32L4xx_HAL_Driver/Src/stm32l4xx_hal_flash_ex.o
LOAD ./Drivers/STM32L4xx_HAL_Driver/Src/stm32l4xx_hal_flash_ramfunc.o
LOAD ./Drivers/STM32L4xx_HAL_Driver/Src/stm32l4xx_hal_gpio.o
LOAD ./Drivers/STM32L4xx_HAL_Driver/Src/stm32l4xx_hal_i2c.o
LOAD ./Drivers/STM32L4xx_HAL_Driver/Src/stm32l4xx_hal_i2c_ex.o
LOAD ./Drivers/STM32L4xx_HAL_Driver/Src/stm32l4xx_hal_pwr.o
LOAD ./Drivers/STM32L4xx_HAL_Driver/Src/stm32l4xx_hal_pwr_ex.o
LOAD ./Drivers/STM32L4xx_HAL_Driver/Src/stm32l4xx_hal_rcc.o
LOAD ./Drivers/STM32L4xx_HAL_Driver/Src/stm32l4xx_hal_rcc_ex.o
LOAD ./Drivers/STM32L4xx_HAL_Driver/Src/stm32l4xx_hal_spi.o
LOAD ./Drivers/STM32L4xx_HAL_Driver/Src/stm32l4xx_hal_spi_ex.o
LOAD ./Drivers/STM32L4xx_HAL_Driver/Src/stm32l4xx_hal_tim.o
LOAD ./Drivers/STM32L4xx_HAL_Driver/Src/stm32l4xx_hal_tim_ex.o
LOAD ./Middlewares/Third_Party/FreeRTOS/Source/CMSIS_RTOS_V2/cmsis_os2.o
LOAD ./Middlewares/Third_Party/FreeRTOS/Source/croutine.o
LOAD ./Middlewares/Third_Party/FreeRTOS/Source/event_groups.o
LOAD ./Middlewares/Third_Party/FreeRTOS/Source/list.o
LOAD ./Middlewares/Third_Party/FreeRTOS/Source/queue.o
LOAD ./Middlewares/Third_Party/FreeRTOS/Source/stream_buffer.o
LOAD ./Middlewares/Third_Party/FreeRTOS/Source/tasks.o
LOAD ./Middlewares/Third_Party/FreeRTOS/Source/portable/GCC/ARM_CM4F/port.o
LOAD ./Middlewares/Third_Party/FreeRTOS/Source/portable/MemMang/heap_4.o
START GROUP
LOAD /Applications/STM32CubeIDE.app/Contents/Eclipse/plugins/com.st.stm32cube.ide.mcu.externaltools.gnu-tools-for-stm32.10.3-2021.10.macos64_1.0.100.202210260954/tools/bin/../lib/gcc/arm-none-eabi/10.3.1/../../../../arm-none-eabi/lib/thumb/v7e-m+fp/hard/libc_nano.a
LOAD /Applications/STM32CubeIDE.app/Contents/Eclipse/plugins/com.st.stm32cube.ide.mcu.externaltools.gnu-tools-for-stm32.10.3-2021.10.macos64_1.0.100.202210260954/tools/bin/../lib/gcc/arm-none-eabi/10.3.1/../../../../arm-none-eabi/lib/thumb/v7e-m+fp/hard/libm.a
END GROUP
START GROUP
LOAD /Applications/STM32CubeIDE.app/Contents/Eclipse/plugins/com.st.stm32cube.ide.mcu.externaltools.gnu-tools-for-stm32.10.3-2021.10.macos64_1.0.100.202210260954/tools/bin/../lib/gcc/arm-none-eabi/10.3.1/thumb/v7e-m+fp/hard/libgcc.a
LOAD /Applications/STM32CubeIDE.app/Contents/Eclipse/plugins/com.st.stm32cube.ide.mcu.externaltools.gnu-tools-for-stm32.10.3-2021.10.macos64_1.0.100.202210260954/tools/bin/../lib/gcc/arm-none-eabi/10.3.1/../../../../arm-none-eabi/lib/thumb/v7e-m+fp/hard/libc_nano.a
END GROUP
START GROUP
LOAD /Applications/STM32CubeIDE.app/Contents/Eclipse/plugins/com.st.stm32cube.ide.mcu.externaltools.gnu-tools-for-stm32.10.3-2021.10.macos64_1.0.100.202210260954/tools/bin/../lib/gcc/arm-none-eabi/10.3.1/thumb/v7e-m+fp/hard/libgcc.a
LOAD /Applications/STM32CubeIDE.app/Contents/Eclipse/plugins/com.st.stm32cube.ide.mcu.externaltools.gnu-tools-for-stm32.10.3-2021.10.macos64_1.0.100.202210260954/tools/bin/../lib/gcc/arm-none-eabi/10.3.1/../../../../arm-none-eabi/lib/thumb/v7e-m+fp/hard/libc_nano.a
LOAD /Applications/STM32CubeIDE.app/Contents/Eclipse/plugins/com.st.stm32cube.ide.mcu.externaltools.gnu-tools-for-stm32.10.3-2021.10.macos64_1.0.100.202210260954/tools/bin/../lib/gcc/arm-none-eabi/10.3.1/../../../../arm-none-eabi/lib/thumb/v7e-m+fp/hard/libnosys.a
END GROUP
START GROUP
LOAD /Applications/STM32CubeIDE.app/Contents/Eclipse/plugins/com.st.stm32cube.ide.mcu.externaltools.gnu-tools-for-stm32.10.3-2021.10.macos64_1.0.100.202210260954/tools/bin/../lib/gcc/arm-none-eabi/10.3.1/thumb/v7e-m+fp/hard/libgcc.a
LOAD /Applications/STM32CubeIDE.app/Contents/Eclipse/plugins/com.st.stm32cube.ide.mcu.externaltools.gnu-tools-for-stm32.10.3-2021.10.macos64_1.0.100.202210260954/tools/bin/../lib/gcc/arm-none-eabi/10.3.1/../../../../arm-none-eabi/lib/thumb/v7e-m+fp/hard/libc_nano.a
LOAD /Applications/STM32CubeIDE.app/Contents/Eclipse/plugins/com.st.stm32cube.ide.mcu.externaltools.gnu-tools-for-stm32.10.3-2021.10.macos64_1.0.100.202210260954/tools/bin/../lib/gcc/arm-none-eabi/10.3.1/../../../../arm-none-eabi/lib/thumb/v7e-m+fp/hard/libnosys.a
END GROUP
LOAD /Applications/STM32CubeIDE.app/Contents/Eclipse/plugins/com.st.stm32cube.ide.mcu.externaltools.gnu-tools-for-stm32.10.3-2021.10.macos64_1.0.100.202210260954/tools/bin/../lib/gcc/arm-none-eabi/10.3.1/thumb/v7e-m+fp/hard/crtend.o
LOAD /Applications/STM32CubeIDE.app/Contents/Eclipse/plugins/com.st.stm32cube.ide.mcu.externaltools.gnu-tools-for-stm32.10.3-2021.10.macos64_1.0.100.202210260954/tools/bin/../lib/gcc/arm-none-eabi/10.3.1/thumb/v7e-m+fp/hard/crtn.o
                0x0000000020018000                _estack = (ORIGIN (RAM) + LENGTH (RAM))
                0x0000000000000200                _Min_Heap_Size = 0x200
                0x0000000000000400                _Min_Stack_Size = 0x400

.isr_vector     0x0000000008000000      0x188
                0x0000000008000000                . = ALIGN (0x4)
 *(.isr_vector)
 .isr_vector    0x0000000008000000      0x188 ./Core/Startup/startup_stm32l476rgtx.o
                0x0000000008000000                g_pfnVectors
                0x0000000008000188                . = ALIGN (0x4)

.text           0x0000000008000190     0x3ce4
                0x0000000008000190                . = ALIGN (0x4)
 *(.text)
 .text          0x0000000008000190       0x40 /Applications/STM32CubeIDE.app/Contents/Eclipse/plugins/com.st.stm32cube.ide.mcu.externaltools.gnu-tools-for-stm32.10.3-2021.10.macos64_1.0.100.202210260954/tools/bin/../lib/gcc/arm-none-eabi/10.3.1/thumb/v7e-m+fp/hard/crtbegin.o
 *(.text*)
 .text.StartDefaultTask
                0x00000000080001d0       0x70 ./Core/Src/freertos.o
                0x00000000080001d0                StartDefaultTask
 .text.Button_Task1
                0x0000000008000240       0x60 ./Core/Src/freertos.o
                0x0000000008000240                Button_Task1
 .text.Switches
                0x00000000080002a0       0x80 ./Core/Src/freertos.o
                0x00000000080002a0                Switches
 .text.Button_Task2
                0x0000000008000320       0x60 ./Core/Src/freertos.o
                0x0000000008000320                Button_Task2
 .text.MX_FREERTOS_Init
                0x0000000008000380       0xc4 ./Core/Src/freertos.o
                0x0000000008000380                MX_FREERTOS_Init
 .text.Stall_Function
                0x0000000008000444       0x20 ./Core/Src/freertos.o
                0x0000000008000444                Stall_Function
 .text.Button1_TimerHandler.part.0
                0x0000000008000464       0x4c ./Core/Src/freertos.o
 .text.Button1_TimerHandler
                0x00000000080004b0       0x58 ./Core/Src/freertos.o
                0x00000000080004b0                Button1_TimerHandler
 .text.Button2_TimerHandler
                0x0000000008000508       0x54 ./Core/Src/freertos.o
                0x0000000008000508                Button2_TimerHandler
 .text.timer    0x000000000800055c       0x7c ./Core/Src/freertos.o
                0x000000000800055c                timer
 .text.MX_GPIO_Init
                0x00000000080005d8      0x130 ./Core/Src/gpio.o
                0x00000000080005d8                MX_GPIO_Init
 .text.SystemClock_Config
                0x0000000008000708       0x76 ./Core/Src/main.o
                0x0000000008000708                SystemClock_Config
 *fill*         0x000000000800077e        0x2 
 .text.startup.main
                0x0000000008000780       0x40 ./Core/Src/main.o
                0x0000000008000780                main
 .text.HAL_TIM_PeriodElapsedCallback
                0x00000000080007c0       0x14 ./Core/Src/main.o
                0x00000000080007c0                HAL_TIM_PeriodElapsedCallback
 .text.Error_Handler
                0x00000000080007d4        0x4 ./Core/Src/main.o
                0x00000000080007d4                Error_Handler
 .text.MX_SPI3_Init
                0x00000000080007d8       0x54 ./Core/Src/spi.o
                0x00000000080007d8                MX_SPI3_Init
 .text.HAL_SPI_MspInit
                0x000000000800082c       0x94 ./Core/Src/spi.o
                0x000000000800082c                HAL_SPI_MspInit
 .text.HAL_MspInit
                0x00000000080008c0       0x3c ./Core/Src/stm32l4xx_hal_msp.o
                0x00000000080008c0                HAL_MspInit
 .text.HAL_InitTick
                0x00000000080008fc       0x90 ./Core/Src/stm32l4xx_hal_timebase_tim.o
                0x00000000080008fc                HAL_InitTick
 .text.NMI_Handler
                0x000000000800098c        0x2 ./Core/Src/stm32l4xx_it.o
                0x000000000800098c                NMI_Handler
 .text.HardFault_Handler
                0x000000000800098e        0x2 ./Core/Src/stm32l4xx_it.o
                0x000000000800098e                HardFault_Handler
 .text.MemManage_Handler
                0x0000000008000990        0x2 ./Core/Src/stm32l4xx_it.o
                0x0000000008000990                MemManage_Handler
 .text.BusFault_Handler
                0x0000000008000992        0x2 ./Core/Src/stm32l4xx_it.o
                0x0000000008000992                BusFault_Handler
 .text.UsageFault_Handler
                0x0000000008000994        0x2 ./Core/Src/stm32l4xx_it.o
                0x0000000008000994                UsageFault_Handler
 .text.DebugMon_Handler
                0x0000000008000996        0x2 ./Core/Src/stm32l4xx_it.o
                0x0000000008000996                DebugMon_Handler
 .text.TIM1_UP_TIM16_IRQHandler
                0x0000000008000998        0xc ./Core/Src/stm32l4xx_it.o
                0x0000000008000998                TIM1_UP_TIM16_IRQHandler
 .text.Led_Toggle
                0x00000000080009a4      0x154 ./Core/Src/streetFunc.o
                0x00000000080009a4                Led_Toggle
 .text.Crossing_Button2
                0x0000000008000af8       0x16 ./Core/Src/streetFunc.o
                0x0000000008000af8                Crossing_Button2
 *fill*         0x0000000008000b0e        0x2 
 .text.Crossing_Button1
                0x0000000008000b10       0x18 ./Core/Src/streetFunc.o
                0x0000000008000b10                Crossing_Button1
 .text.Car_Vertical
                0x0000000008000b28       0x2c ./Core/Src/streetFunc.o
                0x0000000008000b28                Car_Vertical
 .text.Car_Horizontal
                0x0000000008000b54       0x2c ./Core/Src/streetFunc.o
                0x0000000008000b54                Car_Horizontal
 .text.sendSPIdata
                0x0000000008000b80       0x34 ./Core/Src/streetFunc.o
                0x0000000008000b80                sendSPIdata
 .text.Led_Clear
                0x0000000008000bb4       0x10 ./Core/Src/streetFunc.o
                0x0000000008000bb4                Led_Clear
 .text.Blue_Clear1
                0x0000000008000bc4       0x14 ./Core/Src/streetFunc.o
                0x0000000008000bc4                Blue_Clear1
 .text.Blue_Clear2
                0x0000000008000bd8       0x14 ./Core/Src/streetFunc.o
                0x0000000008000bd8                Blue_Clear2
 .text.Flash_Led
                0x0000000008000bec       0x38 ./Core/Src/streetFunc.o
                0x0000000008000bec                Flash_Led
 .text.States   0x0000000008000c24       0xc0 ./Core/Src/streetFunc.o
                0x0000000008000c24                States
 .text.SystemInit
                0x0000000008000ce4       0x14 ./Core/Src/system_stm32l4xx.o
                0x0000000008000ce4                SystemInit
 .text.Reset_Handler
                0x0000000008000cf8       0x50 ./Core/Startup/startup_stm32l476rgtx.o
                0x0000000008000cf8                Reset_Handler
 .text.Default_Handler
                0x0000000008000d48        0x2 ./Core/Startup/startup_stm32l476rgtx.o
                0x0000000008000d48                TIM1_BRK_TIM15_IRQHandler
                0x0000000008000d48                EXTI2_IRQHandler
                0x0000000008000d48                TIM8_TRG_COM_IRQHandler
                0x0000000008000d48                TIM8_CC_IRQHandler
                0x0000000008000d48                TIM1_CC_IRQHandler
                0x0000000008000d48                TSC_IRQHandler
                0x0000000008000d48                TAMP_STAMP_IRQHandler
                0x0000000008000d48                EXTI3_IRQHandler
                0x0000000008000d48                LPTIM2_IRQHandler
                0x0000000008000d48                DFSDM1_FLT1_IRQHandler
                0x0000000008000d48                I2C3_ER_IRQHandler
                0x0000000008000d48                DFSDM1_FLT2_IRQHandler
                0x0000000008000d48                EXTI0_IRQHandler
                0x0000000008000d48                I2C2_EV_IRQHandler
                0x0000000008000d48                CAN1_RX0_IRQHandler
                0x0000000008000d48                FPU_IRQHandler
                0x0000000008000d48                ADC1_2_IRQHandler
                0x0000000008000d48                SPI1_IRQHandler
                0x0000000008000d48                TIM6_DAC_IRQHandler
                0x0000000008000d48                TIM8_UP_IRQHandler
                0x0000000008000d48                DMA2_Channel2_IRQHandler
                0x0000000008000d48                DMA1_Channel4_IRQHandler
                0x0000000008000d48                SAI2_IRQHandler
                0x0000000008000d48                DFSDM1_FLT3_IRQHandler
                0x0000000008000d48                USART3_IRQHandler
                0x0000000008000d48                DMA1_Channel7_IRQHandler
                0x0000000008000d48                CAN1_RX1_IRQHandler
                0x0000000008000d48                LCD_IRQHandler
                0x0000000008000d48                UART5_IRQHandler
                0x0000000008000d48                ADC3_IRQHandler
                0x0000000008000d48                TIM4_IRQHandler
                0x0000000008000d48                DMA2_Channel1_IRQHandler
                0x0000000008000d48                QUADSPI_IRQHandler
                0x0000000008000d48                I2C1_EV_IRQHandler
                0x0000000008000d48                DMA1_Channel6_IRQHandler
                0x0000000008000d48                UART4_IRQHandler
                0x0000000008000d48                DMA2_Channel4_IRQHandler
                0x0000000008000d48                TIM3_IRQHandler
                0x0000000008000d48                RCC_IRQHandler
                0x0000000008000d48                DMA1_Channel1_IRQHandler
                0x0000000008000d48                Default_Handler
                0x0000000008000d48                DMA2_Channel7_IRQHandler
                0x0000000008000d48                EXTI15_10_IRQHandler
                0x0000000008000d48                TIM7_IRQHandler
                0x0000000008000d48                SDMMC1_IRQHandler
                0x0000000008000d48                TIM5_IRQHandler
                0x0000000008000d48                I2C3_EV_IRQHandler
                0x0000000008000d48                EXTI9_5_IRQHandler
                0x0000000008000d48                RTC_WKUP_IRQHandler
                0x0000000008000d48                PVD_PVM_IRQHandler
                0x0000000008000d48                SPI2_IRQHandler
                0x0000000008000d48                CAN1_TX_IRQHandler
                0x0000000008000d48                DMA2_Channel5_IRQHandler
                0x0000000008000d48                DMA1_Channel5_IRQHandler
                0x0000000008000d48                EXTI4_IRQHandler
                0x0000000008000d48                RNG_IRQHandler
                0x0000000008000d48                TIM1_TRG_COM_TIM17_IRQHandler
                0x0000000008000d48                DMA1_Channel3_IRQHandler
                0x0000000008000d48                COMP_IRQHandler
                0x0000000008000d48                WWDG_IRQHandler
                0x0000000008000d48                LPUART1_IRQHandler
                0x0000000008000d48                DMA2_Channel6_IRQHandler
                0x0000000008000d48                TIM2_IRQHandler
                0x0000000008000d48                EXTI1_IRQHandler
                0x0000000008000d48                USART2_IRQHandler
                0x0000000008000d48                DFSDM1_FLT0_IRQHandler
                0x0000000008000d48                I2C2_ER_IRQHandler
                0x0000000008000d48                DMA1_Channel2_IRQHandler
                0x0000000008000d48                TIM8_BRK_IRQHandler
                0x0000000008000d48                CAN1_SCE_IRQHandler
                0x0000000008000d48                FLASH_IRQHandler
                0x0000000008000d48                USART1_IRQHandler
                0x0000000008000d48                OTG_FS_IRQHandler
                0x0000000008000d48                SPI3_IRQHandler
                0x0000000008000d48                I2C1_ER_IRQHandler
                0x0000000008000d48                FMC_IRQHandler
                0x0000000008000d48                SWPMI1_IRQHandler
                0x0000000008000d48                LPTIM1_IRQHandler
                0x0000000008000d48                SAI1_IRQHandler
                0x0000000008000d48                DMA2_Channel3_IRQHandler
                0x0000000008000d48                RTC_Alarm_IRQHandler
 *fill*         0x0000000008000d4a        0x2 
 .text.HAL_Init
                0x0000000008000d4c       0x2c ./Drivers/STM32L4xx_HAL_Driver/Src/stm32l4xx_hal.o
                0x0000000008000d4c                HAL_Init
 .text.HAL_IncTick
                0x0000000008000d78       0x18 ./Drivers/STM32L4xx_HAL_Driver/Src/stm32l4xx_hal.o
                0x0000000008000d78                HAL_IncTick
 .text.HAL_GetTick
                0x0000000008000d90        0xc ./Drivers/STM32L4xx_HAL_Driver/Src/stm32l4xx_hal.o
                0x0000000008000d90                HAL_GetTick
 .text.HAL_Delay
                0x0000000008000d9c       0x28 ./Drivers/STM32L4xx_HAL_Driver/Src/stm32l4xx_hal.o
                0x0000000008000d9c                HAL_Delay
 .text.HAL_NVIC_SetPriorityGrouping
                0x0000000008000dc4       0x24 ./Drivers/STM32L4xx_HAL_Driver/Src/stm32l4xx_hal_cortex.o
                0x0000000008000dc4                HAL_NVIC_SetPriorityGrouping
 .text.HAL_NVIC_SetPriority
                0x0000000008000de8       0x64 ./Drivers/STM32L4xx_HAL_Driver/Src/stm32l4xx_hal_cortex.o
                0x0000000008000de8                HAL_NVIC_SetPriority
 .text.HAL_NVIC_EnableIRQ
                0x0000000008000e4c       0x1c ./Drivers/STM32L4xx_HAL_Driver/Src/stm32l4xx_hal_cortex.o
                0x0000000008000e4c                HAL_NVIC_EnableIRQ
 .text.HAL_GPIO_Init
                0x0000000008000e68      0x1bc ./Drivers/STM32L4xx_HAL_Driver/Src/stm32l4xx_hal_gpio.o
                0x0000000008000e68                HAL_GPIO_Init
 .text.HAL_GPIO_ReadPin
                0x0000000008001024        0xc ./Drivers/STM32L4xx_HAL_Driver/Src/stm32l4xx_hal_gpio.o
                0x0000000008001024                HAL_GPIO_ReadPin
 .text.HAL_GPIO_WritePin
                0x0000000008001030        0xa ./Drivers/STM32L4xx_HAL_Driver/Src/stm32l4xx_hal_gpio.o
                0x0000000008001030                HAL_GPIO_WritePin
 *fill*         0x000000000800103a        0x2 
 .text.HAL_PWREx_GetVoltageRange
                0x000000000800103c       0x10 ./Drivers/STM32L4xx_HAL_Driver/Src/stm32l4xx_hal_pwr_ex.o
                0x000000000800103c                HAL_PWREx_GetVoltageRange
 .text.HAL_PWREx_ControlVoltageScaling
                0x000000000800104c       0x6c ./Drivers/STM32L4xx_HAL_Driver/Src/stm32l4xx_hal_pwr_ex.o
                0x000000000800104c                HAL_PWREx_ControlVoltageScaling
 .text.RCC_SetFlashLatencyFromMSIRange
                0x00000000080010b8       0x84 ./Drivers/STM32L4xx_HAL_Driver/Src/stm32l4xx_hal_rcc.o
 .text.HAL_RCC_GetSysClockFreq
                0x000000000800113c       0x9c ./Drivers/STM32L4xx_HAL_Driver/Src/stm32l4xx_hal_rcc.o
                0x000000000800113c                HAL_RCC_GetSysClockFreq
 .text.HAL_RCC_OscConfig
                0x00000000080011d8      0x500 ./Drivers/STM32L4xx_HAL_Driver/Src/stm32l4xx_hal_rcc.o
                0x00000000080011d8                HAL_RCC_OscConfig
 .text.HAL_RCC_ClockConfig
                0x00000000080016d8      0x154 ./Drivers/STM32L4xx_HAL_Driver/Src/stm32l4xx_hal_rcc.o
                0x00000000080016d8                HAL_RCC_ClockConfig
 .text.HAL_RCC_GetPCLK2Freq
                0x000000000800182c       0x24 ./Drivers/STM32L4xx_HAL_Driver/Src/stm32l4xx_hal_rcc.o
                0x000000000800182c                HAL_RCC_GetPCLK2Freq
 .text.HAL_RCC_GetClockConfig
                0x0000000008001850       0x3c ./Drivers/STM32L4xx_HAL_Driver/Src/stm32l4xx_hal_rcc.o
                0x0000000008001850                HAL_RCC_GetClockConfig
 .text.SPI_WaitFifoStateUntilTimeout.constprop.0
                0x000000000800188c       0xcc ./Drivers/STM32L4xx_HAL_Driver/Src/stm32l4xx_hal_spi.o
 .text.SPI_WaitFlagStateUntilTimeout.constprop.0
                0x0000000008001958       0xa4 ./Drivers/STM32L4xx_HAL_Driver/Src/stm32l4xx_hal_spi.o
 .text.SPI_EndRxTxTransaction
                0x00000000080019fc       0x4a ./Drivers/STM32L4xx_HAL_Driver/Src/stm32l4xx_hal_spi.o
 .text.HAL_SPI_Init
                0x0000000008001a46       0xd4 ./Drivers/STM32L4xx_HAL_Driver/Src/stm32l4xx_hal_spi.o
                0x0000000008001a46                HAL_SPI_Init
 .text.HAL_SPI_Transmit
                0x0000000008001b1a      0x192 ./Drivers/STM32L4xx_HAL_Driver/Src/stm32l4xx_hal_spi.o
                0x0000000008001b1a                HAL_SPI_Transmit
 .text.HAL_TIM_Base_MspInit
                0x0000000008001cac        0x2 ./Drivers/STM32L4xx_HAL_Driver/Src/stm32l4xx_hal_tim.o
                0x0000000008001cac                HAL_TIM_Base_MspInit
 *fill*         0x0000000008001cae        0x2 
 .text.HAL_TIM_Base_Start_IT
                0x0000000008001cb0       0x74 ./Drivers/STM32L4xx_HAL_Driver/Src/stm32l4xx_hal_tim.o
                0x0000000008001cb0                HAL_TIM_Base_Start_IT
 .text.HAL_TIM_OC_DelayElapsedCallback
                0x0000000008001d24        0x2 ./Drivers/STM32L4xx_HAL_Driver/Src/stm32l4xx_hal_tim.o
                0x0000000008001d24                HAL_TIM_OC_DelayElapsedCallback
 .text.HAL_TIM_IC_CaptureCallback
                0x0000000008001d26        0x2 ./Drivers/STM32L4xx_HAL_Driver/Src/stm32l4xx_hal_tim.o
                0x0000000008001d26                HAL_TIM_IC_CaptureCallback
 .text.HAL_TIM_PWM_PulseFinishedCallback
                0x0000000008001d28        0x2 ./Drivers/STM32L4xx_HAL_Driver/Src/stm32l4xx_hal_tim.o
                0x0000000008001d28                HAL_TIM_PWM_PulseFinishedCallback
 .text.HAL_TIM_TriggerCallback
                0x0000000008001d2a        0x2 ./Drivers/STM32L4xx_HAL_Driver/Src/stm32l4xx_hal_tim.o
                0x0000000008001d2a                HAL_TIM_TriggerCallback
 .text.HAL_TIM_IRQHandler
                0x0000000008001d2c      0x160 ./Drivers/STM32L4xx_HAL_Driver/Src/stm32l4xx_hal_tim.o
                0x0000000008001d2c                HAL_TIM_IRQHandler
 .text.TIM_Base_SetConfig
                0x0000000008001e8c       0xcc ./Drivers/STM32L4xx_HAL_Driver/Src/stm32l4xx_hal_tim.o
                0x0000000008001e8c                TIM_Base_SetConfig
 .text.HAL_TIM_Base_Init
                0x0000000008001f58       0x60 ./Drivers/STM32L4xx_HAL_Driver/Src/stm32l4xx_hal_tim.o
                0x0000000008001f58                HAL_TIM_Base_Init
 .text.HAL_TIMEx_CommutCallback
                0x0000000008001fb8        0x2 ./Drivers/STM32L4xx_HAL_Driver/Src/stm32l4xx_hal_tim_ex.o
                0x0000000008001fb8                HAL_TIMEx_CommutCallback
 .text.HAL_TIMEx_BreakCallback
                0x0000000008001fba        0x2 ./Drivers/STM32L4xx_HAL_Driver/Src/stm32l4xx_hal_tim_ex.o
                0x0000000008001fba                HAL_TIMEx_BreakCallback
 .text.HAL_TIMEx_Break2Callback
                0x0000000008001fbc        0x2 ./Drivers/STM32L4xx_HAL_Driver/Src/stm32l4xx_hal_tim_ex.o
                0x0000000008001fbc                HAL_TIMEx_Break2Callback
 .text.SysTick_Handler
                0x0000000008001fbe       0x1a ./Middlewares/Third_Party/FreeRTOS/Source/CMSIS_RTOS_V2/cmsis_os2.o
                0x0000000008001fbe                SysTick_Handler
 .text.osKernelInitialize
                0x0000000008001fd8       0x24 ./Middlewares/Third_Party/FreeRTOS/Source/CMSIS_RTOS_V2/cmsis_os2.o
                0x0000000008001fd8                osKernelInitialize
 .text.osKernelStart
                0x0000000008001ffc       0x34 ./Middlewares/Third_Party/FreeRTOS/Source/CMSIS_RTOS_V2/cmsis_os2.o
                0x0000000008001ffc                osKernelStart
 .text.osThreadNew
                0x0000000008002030       0x92 ./Middlewares/Third_Party/FreeRTOS/Source/CMSIS_RTOS_V2/cmsis_os2.o
                0x0000000008002030                osThreadNew
 .text.osMutexNew
                0x00000000080020c2       0x6a ./Middlewares/Third_Party/FreeRTOS/Source/CMSIS_RTOS_V2/cmsis_os2.o
                0x00000000080020c2                osMutexNew
 .text.osSemaphoreNew
                0x000000000800212c       0x94 ./Middlewares/Third_Party/FreeRTOS/Source/CMSIS_RTOS_V2/cmsis_os2.o
                0x000000000800212c                osSemaphoreNew
 .text.osSemaphoreAcquire
                0x00000000080021c0       0x56 ./Middlewares/Third_Party/FreeRTOS/Source/CMSIS_RTOS_V2/cmsis_os2.o
                0x00000000080021c0                osSemaphoreAcquire
 .text.osSemaphoreRelease
                0x0000000008002216       0x50 ./Middlewares/Third_Party/FreeRTOS/Source/CMSIS_RTOS_V2/cmsis_os2.o
                0x0000000008002216                osSemaphoreRelease
 *fill*         0x0000000008002266        0x2 
 .text.vApplicationGetIdleTaskMemory
                0x0000000008002268       0x18 ./Middlewares/Third_Party/FreeRTOS/Source/CMSIS_RTOS_V2/cmsis_os2.o
                0x0000000008002268                vApplicationGetIdleTaskMemory
 .text.vListInitialise
                0x0000000008002280       0x16 ./Middlewares/Third_Party/FreeRTOS/Source/list.o
                0x0000000008002280                vListInitialise
 .text.vListInitialiseItem
                0x0000000008002296        0x6 ./Middlewares/Third_Party/FreeRTOS/Source/list.o
                0x0000000008002296                vListInitialiseItem
 .text.vListInsertEnd
                0x000000000800229c       0x18 ./Middlewares/Third_Party/FreeRTOS/Source/list.o
                0x000000000800229c                vListInsertEnd
 .text.vListInsert
                0x00000000080022b4       0x2e ./Middlewares/Third_Party/FreeRTOS/Source/list.o
                0x00000000080022b4                vListInsert
 .text.uxListRemove
                0x00000000080022e2       0x20 ./Middlewares/Third_Party/FreeRTOS/Source/list.o
                0x00000000080022e2                uxListRemove
 .text.prvIsQueueEmpty
                0x0000000008002302       0x16 ./Middlewares/Third_Party/FreeRTOS/Source/queue.o
 .text.prvCopyDataToQueue
                0x0000000008002318       0x6a ./Middlewares/Third_Party/FreeRTOS/Source/queue.o
 .text.prvCopyDataFromQueue
                0x0000000008002382       0x2c ./Middlewares/Third_Party/FreeRTOS/Source/queue.o
 .text.prvUnlockQueue
                0x00000000080023ae       0x70 ./Middlewares/Third_Party/FreeRTOS/Source/queue.o
 .text.xQueueGenericReset
                0x000000000800241e       0x7e ./Middlewares/Third_Party/FreeRTOS/Source/queue.o
                0x000000000800241e                xQueueGenericReset
 .text.xQueueGenericCreateStatic
                0x000000000800249c       0x9c ./Middlewares/Third_Party/FreeRTOS/Source/queue.o
                0x000000000800249c                xQueueGenericCreateStatic
 .text.xQueueGenericCreate
                0x0000000008002538       0x4e ./Middlewares/Third_Party/FreeRTOS/Source/queue.o
                0x0000000008002538                xQueueGenericCreate
 .text.xQueueCreateCountingSemaphoreStatic
                0x0000000008002586       0x44 ./Middlewares/Third_Party/FreeRTOS/Source/queue.o
                0x0000000008002586                xQueueCreateCountingSemaphoreStatic
 .text.xQueueCreateCountingSemaphore
                0x00000000080025ca       0x3c ./Middlewares/Third_Party/FreeRTOS/Source/queue.o
                0x00000000080025ca                xQueueCreateCountingSemaphore
 .text.xQueueGenericSend
                0x0000000008002606      0x166 ./Middlewares/Third_Party/FreeRTOS/Source/queue.o
                0x0000000008002606                xQueueGenericSend
 .text.xQueueCreateMutexStatic
                0x000000000800276c       0x2a ./Middlewares/Third_Party/FreeRTOS/Source/queue.o
                0x000000000800276c                xQueueCreateMutexStatic
 .text.xQueueCreateMutex
                0x0000000008002796       0x3a ./Middlewares/Third_Party/FreeRTOS/Source/queue.o
                0x0000000008002796                xQueueCreateMutex
 .text.xQueueGiveFromISR
                0x00000000080027d0       0xa8 ./Middlewares/Third_Party/FreeRTOS/Source/queue.o
                0x00000000080027d0                xQueueGiveFromISR
 .text.xQueueSemaphoreTake
                0x0000000008002878      0x186 ./Middlewares/Third_Party/FreeRTOS/Source/queue.o
                0x0000000008002878                xQueueSemaphoreTake
 .text.xQueueReceiveFromISR
                0x00000000080029fe       0x9e ./Middlewares/Third_Party/FreeRTOS/Source/queue.o
                0x00000000080029fe                xQueueReceiveFromISR
 .text.vQueueAddToRegistry
                0x0000000008002a9c       0x24 ./Middlewares/Third_Party/FreeRTOS/Source/queue.o
                0x0000000008002a9c                vQueueAddToRegistry
 .text.vQueueUnregisterQueue
                0x0000000008002ac0       0x28 ./Middlewares/Third_Party/FreeRTOS/Source/queue.o
                0x0000000008002ac0                vQueueUnregisterQueue
 .text.vQueueDelete
                0x0000000008002ae8       0x2e ./Middlewares/Third_Party/FreeRTOS/Source/queue.o
                0x0000000008002ae8                vQueueDelete
 *fill*         0x0000000008002b16        0x2 
 .text.prvAddNewTaskToReadyList
                0x0000000008002b18      0x100 ./Middlewares/Third_Party/FreeRTOS/Source/tasks.o
 .text.prvAddCurrentTaskToDelayedList
                0x0000000008002c18       0x70 ./Middlewares/Third_Party/FreeRTOS/Source/tasks.o
 .text.prvTaskIsTaskSuspended
                0x0000000008002c88       0x38 ./Middlewares/Third_Party/FreeRTOS/Source/tasks.o
 .text.prvResetNextTaskUnblockTime
                0x0000000008002cc0       0x24 ./Middlewares/Third_Party/FreeRTOS/Source/tasks.o
 .text.prvDeleteTCB
                0x0000000008002ce4       0x3c ./Middlewares/Third_Party/FreeRTOS/Source/tasks.o
 .text.prvIdleTask
                0x0000000008002d20       0x60 ./Middlewares/Third_Party/FreeRTOS/Source/tasks.o
 .text.prvInitialiseNewTask.constprop.0
                0x0000000008002d80       0xc0 ./Middlewares/Third_Party/FreeRTOS/Source/tasks.o
 .text.xTaskCreateStatic
                0x0000000008002e40       0x70 ./Middlewares/Third_Party/FreeRTOS/Source/tasks.o
                0x0000000008002e40                xTaskCreateStatic
 .text.xTaskCreate
                0x0000000008002eb0       0x5a ./Middlewares/Third_Party/FreeRTOS/Source/tasks.o
                0x0000000008002eb0                xTaskCreate
 *fill*         0x0000000008002f0a        0x2 
 .text.vTaskResume
                0x0000000008002f0c       0x88 ./Middlewares/Third_Party/FreeRTOS/Source/tasks.o
                0x0000000008002f0c                vTaskResume
 .text.vTaskStartScheduler
                0x0000000008002f94       0xa0 ./Middlewares/Third_Party/FreeRTOS/Source/tasks.o
                0x0000000008002f94                vTaskStartScheduler
 .text.vTaskSuspendAll
                0x0000000008003034       0x10 ./Middlewares/Third_Party/FreeRTOS/Source/tasks.o
                0x0000000008003034                vTaskSuspendAll
 .text.xTaskIncrementTick
                0x0000000008003044      0x12c ./Middlewares/Third_Party/FreeRTOS/Source/tasks.o
                0x0000000008003044                xTaskIncrementTick
 .text.xTaskResumeAll
                0x0000000008003170       0xe8 ./Middlewares/Third_Party/FreeRTOS/Source/tasks.o
                0x0000000008003170                xTaskResumeAll
 .text.vTaskDelay
                0x0000000008003258       0x48 ./Middlewares/Third_Party/FreeRTOS/Source/tasks.o
                0x0000000008003258                vTaskDelay
 .text.vTaskSwitchContext
                0x00000000080032a0       0x80 ./Middlewares/Third_Party/FreeRTOS/Source/tasks.o
                0x00000000080032a0                vTaskSwitchContext
 .text.vTaskSuspend
                0x0000000008003320       0xb4 ./Middlewares/Third_Party/FreeRTOS/Source/tasks.o
                0x0000000008003320                vTaskSuspend
 .text.vTaskPlaceOnEventList
                0x00000000080033d4       0x34 ./Middlewares/Third_Party/FreeRTOS/Source/tasks.o
                0x00000000080033d4                vTaskPlaceOnEventList
 .text.xTaskRemoveFromEventList
                0x0000000008003408       0x88 ./Middlewares/Third_Party/FreeRTOS/Source/tasks.o
                0x0000000008003408                xTaskRemoveFromEventList
 .text.vTaskInternalSetTimeOutState
                0x0000000008003490       0x18 ./Middlewares/Third_Party/FreeRTOS/Source/tasks.o
                0x0000000008003490                vTaskInternalSetTimeOutState
 .text.xTaskCheckForTimeOut
                0x00000000080034a8       0x78 ./Middlewares/Third_Party/FreeRTOS/Source/tasks.o
                0x00000000080034a8                xTaskCheckForTimeOut
 .text.vTaskMissedYield
                0x0000000008003520        0xc ./Middlewares/Third_Party/FreeRTOS/Source/tasks.o
                0x0000000008003520                vTaskMissedYield
 .text.xTaskGetSchedulerState
                0x000000000800352c       0x20 ./Middlewares/Third_Party/FreeRTOS/Source/tasks.o
                0x000000000800352c                xTaskGetSchedulerState
 .text.xTaskPriorityInherit
                0x000000000800354c       0x84 ./Middlewares/Third_Party/FreeRTOS/Source/tasks.o
                0x000000000800354c                xTaskPriorityInherit
 .text.xTaskPriorityDisinherit
                0x00000000080035d0       0x88 ./Middlewares/Third_Party/FreeRTOS/Source/tasks.o
                0x00000000080035d0                xTaskPriorityDisinherit
 .text.vTaskPriorityDisinheritAfterTimeout
                0x0000000008003658       0xa4 ./Middlewares/Third_Party/FreeRTOS/Source/tasks.o
                0x0000000008003658                vTaskPriorityDisinheritAfterTimeout
 .text.pvTaskIncrementMutexHeldCount
                0x00000000080036fc       0x18 ./Middlewares/Third_Party/FreeRTOS/Source/tasks.o
                0x00000000080036fc                pvTaskIncrementMutexHeldCount
 .text.prvPortStartFirstTask
                0x0000000008003714       0x28 ./Middlewares/Third_Party/FreeRTOS/Source/portable/GCC/ARM_CM4F/port.o
 .text.vPortEnableVFP
                0x000000000800373c       0x14 ./Middlewares/Third_Party/FreeRTOS/Source/portable/GCC/ARM_CM4F/port.o
 .text.prvTaskExitError
                0x0000000008003750       0x40 ./Middlewares/Third_Party/FreeRTOS/Source/portable/GCC/ARM_CM4F/port.o
 .text.pxPortInitialiseStack
                0x0000000008003790       0x2c ./Middlewares/Third_Party/FreeRTOS/Source/portable/GCC/ARM_CM4F/port.o
                0x0000000008003790                pxPortInitialiseStack
 *fill*         0x00000000080037bc        0x4 
 .text.SVC_Handler
                0x00000000080037c0       0x24 ./Middlewares/Third_Party/FreeRTOS/Source/portable/GCC/ARM_CM4F/port.o
                0x00000000080037c0                SVC_Handler
 .text.vPortEnterCritical
                0x00000000080037e4       0x40 ./Middlewares/Third_Party/FreeRTOS/Source/portable/GCC/ARM_CM4F/port.o
                0x00000000080037e4                vPortEnterCritical
 .text.vPortExitCritical
                0x0000000008003824       0x28 ./Middlewares/Third_Party/FreeRTOS/Source/portable/GCC/ARM_CM4F/port.o
                0x0000000008003824                vPortExitCritical
 *fill*         0x000000000800384c        0x4 
 .text.PendSV_Handler
                0x0000000008003850       0x64 ./Middlewares/Third_Party/FreeRTOS/Source/portable/GCC/ARM_CM4F/port.o
                0x0000000008003850                PendSV_Handler
 .text.xPortSysTickHandler
                0x00000000080038b4       0x2c ./Middlewares/Third_Party/FreeRTOS/Source/portable/GCC/ARM_CM4F/port.o
                0x00000000080038b4                xPortSysTickHandler
 .text.vPortSetupTimerInterrupt
                0x00000000080038e0       0x24 ./Middlewares/Third_Party/FreeRTOS/Source/portable/GCC/ARM_CM4F/port.o
                0x00000000080038e0                vPortSetupTimerInterrupt
 .text.xPortStartScheduler
                0x0000000008003904      0x10c ./Middlewares/Third_Party/FreeRTOS/Source/portable/GCC/ARM_CM4F/port.o
                0x0000000008003904                xPortStartScheduler
 .text.vPortValidateInterruptPriority
                0x0000000008003a10       0x5c ./Middlewares/Third_Party/FreeRTOS/Source/portable/GCC/ARM_CM4F/port.o
                0x0000000008003a10                vPortValidateInterruptPriority
 .text.prvInsertBlockIntoFreeList
                0x0000000008003a6c       0x48 ./Middlewares/Third_Party/FreeRTOS/Source/portable/MemMang/heap_4.o
 .text.pvPortMalloc
                0x0000000008003ab4      0x130 ./Middlewares/Third_Party/FreeRTOS/Source/portable/MemMang/heap_4.o
                0x0000000008003ab4                pvPortMalloc
 .text.vPortFree
                0x0000000008003be4       0x7c ./Middlewares/Third_Party/FreeRTOS/Source/portable/MemMang/heap_4.o
                0x0000000008003be4                vPortFree
 .text.__libc_init_array
                0x0000000008003c60       0x48 /Applications/STM32CubeIDE.app/Contents/Eclipse/plugins/com.st.stm32cube.ide.mcu.externaltools.gnu-tools-for-stm32.10.3-2021.10.macos64_1.0.100.202210260954/tools/bin/../lib/gcc/arm-none-eabi/10.3.1/../../../../arm-none-eabi/lib/thumb/v7e-m+fp/hard/libc_nano.a(lib_a-init.o)
                0x0000000008003c60                __libc_init_array
 .text.__retarget_lock_acquire_recursive
                0x0000000008003ca8        0x2 /Applications/STM32CubeIDE.app/Contents/Eclipse/plugins/com.st.stm32cube.ide.mcu.externaltools.gnu-tools-for-stm32.10.3-2021.10.macos64_1.0.100.202210260954/tools/bin/../lib/gcc/arm-none-eabi/10.3.1/../../../../arm-none-eabi/lib/thumb/v7e-m+fp/hard/libc_nano.a(lib_a-lock.o)
                0x0000000008003ca8                __retarget_lock_acquire_recursive
 .text.__retarget_lock_release_recursive
                0x0000000008003caa        0x2 /Applications/STM32CubeIDE.app/Contents/Eclipse/plugins/com.st.stm32cube.ide.mcu.externaltools.gnu-tools-for-stm32.10.3-2021.10.macos64_1.0.100.202210260954/tools/bin/../lib/gcc/arm-none-eabi/10.3.1/../../../../arm-none-eabi/lib/thumb/v7e-m+fp/hard/libc_nano.a(lib_a-lock.o)
                0x0000000008003caa                __retarget_lock_release_recursive
 .text.memcpy   0x0000000008003cac       0x1c /Applications/STM32CubeIDE.app/Contents/Eclipse/plugins/com.st.stm32cube.ide.mcu.externaltools.gnu-tools-for-stm32.10.3-2021.10.macos64_1.0.100.202210260954/tools/bin/../lib/gcc/arm-none-eabi/10.3.1/../../../../arm-none-eabi/lib/thumb/v7e-m+fp/hard/libc_nano.a(lib_a-memcpy-stub.o)
                0x0000000008003cac                memcpy
 .text.memset   0x0000000008003cc8       0x10 /Applications/STM32CubeIDE.app/Contents/Eclipse/plugins/com.st.stm32cube.ide.mcu.externaltools.gnu-tools-for-stm32.10.3-2021.10.macos64_1.0.100.202210260954/tools/bin/../lib/gcc/arm-none-eabi/10.3.1/../../../../arm-none-eabi/lib/thumb/v7e-m+fp/hard/libc_nano.a(lib_a-memset.o)
                0x0000000008003cc8                memset
 .text.cleanup_glue
                0x0000000008003cd8       0x1a /Applications/STM32CubeIDE.app/Contents/Eclipse/plugins/com.st.stm32cube.ide.mcu.externaltools.gnu-tools-for-stm32.10.3-2021.10.macos64_1.0.100.202210260954/tools/bin/../lib/gcc/arm-none-eabi/10.3.1/../../../../arm-none-eabi/lib/thumb/v7e-m+fp/hard/libc_nano.a(lib_a-reent.o)
                0x0000000008003cd8                cleanup_glue
 *fill*         0x0000000008003cf2        0x2 
 .text._reclaim_reent
                0x0000000008003cf4       0xb8 /Applications/STM32CubeIDE.app/Contents/Eclipse/plugins/com.st.stm32cube.ide.mcu.externaltools.gnu-tools-for-stm32.10.3-2021.10.macos64_1.0.100.202210260954/tools/bin/../lib/gcc/arm-none-eabi/10.3.1/../../../../arm-none-eabi/lib/thumb/v7e-m+fp/hard/libc_nano.a(lib_a-reent.o)
                0x0000000008003cf4                _reclaim_reent
 .text.__malloc_lock
                0x0000000008003dac        0xc /Applications/STM32CubeIDE.app/Contents/Eclipse/plugins/com.st.stm32cube.ide.mcu.externaltools.gnu-tools-for-stm32.10.3-2021.10.macos64_1.0.100.202210260954/tools/bin/../lib/gcc/arm-none-eabi/10.3.1/../../../../arm-none-eabi/lib/thumb/v7e-m+fp/hard/libc_nano.a(lib_a-mlock.o)
                0x0000000008003dac                __malloc_lock
 .text.__malloc_unlock
                0x0000000008003db8        0xc /Applications/STM32CubeIDE.app/Contents/Eclipse/plugins/com.st.stm32cube.ide.mcu.externaltools.gnu-tools-for-stm32.10.3-2021.10.macos64_1.0.100.202210260954/tools/bin/../lib/gcc/arm-none-eabi/10.3.1/../../../../arm-none-eabi/lib/thumb/v7e-m+fp/hard/libc_nano.a(lib_a-mlock.o)
                0x0000000008003db8                __malloc_unlock
 .text._free_r  0x0000000008003dc4       0x98 /Applications/STM32CubeIDE.app/Contents/Eclipse/plugins/com.st.stm32cube.ide.mcu.externaltools.gnu-tools-for-stm32.10.3-2021.10.macos64_1.0.100.202210260954/tools/bin/../lib/gcc/arm-none-eabi/10.3.1/../../../../arm-none-eabi/lib/thumb/v7e-m+fp/hard/libc_nano.a(lib_a-nano-freer.o)
                0x0000000008003dc4                _free_r
 *(.glue_7)
 .glue_7        0x0000000008003e5c        0x0 linker stubs
 *(.glue_7t)
 .glue_7t       0x0000000008003e5c        0x0 linker stubs
 *(.eh_frame)
 .eh_frame      0x0000000008003e5c        0x0 /Applications/STM32CubeIDE.app/Contents/Eclipse/plugins/com.st.stm32cube.ide.mcu.externaltools.gnu-tools-for-stm32.10.3-2021.10.macos64_1.0.100.202210260954/tools/bin/../lib/gcc/arm-none-eabi/10.3.1/thumb/v7e-m+fp/hard/crtbegin.o
 *(.init)
 .init          0x0000000008003e5c        0x4 /Applications/STM32CubeIDE.app/Contents/Eclipse/plugins/com.st.stm32cube.ide.mcu.externaltools.gnu-tools-for-stm32.10.3-2021.10.macos64_1.0.100.202210260954/tools/bin/../lib/gcc/arm-none-eabi/10.3.1/thumb/v7e-m+fp/hard/crti.o
                0x0000000008003e5c                _init
 .init          0x0000000008003e60        0x8 /Applications/STM32CubeIDE.app/Contents/Eclipse/plugins/com.st.stm32cube.ide.mcu.externaltools.gnu-tools-for-stm32.10.3-2021.10.macos64_1.0.100.202210260954/tools/bin/../lib/gcc/arm-none-eabi/10.3.1/thumb/v7e-m+fp/hard/crtn.o
 *(.fini)
 .fini          0x0000000008003e68        0x4 /Applications/STM32CubeIDE.app/Contents/Eclipse/plugins/com.st.stm32cube.ide.mcu.externaltools.gnu-tools-for-stm32.10.3-2021.10.macos64_1.0.100.202210260954/tools/bin/../lib/gcc/arm-none-eabi/10.3.1/thumb/v7e-m+fp/hard/crti.o
                0x0000000008003e68                _fini
 .fini          0x0000000008003e6c        0x8 /Applications/STM32CubeIDE.app/Contents/Eclipse/plugins/com.st.stm32cube.ide.mcu.externaltools.gnu-tools-for-stm32.10.3-2021.10.macos64_1.0.100.202210260954/tools/bin/../lib/gcc/arm-none-eabi/10.3.1/thumb/v7e-m+fp/hard/crtn.o
                0x0000000008003e74                . = ALIGN (0x4)
                0x0000000008003e74                _etext = .

.vfp11_veneer   0x0000000008003e74        0x0
 .vfp11_veneer  0x0000000008003e74        0x0 linker stubs

.v4_bx          0x0000000008003e74        0x0
 .v4_bx         0x0000000008003e74        0x0 linker stubs

.iplt           0x0000000008003e74        0x0
 .iplt          0x0000000008003e74        0x0 /Applications/STM32CubeIDE.app/Contents/Eclipse/plugins/com.st.stm32cube.ide.mcu.externaltools.gnu-tools-for-stm32.10.3-2021.10.macos64_1.0.100.202210260954/tools/bin/../lib/gcc/arm-none-eabi/10.3.1/thumb/v7e-m+fp/hard/crtbegin.o

.rodata         0x0000000008003e74      0x1f0
                0x0000000008003e74                . = ALIGN (0x4)
 *(.rodata)
 *(.rodata*)
 .rodata.str1.1
                0x0000000008003e74       0x5c ./Core/Src/freertos.o
 .rodata.GPIO_Button1_attributes
                0x0000000008003ed0       0x24 ./Core/Src/freertos.o
                0x0000000008003ed0                GPIO_Button1_attributes
 .rodata.GPIO_Button2_attributes
                0x0000000008003ef4       0x24 ./Core/Src/freertos.o
                0x0000000008003ef4                GPIO_Button2_attributes
 .rodata.GPIO_Switches_attributes
                0x0000000008003f18       0x24 ./Core/Src/freertos.o
                0x0000000008003f18                GPIO_Switches_attributes
 .rodata.Timer_Func_attributes
                0x0000000008003f3c       0x24 ./Core/Src/freertos.o
                0x0000000008003f3c                Timer_Func_attributes
 .rodata.buttonsSem_attributes
                0x0000000008003f60       0x10 ./Core/Src/freertos.o
                0x0000000008003f60                buttonsSem_attributes
 .rodata.defaultTask_attributes
                0x0000000008003f70       0x24 ./Core/Src/freertos.o
                0x0000000008003f70                defaultTask_attributes
 .rodata.event_attributes
                0x0000000008003f94       0x10 ./Core/Src/freertos.o
                0x0000000008003f94                event_attributes
 .rodata.switchesSem_attributes
                0x0000000008003fa4       0x10 ./Core/Src/freertos.o
                0x0000000008003fa4                switchesSem_attributes
 .rodata.AHBPrescTable
                0x0000000008003fb4       0x10 ./Core/Src/system_stm32l4xx.o
                0x0000000008003fb4                AHBPrescTable
 .rodata.APBPrescTable
                0x0000000008003fc4        0x8 ./Core/Src/system_stm32l4xx.o
                0x0000000008003fc4                APBPrescTable
 .rodata.MSIRangeTable
                0x0000000008003fcc       0x30 ./Core/Src/system_stm32l4xx.o
                0x0000000008003fcc                MSIRangeTable
 .rodata.vTaskStartScheduler.str1.1
                0x0000000008003ffc        0x5 ./Middlewares/Third_Party/FreeRTOS/Source/tasks.o
 *fill*         0x0000000008004001        0x3 
 .rodata.__sf_fake_stderr
                0x0000000008004004       0x20 /Applications/STM32CubeIDE.app/Contents/Eclipse/plugins/com.st.stm32cube.ide.mcu.externaltools.gnu-tools-for-stm32.10.3-2021.10.macos64_1.0.100.202210260954/tools/bin/../lib/gcc/arm-none-eabi/10.3.1/../../../../arm-none-eabi/lib/thumb/v7e-m+fp/hard/libc_nano.a(lib_a-findfp.o)
                0x0000000008004004                __sf_fake_stderr
 .rodata.__sf_fake_stdin
                0x0000000008004024       0x20 /Applications/STM32CubeIDE.app/Contents/Eclipse/plugins/com.st.stm32cube.ide.mcu.externaltools.gnu-tools-for-stm32.10.3-2021.10.macos64_1.0.100.202210260954/tools/bin/../lib/gcc/arm-none-eabi/10.3.1/../../../../arm-none-eabi/lib/thumb/v7e-m+fp/hard/libc_nano.a(lib_a-findfp.o)
                0x0000000008004024                __sf_fake_stdin
 .rodata.__sf_fake_stdout
                0x0000000008004044       0x20 /Applications/STM32CubeIDE.app/Contents/Eclipse/plugins/com.st.stm32cube.ide.mcu.externaltools.gnu-tools-for-stm32.10.3-2021.10.macos64_1.0.100.202210260954/tools/bin/../lib/gcc/arm-none-eabi/10.3.1/../../../../arm-none-eabi/lib/thumb/v7e-m+fp/hard/libc_nano.a(lib_a-findfp.o)
                0x0000000008004044                __sf_fake_stdout
                0x0000000008004064                . = ALIGN (0x4)

.rel.dyn        0x0000000008004064        0x0
 .rel.iplt      0x0000000008004064        0x0 /Applications/STM32CubeIDE.app/Contents/Eclipse/plugins/com.st.stm32cube.ide.mcu.externaltools.gnu-tools-for-stm32.10.3-2021.10.macos64_1.0.100.202210260954/tools/bin/../lib/gcc/arm-none-eabi/10.3.1/thumb/v7e-m+fp/hard/crtbegin.o

.ARM.extab      0x0000000008004064        0x0
                0x0000000008004064                . = ALIGN (0x4)
 *(.ARM.extab* .gnu.linkonce.armextab.*)
                0x0000000008004064                . = ALIGN (0x4)

.ARM            0x0000000008004064        0x0
                0x0000000008004064                . = ALIGN (0x4)
                0x0000000008004064                __exidx_start = .
 *(.ARM.exidx*)
                0x0000000008004064                __exidx_end = .
                0x0000000008004064                . = ALIGN (0x4)

.preinit_array  0x0000000008004064        0x0
                0x0000000008004064                . = ALIGN (0x4)
                0x0000000008004064                PROVIDE (__preinit_array_start = .)
 *(.preinit_array*)
                0x0000000008004064                PROVIDE (__preinit_array_end = .)
                0x0000000008004064                . = ALIGN (0x4)

.init_array     0x0000000008004064        0x4
                0x0000000008004064                . = ALIGN (0x4)
                0x0000000008004064                PROVIDE (__init_array_start = .)
 *(SORT_BY_NAME(.init_array.*))
 *(.init_array*)
 .init_array    0x0000000008004064        0x4 /Applications/STM32CubeIDE.app/Contents/Eclipse/plugins/com.st.stm32cube.ide.mcu.externaltools.gnu-tools-for-stm32.10.3-2021.10.macos64_1.0.100.202210260954/tools/bin/../lib/gcc/arm-none-eabi/10.3.1/thumb/v7e-m+fp/hard/crtbegin.o
                0x0000000008004068                PROVIDE (__init_array_end = .)
                0x0000000008004068                . = ALIGN (0x4)

.fini_array     0x0000000008004068        0x4
                0x0000000008004068                . = ALIGN (0x4)
                [!provide]                        PROVIDE (__fini_array_start = .)
 *(SORT_BY_NAME(.fini_array.*))
 *(.fini_array*)
 .fini_array    0x0000000008004068        0x4 /Applications/STM32CubeIDE.app/Contents/Eclipse/plugins/com.st.stm32cube.ide.mcu.externaltools.gnu-tools-for-stm32.10.3-2021.10.macos64_1.0.100.202210260954/tools/bin/../lib/gcc/arm-none-eabi/10.3.1/thumb/v7e-m+fp/hard/crtbegin.o
                [!provide]                        PROVIDE (__fini_array_end = .)
                0x000000000800406c                . = ALIGN (0x4)
                0x000000000800406c                _sidata = LOADADDR (.data)

.data           0x0000000020000000       0x8c load address 0x000000000800406c
                0x0000000020000000                . = ALIGN (0x4)
                0x0000000020000000                _sdata = .
 *(.data)
 *(.data*)
 .data.greenDelay
                0x0000000020000000        0x4 ./Core/Src/freertos.o
                0x0000000020000000                greenDelay
 .data.orangeDelay
                0x0000000020000004        0x4 ./Core/Src/freertos.o
                0x0000000020000004                orangeDelay
 .data.pedestrianDelay
                0x0000000020000008        0x4 ./Core/Src/freertos.o
                0x0000000020000008                pedestrianDelay
 .data.redDelayMax
                0x000000002000000c        0x4 ./Core/Src/freertos.o
                0x000000002000000c                redDelayMax
 .data.toggleFreq
                0x0000000020000010        0x4 ./Core/Src/freertos.o
                0x0000000020000010                toggleFreq
 .data.walkingDelay
                0x0000000020000014        0x4 ./Core/Src/freertos.o
                0x0000000020000014                walkingDelay
 .data.SystemCoreClock
                0x0000000020000018        0x4 ./Core/Src/system_stm32l4xx.o
                0x0000000020000018                SystemCoreClock
 .data.uwTickFreq
                0x000000002000001c        0x1 ./Drivers/STM32L4xx_HAL_Driver/Src/stm32l4xx_hal.o
                0x000000002000001c                uwTickFreq
 *fill*         0x000000002000001d        0x3 
 .data.uwTickPrio
                0x0000000020000020        0x4 ./Drivers/STM32L4xx_HAL_Driver/Src/stm32l4xx_hal.o
                0x0000000020000020                uwTickPrio
 .data.uxCriticalNesting
                0x0000000020000024        0x4 ./Middlewares/Third_Party/FreeRTOS/Source/portable/GCC/ARM_CM4F/port.o
 .data._impure_ptr
                0x0000000020000028        0x4 /Applications/STM32CubeIDE.app/Contents/Eclipse/plugins/com.st.stm32cube.ide.mcu.externaltools.gnu-tools-for-stm32.10.3-2021.10.macos64_1.0.100.202210260954/tools/bin/../lib/gcc/arm-none-eabi/10.3.1/../../../../arm-none-eabi/lib/thumb/v7e-m+fp/hard/libc_nano.a(lib_a-impure.o)
                0x0000000020000028                _impure_ptr
 .data.impure_data
                0x000000002000002c       0x60 /Applications/STM32CubeIDE.app/Contents/Eclipse/plugins/com.st.stm32cube.ide.mcu.externaltools.gnu-tools-for-stm32.10.3-2021.10.macos64_1.0.100.202210260954/tools/bin/../lib/gcc/arm-none-eabi/10.3.1/../../../../arm-none-eabi/lib/thumb/v7e-m+fp/hard/libc_nano.a(lib_a-impure.o)
 *(.RamFunc)
 *(.RamFunc*)
                0x000000002000008c                . = ALIGN (0x4)
                0x000000002000008c                _edata = .

.igot.plt       0x000000002000008c        0x0 load address 0x00000000080040f8
 .igot.plt      0x000000002000008c        0x0 /Applications/STM32CubeIDE.app/Contents/Eclipse/plugins/com.st.stm32cube.ide.mcu.externaltools.gnu-tools-for-stm32.10.3-2021.10.macos64_1.0.100.202210260954/tools/bin/../lib/gcc/arm-none-eabi/10.3.1/thumb/v7e-m+fp/hard/crtbegin.o
                0x000000002000008c                . = ALIGN (0x4)

.bss            0x000000002000008c     0x18cc load address 0x00000000080040f8
                0x000000002000008c                _sbss = .
                0x000000002000008c                __bss_start__ = _sbss
 *(.bss)
 .bss           0x000000002000008c       0x1c /Applications/STM32CubeIDE.app/Contents/Eclipse/plugins/com.st.stm32cube.ide.mcu.externaltools.gnu-tools-for-stm32.10.3-2021.10.macos64_1.0.100.202210260954/tools/bin/../lib/gcc/arm-none-eabi/10.3.1/thumb/v7e-m+fp/hard/crtbegin.o
 *(.bss*)
 .bss.GPIO_Button1Handle
                0x00000000200000a8        0x4 ./Core/Src/freertos.o
                0x00000000200000a8                GPIO_Button1Handle
 .bss.GPIO_Button2Handle
                0x00000000200000ac        0x4 ./Core/Src/freertos.o
                0x00000000200000ac                GPIO_Button2Handle
 .bss.GPIO_State
                0x00000000200000b0        0x1 ./Core/Src/freertos.o
 *fill*         0x00000000200000b1        0x3 
 .bss.GPIO_SwitchesHandle
                0x00000000200000b4        0x4 ./Core/Src/freertos.o
                0x00000000200000b4                GPIO_SwitchesHandle
 .bss.Timer_FuncHandle
                0x00000000200000b8        0x4 ./Core/Src/freertos.o
                0x00000000200000b8                Timer_FuncHandle
 .bss.Waiting_Cars
                0x00000000200000bc        0x1 ./Core/Src/freertos.o
                0x00000000200000bc                Waiting_Cars
 *fill*         0x00000000200000bd        0x3 
 .bss.buttonsSemHandle
                0x00000000200000c0        0x4 ./Core/Src/freertos.o
                0x00000000200000c0                buttonsSemHandle
 .bss.defaultTaskHandle
                0x00000000200000c4        0x4 ./Core/Src/freertos.o
                0x00000000200000c4                defaultTaskHandle
 .bss.eventHandle
                0x00000000200000c8        0x4 ./Core/Src/freertos.o
                0x00000000200000c8                eventHandle
 .bss.state     0x00000000200000cc        0x1 ./Core/Src/freertos.o
 *fill*         0x00000000200000cd        0x3 
 .bss.switchesSemHandle
                0x00000000200000d0        0x4 ./Core/Src/freertos.o
                0x00000000200000d0                switchesSemHandle
 .bss.hspi3     0x00000000200000d4       0x64 ./Core/Src/spi.o
                0x00000000200000d4                hspi3
 .bss.htim1     0x0000000020000138       0x4c ./Core/Src/stm32l4xx_hal_timebase_tim.o
                0x0000000020000138                htim1
 .bss.led       0x0000000020000184        0x4 ./Core/Src/streetFunc.o
                0x0000000020000184                led
 .bss.uwTick    0x0000000020000188        0x4 ./Drivers/STM32L4xx_HAL_Driver/Src/stm32l4xx_hal.o
                0x0000000020000188                uwTick
 .bss.Idle_Stack.2
                0x000000002000018c      0x200 ./Middlewares/Third_Party/FreeRTOS/Source/CMSIS_RTOS_V2/cmsis_os2.o
 .bss.Idle_TCB.3
                0x000000002000038c       0xbc ./Middlewares/Third_Party/FreeRTOS/Source/CMSIS_RTOS_V2/cmsis_os2.o
 .bss.KernelState
                0x0000000020000448        0x4 ./Middlewares/Third_Party/FreeRTOS/Source/CMSIS_RTOS_V2/cmsis_os2.o
 .bss.xQueueRegistry
                0x000000002000044c       0x40 ./Middlewares/Third_Party/FreeRTOS/Source/queue.o
                0x000000002000044c                xQueueRegistry
 .bss.pxCurrentTCB
                0x000000002000048c        0x4 ./Middlewares/Third_Party/FreeRTOS/Source/tasks.o
                0x000000002000048c                pxCurrentTCB
 .bss.pxDelayedTaskList
                0x0000000020000490        0x4 ./Middlewares/Third_Party/FreeRTOS/Source/tasks.o
 .bss.pxOverflowDelayedTaskList
                0x0000000020000494        0x4 ./Middlewares/Third_Party/FreeRTOS/Source/tasks.o
 .bss.pxReadyTasksLists
                0x0000000020000498      0x460 ./Middlewares/Third_Party/FreeRTOS/Source/tasks.o
 .bss.uxCurrentNumberOfTasks
                0x00000000200008f8        0x4 ./Middlewares/Third_Party/FreeRTOS/Source/tasks.o
 .bss.uxDeletedTasksWaitingCleanUp
                0x00000000200008fc        0x4 ./Middlewares/Third_Party/FreeRTOS/Source/tasks.o
 .bss.uxSchedulerSuspended
                0x0000000020000900        0x4 ./Middlewares/Third_Party/FreeRTOS/Source/tasks.o
 .bss.uxTaskNumber
                0x0000000020000904        0x4 ./Middlewares/Third_Party/FreeRTOS/Source/tasks.o
 .bss.uxTopReadyPriority
                0x0000000020000908        0x4 ./Middlewares/Third_Party/FreeRTOS/Source/tasks.o
 .bss.xDelayedTaskList1
                0x000000002000090c       0x14 ./Middlewares/Third_Party/FreeRTOS/Source/tasks.o
 .bss.xDelayedTaskList2
                0x0000000020000920       0x14 ./Middlewares/Third_Party/FreeRTOS/Source/tasks.o
 .bss.xNextTaskUnblockTime
                0x0000000020000934        0x4 ./Middlewares/Third_Party/FreeRTOS/Source/tasks.o
 .bss.xNumOfOverflows
                0x0000000020000938        0x4 ./Middlewares/Third_Party/FreeRTOS/Source/tasks.o
 .bss.xPendedTicks
                0x000000002000093c        0x4 ./Middlewares/Third_Party/FreeRTOS/Source/tasks.o
 .bss.xPendingReadyList
                0x0000000020000940       0x14 ./Middlewares/Third_Party/FreeRTOS/Source/tasks.o
 .bss.xSchedulerRunning
                0x0000000020000954        0x4 ./Middlewares/Third_Party/FreeRTOS/Source/tasks.o
 .bss.xSuspendedTaskList
                0x0000000020000958       0x14 ./Middlewares/Third_Party/FreeRTOS/Source/tasks.o
 .bss.xTasksWaitingTermination
                0x000000002000096c       0x14 ./Middlewares/Third_Party/FreeRTOS/Source/tasks.o
 .bss.xTickCount
                0x0000000020000980        0x4 ./Middlewares/Third_Party/FreeRTOS/Source/tasks.o
 .bss.xYieldPending
                0x0000000020000984        0x4 ./Middlewares/Third_Party/FreeRTOS/Source/tasks.o
 .bss.ucMaxSysCallPriority
                0x0000000020000988        0x1 ./Middlewares/Third_Party/FreeRTOS/Source/portable/GCC/ARM_CM4F/port.o
 *fill*         0x0000000020000989        0x3 
 .bss.ulMaxPRIGROUPValue
                0x000000002000098c        0x4 ./Middlewares/Third_Party/FreeRTOS/Source/portable/GCC/ARM_CM4F/port.o
 .bss.pxEnd     0x0000000020000990        0x4 ./Middlewares/Third_Party/FreeRTOS/Source/portable/MemMang/heap_4.o
 .bss.ucHeap    0x0000000020000994      0xfa0 ./Middlewares/Third_Party/FreeRTOS/Source/portable/MemMang/heap_4.o
 .bss.xBlockAllocatedBit
                0x0000000020001934        0x4 ./Middlewares/Third_Party/FreeRTOS/Source/portable/MemMang/heap_4.o
 .bss.xFreeBytesRemaining
                0x0000000020001938        0x4 ./Middlewares/Third_Party/FreeRTOS/Source/portable/MemMang/heap_4.o
 .bss.xMinimumEverFreeBytesRemaining
                0x000000002000193c        0x4 ./Middlewares/Third_Party/FreeRTOS/Source/portable/MemMang/heap_4.o
 .bss.xNumberOfSuccessfulAllocations
                0x0000000020001940        0x4 ./Middlewares/Third_Party/FreeRTOS/Source/portable/MemMang/heap_4.o
 .bss.xNumberOfSuccessfulFrees
                0x0000000020001944        0x4 ./Middlewares/Third_Party/FreeRTOS/Source/portable/MemMang/heap_4.o
 .bss.xStart    0x0000000020001948        0x8 ./Middlewares/Third_Party/FreeRTOS/Source/portable/MemMang/heap_4.o
 .bss.__lock___malloc_recursive_mutex
                0x0000000020001950        0x1 /Applications/STM32CubeIDE.app/Contents/Eclipse/plugins/com.st.stm32cube.ide.mcu.externaltools.gnu-tools-for-stm32.10.3-2021.10.macos64_1.0.100.202210260954/tools/bin/../lib/gcc/arm-none-eabi/10.3.1/../../../../arm-none-eabi/lib/thumb/v7e-m+fp/hard/libc_nano.a(lib_a-lock.o)
                0x0000000020001950                __lock___malloc_recursive_mutex
 *fill*         0x0000000020001951        0x3 
 .bss.__malloc_free_list
                0x0000000020001954        0x4 /Applications/STM32CubeIDE.app/Contents/Eclipse/plugins/com.st.stm32cube.ide.mcu.externaltools.gnu-tools-for-stm32.10.3-2021.10.macos64_1.0.100.202210260954/tools/bin/../lib/gcc/arm-none-eabi/10.3.1/../../../../arm-none-eabi/lib/thumb/v7e-m+fp/hard/libc_nano.a(lib_a-nano-mallocr.o)
                0x0000000020001954                __malloc_free_list
 *(COMMON)
                0x0000000020001958                . = ALIGN (0x4)
                0x0000000020001958                _ebss = .
                0x0000000020001958                __bss_end__ = _ebss

._user_heap_stack
                0x0000000020001958      0x600 load address 0x00000000080040f8
                0x0000000020001958                . = ALIGN (0x8)
                [!provide]                        PROVIDE (end = .)
                0x0000000020001958                PROVIDE (_end = .)
                0x0000000020001b58                . = (. + _Min_Heap_Size)
 *fill*         0x0000000020001958      0x200 
                0x0000000020001f58                . = (. + _Min_Stack_Size)
 *fill*         0x0000000020001b58      0x400 
                0x0000000020001f58                . = ALIGN (0x8)

/DISCARD/
 libc.a(*)
 libm.a(*)
 libgcc.a(*)

.ARM.attributes
                0x0000000000000000       0x30
 *(.ARM.attributes)
 .ARM.attributes
                0x0000000000000000       0x1e /Applications/STM32CubeIDE.app/Contents/Eclipse/plugins/com.st.stm32cube.ide.mcu.externaltools.gnu-tools-for-stm32.10.3-2021.10.macos64_1.0.100.202210260954/tools/bin/../lib/gcc/arm-none-eabi/10.3.1/thumb/v7e-m+fp/hard/crti.o
 .ARM.attributes
                0x000000000000001e       0x34 /Applications/STM32CubeIDE.app/Contents/Eclipse/plugins/com.st.stm32cube.ide.mcu.externaltools.gnu-tools-for-stm32.10.3-2021.10.macos64_1.0.100.202210260954/tools/bin/../lib/gcc/arm-none-eabi/10.3.1/thumb/v7e-m+fp/hard/crtbegin.o
 .ARM.attributes
                0x0000000000000052       0x34 ./Core/Src/freertos.o
 .ARM.attributes
                0x0000000000000086       0x34 ./Core/Src/gpio.o
 .ARM.attributes
                0x00000000000000ba       0x34 ./Core/Src/main.o
 .ARM.attributes
                0x00000000000000ee       0x34 ./Core/Src/spi.o
 .ARM.attributes
                0x0000000000000122       0x34 ./Core/Src/stm32l4xx_hal_msp.o
 .ARM.attributes
                0x0000000000000156       0x34 ./Core/Src/stm32l4xx_hal_timebase_tim.o
 .ARM.attributes
                0x000000000000018a       0x34 ./Core/Src/stm32l4xx_it.o
 .ARM.attributes
                0x00000000000001be       0x34 ./Core/Src/streetFunc.o
 .ARM.attributes
                0x00000000000001f2       0x34 ./Core/Src/system_stm32l4xx.o
 .ARM.attributes
                0x0000000000000226       0x21 ./Core/Startup/startup_stm32l476rgtx.o
 .ARM.attributes
                0x0000000000000247       0x34 ./Drivers/STM32L4xx_HAL_Driver/Src/stm32l4xx_hal.o
 .ARM.attributes
                0x000000000000027b       0x34 ./Drivers/STM32L4xx_HAL_Driver/Src/stm32l4xx_hal_cortex.o
 .ARM.attributes
                0x00000000000002af       0x34 ./Drivers/STM32L4xx_HAL_Driver/Src/stm32l4xx_hal_gpio.o
 .ARM.attributes
                0x00000000000002e3       0x34 ./Drivers/STM32L4xx_HAL_Driver/Src/stm32l4xx_hal_pwr_ex.o
 .ARM.attributes
                0x0000000000000317       0x34 ./Drivers/STM32L4xx_HAL_Driver/Src/stm32l4xx_hal_rcc.o
 .ARM.attributes
                0x000000000000034b       0x34 ./Drivers/STM32L4xx_HAL_Driver/Src/stm32l4xx_hal_spi.o
 .ARM.attributes
                0x000000000000037f       0x34 ./Drivers/STM32L4xx_HAL_Driver/Src/stm32l4xx_hal_tim.o
 .ARM.attributes
                0x00000000000003b3       0x34 ./Drivers/STM32L4xx_HAL_Driver/Src/stm32l4xx_hal_tim_ex.o
 .ARM.attributes
                0x00000000000003e7       0x34 ./Middlewares/Third_Party/FreeRTOS/Source/CMSIS_RTOS_V2/cmsis_os2.o
 .ARM.attributes
                0x000000000000041b       0x34 ./Middlewares/Third_Party/FreeRTOS/Source/list.o
 .ARM.attributes
                0x000000000000044f       0x34 ./Middlewares/Third_Party/FreeRTOS/Source/queue.o
 .ARM.attributes
                0x0000000000000483       0x34 ./Middlewares/Third_Party/FreeRTOS/Source/tasks.o
 .ARM.attributes
                0x00000000000004b7       0x34 ./Middlewares/Third_Party/FreeRTOS/Source/portable/GCC/ARM_CM4F/port.o
 .ARM.attributes
                0x00000000000004eb       0x34 ./Middlewares/Third_Party/FreeRTOS/Source/portable/MemMang/heap_4.o
 .ARM.attributes
                0x000000000000051f       0x34 /Applications/STM32CubeIDE.app/Contents/Eclipse/plugins/com.st.stm32cube.ide.mcu.externaltools.gnu-tools-for-stm32.10.3-2021.10.macos64_1.0.100.202210260954/tools/bin/../lib/gcc/arm-none-eabi/10.3.1/../../../../arm-none-eabi/lib/thumb/v7e-m+fp/hard/libc_nano.a(lib_a-findfp.o)
 .ARM.attributes
                0x0000000000000553       0x34 /Applications/STM32CubeIDE.app/Contents/Eclipse/plugins/com.st.stm32cube.ide.mcu.externaltools.gnu-tools-for-stm32.10.3-2021.10.macos64_1.0.100.202210260954/tools/bin/../lib/gcc/arm-none-eabi/10.3.1/../../../../arm-none-eabi/lib/thumb/v7e-m+fp/hard/libc_nano.a(lib_a-impure.o)
 .ARM.attributes
                0x0000000000000587       0x34 /Applications/STM32CubeIDE.app/Contents/Eclipse/plugins/com.st.stm32cube.ide.mcu.externaltools.gnu-tools-for-stm32.10.3-2021.10.macos64_1.0.100.202210260954/tools/bin/../lib/gcc/arm-none-eabi/10.3.1/../../../../arm-none-eabi/lib/thumb/v7e-m+fp/hard/libc_nano.a(lib_a-init.o)
 .ARM.attributes
                0x00000000000005bb       0x34 /Applications/STM32CubeIDE.app/Contents/Eclipse/plugins/com.st.stm32cube.ide.mcu.externaltools.gnu-tools-for-stm32.10.3-2021.10.macos64_1.0.100.202210260954/tools/bin/../lib/gcc/arm-none-eabi/10.3.1/../../../../arm-none-eabi/lib/thumb/v7e-m+fp/hard/libc_nano.a(lib_a-lock.o)
 .ARM.attributes
                0x00000000000005ef       0x34 /Applications/STM32CubeIDE.app/Contents/Eclipse/plugins/com.st.stm32cube.ide.mcu.externaltools.gnu-tools-for-stm32.10.3-2021.10.macos64_1.0.100.202210260954/tools/bin/../lib/gcc/arm-none-eabi/10.3.1/../../../../arm-none-eabi/lib/thumb/v7e-m+fp/hard/libc_nano.a(lib_a-memcpy-stub.o)
 .ARM.attributes
                0x0000000000000623       0x34 /Applications/STM32CubeIDE.app/Contents/Eclipse/plugins/com.st.stm32cube.ide.mcu.externaltools.gnu-tools-for-stm32.10.3-2021.10.macos64_1.0.100.202210260954/tools/bin/../lib/gcc/arm-none-eabi/10.3.1/../../../../arm-none-eabi/lib/thumb/v7e-m+fp/hard/libc_nano.a(lib_a-memset.o)
 .ARM.attributes
                0x0000000000000657       0x34 /Applications/STM32CubeIDE.app/Contents/Eclipse/plugins/com.st.stm32cube.ide.mcu.externaltools.gnu-tools-for-stm32.10.3-2021.10.macos64_1.0.100.202210260954/tools/bin/../lib/gcc/arm-none-eabi/10.3.1/../../../../arm-none-eabi/lib/thumb/v7e-m+fp/hard/libc_nano.a(lib_a-nano-mallocr.o)
 .ARM.attributes
                0x000000000000068b       0x34 /Applications/STM32CubeIDE.app/Contents/Eclipse/plugins/com.st.stm32cube.ide.mcu.externaltools.gnu-tools-for-stm32.10.3-2021.10.macos64_1.0.100.202210260954/tools/bin/../lib/gcc/arm-none-eabi/10.3.1/../../../../arm-none-eabi/lib/thumb/v7e-m+fp/hard/libc_nano.a(lib_a-reent.o)
 .ARM.attributes
                0x00000000000006bf       0x34 /Applications/STM32CubeIDE.app/Contents/Eclipse/plugins/com.st.stm32cube.ide.mcu.externaltools.gnu-tools-for-stm32.10.3-2021.10.macos64_1.0.100.202210260954/tools/bin/../lib/gcc/arm-none-eabi/10.3.1/../../../../arm-none-eabi/lib/thumb/v7e-m+fp/hard/libc_nano.a(lib_a-mlock.o)
 .ARM.attributes
                0x00000000000006f3       0x34 /Applications/STM32CubeIDE.app/Contents/Eclipse/plugins/com.st.stm32cube.ide.mcu.externaltools.gnu-tools-for-stm32.10.3-2021.10.macos64_1.0.100.202210260954/tools/bin/../lib/gcc/arm-none-eabi/10.3.1/../../../../arm-none-eabi/lib/thumb/v7e-m+fp/hard/libc_nano.a(lib_a-nano-freer.o)
 .ARM.attributes
                0x0000000000000727       0x1e /Applications/STM32CubeIDE.app/Contents/Eclipse/plugins/com.st.stm32cube.ide.mcu.externaltools.gnu-tools-for-stm32.10.3-2021.10.macos64_1.0.100.202210260954/tools/bin/../lib/gcc/arm-none-eabi/10.3.1/thumb/v7e-m+fp/hard/crtn.o
OUTPUT(street.elf elf32-littlearm)
LOAD linker stubs
LOAD /Applications/STM32CubeIDE.app/Contents/Eclipse/plugins/com.st.stm32cube.ide.mcu.externaltools.gnu-tools-for-stm32.10.3-2021.10.macos64_1.0.100.202210260954/tools/bin/../lib/gcc/arm-none-eabi/10.3.1/../../../../arm-none-eabi/lib/thumb/v7e-m+fp/hard/libc.a
LOAD /Applications/STM32CubeIDE.app/Contents/Eclipse/plugins/com.st.stm32cube.ide.mcu.externaltools.gnu-tools-for-stm32.10.3-2021.10.macos64_1.0.100.202210260954/tools/bin/../lib/gcc/arm-none-eabi/10.3.1/../../../../arm-none-eabi/lib/thumb/v7e-m+fp/hard/libm.a
LOAD /Applications/STM32CubeIDE.app/Contents/Eclipse/plugins/com.st.stm32cube.ide.mcu.externaltools.gnu-tools-for-stm32.10.3-2021.10.macos64_1.0.100.202210260954/tools/bin/../lib/gcc/arm-none-eabi/10.3.1/thumb/v7e-m+fp/hard/libgcc.a

.comment        0x0000000000000000       0x50
 .comment       0x0000000000000000       0x50 ./Core/Src/freertos.o
                                         0x51 (size before relaxing)
 .comment       0x0000000000000050       0x51 ./Core/Src/gpio.o
 .comment       0x0000000000000050       0x51 ./Core/Src/main.o
 .comment       0x0000000000000050       0x51 ./Core/Src/spi.o
 .comment       0x0000000000000050       0x51 ./Core/Src/stm32l4xx_hal_msp.o
 .comment       0x0000000000000050       0x51 ./Core/Src/stm32l4xx_hal_timebase_tim.o
 .comment       0x0000000000000050       0x51 ./Core/Src/stm32l4xx_it.o
 .comment       0x0000000000000050       0x51 ./Core/Src/streetFunc.o
 .comment       0x0000000000000050       0x51 ./Core/Src/system_stm32l4xx.o
 .comment       0x0000000000000050       0x51 ./Drivers/STM32L4xx_HAL_Driver/Src/stm32l4xx_hal.o
 .comment       0x0000000000000050       0x51 ./Drivers/STM32L4xx_HAL_Driver/Src/stm32l4xx_hal_cortex.o
 .comment       0x0000000000000050       0x51 ./Drivers/STM32L4xx_HAL_Driver/Src/stm32l4xx_hal_gpio.o
 .comment       0x0000000000000050       0x51 ./Drivers/STM32L4xx_HAL_Driver/Src/stm32l4xx_hal_pwr_ex.o
 .comment       0x0000000000000050       0x51 ./Drivers/STM32L4xx_HAL_Driver/Src/stm32l4xx_hal_rcc.o
 .comment       0x0000000000000050       0x51 ./Drivers/STM32L4xx_HAL_Driver/Src/stm32l4xx_hal_spi.o
 .comment       0x0000000000000050       0x51 ./Drivers/STM32L4xx_HAL_Driver/Src/stm32l4xx_hal_tim.o
 .comment       0x0000000000000050       0x51 ./Drivers/STM32L4xx_HAL_Driver/Src/stm32l4xx_hal_tim_ex.o
 .comment       0x0000000000000050       0x51 ./Middlewares/Third_Party/FreeRTOS/Source/CMSIS_RTOS_V2/cmsis_os2.o
 .comment       0x0000000000000050       0x51 ./Middlewares/Third_Party/FreeRTOS/Source/list.o
 .comment       0x0000000000000050       0x51 ./Middlewares/Third_Party/FreeRTOS/Source/queue.o
 .comment       0x0000000000000050       0x51 ./Middlewares/Third_Party/FreeRTOS/Source/tasks.o
 .comment       0x0000000000000050       0x51 ./Middlewares/Third_Party/FreeRTOS/Source/portable/GCC/ARM_CM4F/port.o
 .comment       0x0000000000000050       0x51 ./Middlewares/Third_Party/FreeRTOS/Source/portable/MemMang/heap_4.o

.debug_frame    0x0000000000000000      0x380
 .debug_frame   0x0000000000000000      0x14c /Applications/STM32CubeIDE.app/Contents/Eclipse/plugins/com.st.stm32cube.ide.mcu.externaltools.gnu-tools-for-stm32.10.3-2021.10.macos64_1.0.100.202210260954/tools/bin/../lib/gcc/arm-none-eabi/10.3.1/../../../../arm-none-eabi/lib/thumb/v7e-m+fp/hard/libc_nano.a(lib_a-findfp.o)
 .debug_frame   0x000000000000014c       0x2c /Applications/STM32CubeIDE.app/Contents/Eclipse/plugins/com.st.stm32cube.ide.mcu.externaltools.gnu-tools-for-stm32.10.3-2021.10.macos64_1.0.100.202210260954/tools/bin/../lib/gcc/arm-none-eabi/10.3.1/../../../../arm-none-eabi/lib/thumb/v7e-m+fp/hard/libc_nano.a(lib_a-init.o)
 .debug_frame   0x0000000000000178       0xb0 /Applications/STM32CubeIDE.app/Contents/Eclipse/plugins/com.st.stm32cube.ide.mcu.externaltools.gnu-tools-for-stm32.10.3-2021.10.macos64_1.0.100.202210260954/tools/bin/../lib/gcc/arm-none-eabi/10.3.1/../../../../arm-none-eabi/lib/thumb/v7e-m+fp/hard/libc_nano.a(lib_a-lock.o)
 .debug_frame   0x0000000000000228       0x28 /Applications/STM32CubeIDE.app/Contents/Eclipse/plugins/com.st.stm32cube.ide.mcu.externaltools.gnu-tools-for-stm32.10.3-2021.10.macos64_1.0.100.202210260954/tools/bin/../lib/gcc/arm-none-eabi/10.3.1/../../../../arm-none-eabi/lib/thumb/v7e-m+fp/hard/libc_nano.a(lib_a-memcpy-stub.o)
 .debug_frame   0x0000000000000250       0x20 /Applications/STM32CubeIDE.app/Contents/Eclipse/plugins/com.st.stm32cube.ide.mcu.externaltools.gnu-tools-for-stm32.10.3-2021.10.macos64_1.0.100.202210260954/tools/bin/../lib/gcc/arm-none-eabi/10.3.1/../../../../arm-none-eabi/lib/thumb/v7e-m+fp/hard/libc_nano.a(lib_a-memset.o)
 .debug_frame   0x0000000000000270       0x4c /Applications/STM32CubeIDE.app/Contents/Eclipse/plugins/com.st.stm32cube.ide.mcu.externaltools.gnu-tools-for-stm32.10.3-2021.10.macos64_1.0.100.202210260954/tools/bin/../lib/gcc/arm-none-eabi/10.3.1/../../../../arm-none-eabi/lib/thumb/v7e-m+fp/hard/libc_nano.a(lib_a-nano-mallocr.o)
 .debug_frame   0x00000000000002bc       0x5c /Applications/STM32CubeIDE.app/Contents/Eclipse/plugins/com.st.stm32cube.ide.mcu.externaltools.gnu-tools-for-stm32.10.3-2021.10.macos64_1.0.100.202210260954/tools/bin/../lib/gcc/arm-none-eabi/10.3.1/../../../../arm-none-eabi/lib/thumb/v7e-m+fp/hard/libc_nano.a(lib_a-reent.o)
 .debug_frame   0x0000000000000318       0x30 /Applications/STM32CubeIDE.app/Contents/Eclipse/plugins/com.st.stm32cube.ide.mcu.externaltools.gnu-tools-for-stm32.10.3-2021.10.macos64_1.0.100.202210260954/tools/bin/../lib/gcc/arm-none-eabi/10.3.1/../../../../arm-none-eabi/lib/thumb/v7e-m+fp/hard/libc_nano.a(lib_a-mlock.o)
 .debug_frame   0x0000000000000348       0x38 /Applications/STM32CubeIDE.app/Contents/Eclipse/plugins/com.st.stm32cube.ide.mcu.externaltools.gnu-tools-for-stm32.10.3-2021.10.macos64_1.0.100.202210260954/tools/bin/../lib/gcc/arm-none-eabi/10.3.1/../../../../arm-none-eabi/lib/thumb/v7e-m+fp/hard/libc_nano.a(lib_a-nano-freer.o)
