Archive member included to satisfy reference by file (symbol)

/Applications/STM32CubeIDE.app/Contents/Eclipse/plugins/com.st.stm32cube.ide.mcu.externaltools.gnu-tools-for-stm32.10.3-2021.10.macos64_1.0.100.202210260954/tools/bin/../lib/gcc/arm-none-eabi/10.3.1/../../../../arm-none-eabi/lib/thumb/v7e-m+fp/hard/libc_nano.a(lib_a-errno.o)
                              ./Core/Src/syscalls.o (__errno)
/Applications/STM32CubeIDE.app/Contents/Eclipse/plugins/com.st.stm32cube.ide.mcu.externaltools.gnu-tools-for-stm32.10.3-2021.10.macos64_1.0.100.202210260954/tools/bin/../lib/gcc/arm-none-eabi/10.3.1/../../../../arm-none-eabi/lib/thumb/v7e-m+fp/hard/libc_nano.a(lib_a-exit.o)
                              /Applications/STM32CubeIDE.app/Contents/Eclipse/plugins/com.st.stm32cube.ide.mcu.externaltools.gnu-tools-for-stm32.10.3-2021.10.macos64_1.0.100.202210260954/tools/bin/../lib/gcc/arm-none-eabi/10.3.1/../../../../arm-none-eabi/lib/thumb/v7e-m+fp/hard/crt0.o (exit)
/Applications/STM32CubeIDE.app/Contents/Eclipse/plugins/com.st.stm32cube.ide.mcu.externaltools.gnu-tools-for-stm32.10.3-2021.10.macos64_1.0.100.202210260954/tools/bin/../lib/gcc/arm-none-eabi/10.3.1/../../../../arm-none-eabi/lib/thumb/v7e-m+fp/hard/libc_nano.a(lib_a-findfp.o)
                              ./Middlewares/Third_Party/FreeRTOS/Source/tasks.o (__sf_fake_stderr)
/Applications/STM32CubeIDE.app/Contents/Eclipse/plugins/com.st.stm32cube.ide.mcu.externaltools.gnu-tools-for-stm32.10.3-2021.10.macos64_1.0.100.202210260954/tools/bin/../lib/gcc/arm-none-eabi/10.3.1/../../../../arm-none-eabi/lib/thumb/v7e-m+fp/hard/libc_nano.a(lib_a-fwalk.o)
                              /Applications/STM32CubeIDE.app/Contents/Eclipse/plugins/com.st.stm32cube.ide.mcu.externaltools.gnu-tools-for-stm32.10.3-2021.10.macos64_1.0.100.202210260954/tools/bin/../lib/gcc/arm-none-eabi/10.3.1/../../../../arm-none-eabi/lib/thumb/v7e-m+fp/hard/libc_nano.a(lib_a-findfp.o) (_fwalk)
/Applications/STM32CubeIDE.app/Contents/Eclipse/plugins/com.st.stm32cube.ide.mcu.externaltools.gnu-tools-for-stm32.10.3-2021.10.macos64_1.0.100.202210260954/tools/bin/../lib/gcc/arm-none-eabi/10.3.1/../../../../arm-none-eabi/lib/thumb/v7e-m+fp/hard/libc_nano.a(lib_a-impure.o)
                              /Applications/STM32CubeIDE.app/Contents/Eclipse/plugins/com.st.stm32cube.ide.mcu.externaltools.gnu-tools-for-stm32.10.3-2021.10.macos64_1.0.100.202210260954/tools/bin/../lib/gcc/arm-none-eabi/10.3.1/../../../../arm-none-eabi/lib/thumb/v7e-m+fp/hard/libc_nano.a(lib_a-exit.o) (_global_impure_ptr)
/Applications/STM32CubeIDE.app/Contents/Eclipse/plugins/com.st.stm32cube.ide.mcu.externaltools.gnu-tools-for-stm32.10.3-2021.10.macos64_1.0.100.202210260954/tools/bin/../lib/gcc/arm-none-eabi/10.3.1/../../../../arm-none-eabi/lib/thumb/v7e-m+fp/hard/libc_nano.a(lib_a-init.o)
                              /Applications/STM32CubeIDE.app/Contents/Eclipse/plugins/com.st.stm32cube.ide.mcu.externaltools.gnu-tools-for-stm32.10.3-2021.10.macos64_1.0.100.202210260954/tools/bin/../lib/gcc/arm-none-eabi/10.3.1/../../../../arm-none-eabi/lib/thumb/v7e-m+fp/hard/crt0.o (__libc_init_array)
/Applications/STM32CubeIDE.app/Contents/Eclipse/plugins/com.st.stm32cube.ide.mcu.externaltools.gnu-tools-for-stm32.10.3-2021.10.macos64_1.0.100.202210260954/tools/bin/../lib/gcc/arm-none-eabi/10.3.1/../../../../arm-none-eabi/lib/thumb/v7e-m+fp/hard/libc_nano.a(lib_a-lock.o)
                              /Applications/STM32CubeIDE.app/Contents/Eclipse/plugins/com.st.stm32cube.ide.mcu.externaltools.gnu-tools-for-stm32.10.3-2021.10.macos64_1.0.100.202210260954/tools/bin/../lib/gcc/arm-none-eabi/10.3.1/../../../../arm-none-eabi/lib/thumb/v7e-m+fp/hard/libc_nano.a(lib_a-findfp.o) (__retarget_lock_init_recursive)
/Applications/STM32CubeIDE.app/Contents/Eclipse/plugins/com.st.stm32cube.ide.mcu.externaltools.gnu-tools-for-stm32.10.3-2021.10.macos64_1.0.100.202210260954/tools/bin/../lib/gcc/arm-none-eabi/10.3.1/../../../../arm-none-eabi/lib/thumb/v7e-m+fp/hard/libc_nano.a(lib_a-memcpy-stub.o)
                              ./Middlewares/Third_Party/FreeRTOS/Source/CMSIS_RTOS_V2/cmsis_os2.o (memcpy)
/Applications/STM32CubeIDE.app/Contents/Eclipse/plugins/com.st.stm32cube.ide.mcu.externaltools.gnu-tools-for-stm32.10.3-2021.10.macos64_1.0.100.202210260954/tools/bin/../lib/gcc/arm-none-eabi/10.3.1/../../../../arm-none-eabi/lib/thumb/v7e-m+fp/hard/libc_nano.a(lib_a-memset.o)
                              /Applications/STM32CubeIDE.app/Contents/Eclipse/plugins/com.st.stm32cube.ide.mcu.externaltools.gnu-tools-for-stm32.10.3-2021.10.macos64_1.0.100.202210260954/tools/bin/../lib/gcc/arm-none-eabi/10.3.1/../../../../arm-none-eabi/lib/thumb/v7e-m+fp/hard/crt0.o (memset)
/Applications/STM32CubeIDE.app/Contents/Eclipse/plugins/com.st.stm32cube.ide.mcu.externaltools.gnu-tools-for-stm32.10.3-2021.10.macos64_1.0.100.202210260954/tools/bin/../lib/gcc/arm-none-eabi/10.3.1/../../../../arm-none-eabi/lib/thumb/v7e-m+fp/hard/libc_nano.a(lib_a-nano-mallocr.o)
[...]
Memory Configuration

Name             Origin             Length             Attributes
RAM              0x0000000020000000 0x0000000000018000 xrw
RAM2             0x0000000010000000 0x0000000000008000 xrw
FLASH            0x0000000008000000 0x0000000000100000 xr
*default*        0x0000000000000000 0xffffffffffffffff

Linker script and memory map

LOAD /Applications/STM32CubeIDE.app/Contents/Eclipse/plugins/com.st.stm32cube.ide.mcu.externaltools.gnu-tools-for-stm32.10.3-2021.10.macos64_1.0.100.202210260954/tools/bin/../lib/gcc/arm-none-eabi/10.3.1/thumb/v7e-m+fp/hard/crti.o
LOAD /Applications/STM32CubeIDE.app/Contents/Eclipse/plugins/com.st.stm32cube.ide.mcu.externaltools.gnu-tools-for-stm32.10.3-2021.10.macos64_1.0.100.202210260954/tools/bin/../lib/gcc/arm-none-eabi/10.3.1/thumb/v7e-m+fp/hard/crtbegin.o
LOAD /Applications/STM32CubeIDE.app/Contents/Eclipse/plugins/com.st.stm32cube.ide.mcu.externaltools.gnu-tools-for-stm32.10.3-2021.10.macos64_1.0.100.202210260954/tools/bin/../lib/gcc/arm-none-eabi/10.3.1/../../../../arm-none-eabi/lib/thumb/v7e-m+fp/hard/crt0.o
LOAD ./Core/Src/Test.o
LOAD ./Core/Src/freertos.o
LOAD ./Core/Src/gpio.o
LOAD ./Core/Src/main.o
LOAD ./Core/Src/spi.o
LOAD ./Core/Src/stm32l4xx_hal_msp.o
LOAD ./Core/Src/stm32l4xx_hal_timebase_tim.o
LOAD ./Core/Src/stm32l4xx_it.o
LOAD ./Core/Src/streetFunc.o
LOAD ./Core/Src/syscalls.o
LOAD ./Core/Src/sysmem.o
LOAD ./Core/Src/system_stm32l4xx.o
LOAD ./Core/Startup/startup_stm32l476rgtx.o
LOAD ./Drivers/STM32L4xx_HAL_Driver/Src/stm32l4xx_hal.o
LOAD ./Drivers/STM32L4xx_HAL_Driver/Src/stm32l4xx_hal_cortex.o
LOAD ./Drivers/STM32L4xx_HAL_Driver/Src/stm32l4xx_hal_dma.o
LOAD ./Drivers/STM32L4xx_HAL_Driver/Src/stm32l4xx_hal_dma_ex.o
LOAD ./Drivers/STM32L4xx_HAL_Driver/Src/stm32l4xx_hal_exti.o
LOAD ./Drivers/STM32L4xx_HAL_Driver/Src/stm32l4xx_hal_flash.o
LOAD ./Drivers/STM32L4xx_HAL_Driver/Src/stm32l4xx_hal_flash_ex.o
LOAD ./Drivers/STM32L4xx_HAL_Driver/Src/stm32l4xx_hal_flash_ramfunc.o
LOAD ./Drivers/STM32L4xx_HAL_Driver/Src/stm32l4xx_hal_gpio.o
LOAD ./Drivers/STM32L4xx_HAL_Driver/Src/stm32l4xx_hal_i2c.o
LOAD ./Drivers/STM32L4xx_HAL_Driver/Src/stm32l4xx_hal_i2c_ex.o
LOAD ./Drivers/STM32L4xx_HAL_Driver/Src/stm32l4xx_hal_pwr.o
LOAD ./Drivers/STM32L4xx_HAL_Driver/Src/stm32l4xx_hal_pwr_ex.o
LOAD ./Drivers/STM32L4xx_HAL_Driver/Src/stm32l4xx_hal_rcc.o
LOAD ./Drivers/STM32L4xx_HAL_Driver/Src/stm32l4xx_hal_rcc_ex.o
LOAD ./Drivers/STM32L4xx_HAL_Driver/Src/stm32l4xx_hal_spi.o
LOAD ./Drivers/STM32L4xx_HAL_Driver/Src/stm32l4xx_hal_spi_ex.o
LOAD ./Drivers/STM32L4xx_HAL_Driver/Src/stm32l4xx_hal_tim.o
LOAD ./Drivers/STM32L4xx_HAL_Driver/Src/stm32l4xx_hal_tim_ex.o
LOAD ./Middlewares/Third_Party/FreeRTOS/Source/CMSIS_RTOS_V2/cmsis_os2.o
LOAD ./Middlewares/Third_Party/FreeRTOS/Source/croutine.o
LOAD ./Middlewares/Third_Party/FreeRTOS/Source/event_groups.o
LOAD ./Middlewares/Third_Party/FreeRTOS/Source/list.o
LOAD ./Middlewares/Third_Party/FreeRTOS/Source/queue.o
LOAD ./Middlewares/Third_Party/FreeRTOS/Source/stream_buffer.o
LOAD ./Middlewares/Third_Party/FreeRTOS/Source/tasks.o
LOAD ./Middlewares/Third_Party/FreeRTOS/Source/portable/GCC/ARM_CM4F/port.o
LOAD ./Middlewares/Third_Party/FreeRTOS/Source/portable/MemMang/heap_4.o
START GROUP
LOAD /Applications/STM32CubeIDE.app/Contents/Eclipse/plugins/com.st.stm32cube.ide.mcu.externaltools.gnu-tools-for-stm32.10.3-2021.10.macos64_1.0.100.202210260954/tools/bin/../lib/gcc/arm-none-eabi/10.3.1/../../../../arm-none-eabi/lib/thumb/v7e-m+fp/hard/libc_nano.a
LOAD /Applications/STM32CubeIDE.app/Contents/Eclipse/plugins/com.st.stm32cube.ide.mcu.externaltools.gnu-tools-for-stm32.10.3-2021.10.macos64_1.0.100.202210260954/tools/bin/../lib/gcc/arm-none-eabi/10.3.1/../../../../arm-none-eabi/lib/thumb/v7e-m+fp/hard/libm.a
END GROUP
START GROUP
LOAD /Applications/STM32CubeIDE.app/Contents/Eclipse/plugins/com.st.stm32cube.ide.mcu.externaltools.gnu-tools-for-stm32.10.3-2021.10.macos64_1.0.100.202210260954/tools/bin/../lib/gcc/arm-none-eabi/10.3.1/thumb/v7e-m+fp/hard/libgcc.a
LOAD /Applications/STM32CubeIDE.app/Contents/Eclipse/plugins/com.st.stm32cube.ide.mcu.externaltools.gnu-tools-for-stm32.10.3-2021.10.macos64_1.0.100.202210260954/tools/bin/../lib/gcc/arm-none-eabi/10.3.1/../../../../arm-none-eabi/lib/thumb/v7e-m+fp/hard/libc_nano.a
END GROUP
START GROUP
LOAD /Applications/STM32CubeIDE.app/Contents/Eclipse/plugins/com.st.stm32cube.ide.mcu.externaltools.gnu-tools-for-stm32.10.3-2021.10.macos64_1.0.100.202210260954/tools/bin/../lib/gcc/arm-none-eabi/10.3.1/thumb/v7e-m+fp/hard/libgcc.a
LOAD /Applications/STM32CubeIDE.app/Contents/Eclipse/plugins/com.st.stm32cube.ide.mcu.externaltools.gnu-tools-for-stm32.10.3-2021.10.macos64_1.0.100.202210260954/tools/bin/../lib/gcc/arm-none-eabi/10.3.1/../../../../arm-none-eabi/lib/thumb/v7e-m+fp/hard/libc_nano.a
LOAD /Applications/STM32CubeIDE.app/Contents/Eclipse/plugins/com.st.stm32cube.ide.mcu.externaltools.gnu-tools-for-stm32.10.3-2021.10.macos64_1.0.100.202210260954/tools/bin/../lib/gcc/arm-none-eabi/10.3.1/../../../../arm-none-eabi/lib/thumb/v7e-m+fp/hard/libnosys.a
END GROUP
START GROUP
LOAD /Applications/STM32CubeIDE.app/Contents/Eclipse/plugins/com.st.stm32cube.ide.mcu.externaltools.gnu-tools-for-stm32.10.3-2021.10.macos64_1.0.100.202210260954/tools/bin/../lib/gcc/arm-none-eabi/10.3.1/thumb/v7e-m+fp/hard/libgcc.a
LOAD /Applications/STM32CubeIDE.app/Contents/Eclipse/plugins/com.st.stm32cube.ide.mcu.externaltools.gnu-tools-for-stm32.10.3-2021.10.macos64_1.0.100.202210260954/tools/bin/../lib/gcc/arm-none-eabi/10.3.1/../../../../arm-none-eabi/lib/thumb/v7e-m+fp/hard/libc_nano.a
LOAD /Applications/STM32CubeIDE.app/Contents/Eclipse/plugins/com.st.stm32cube.ide.mcu.externaltools.gnu-tools-for-stm32.10.3-2021.10.macos64_1.0.100.202210260954/tools/bin/../lib/gcc/arm-none-eabi/10.3.1/../../../../arm-none-eabi/lib/thumb/v7e-m+fp/hard/libnosys.a
END GROUP
LOAD /Applications/STM32CubeIDE.app/Contents/Eclipse/plugins/com.st.stm32cube.ide.mcu.externaltools.gnu-tools-for-stm32.10.3-2021.10.macos64_1.0.100.202210260954/tools/bin/../lib/gcc/arm-none-eabi/10.3.1/thumb/v7e-m+fp/hard/crtend.o
LOAD /Applications/STM32CubeIDE.app/Contents/Eclipse/plugins/com.st.stm32cube.ide.mcu.externaltools.gnu-tools-for-stm32.10.3-2021.10.macos64_1.0.100.202210260954/tools/bin/../lib/gcc/arm-none-eabi/10.3.1/thumb/v7e-m+fp/hard/crtn.o
                0x0000000020018000                _estack = (ORIGIN (RAM) + LENGTH (RAM))
                0x0000000000000200                _Min_Heap_Size = 0x200
                0x0000000000000400                _Min_Stack_Size = 0x400

.isr_vector     0x0000000008000000      0x188
                0x0000000008000000                . = ALIGN (0x4)
 *(.isr_vector)
 .isr_vector    0x0000000008000000      0x188 ./Core/Startup/startup_stm32l476rgtx.o
                0x0000000008000000                g_pfnVectors
                0x0000000008000188                . = ALIGN (0x4)

.text           0x0000000008000190     0x6270
                0x0000000008000190                . = ALIGN (0x4)
 *(.text)
 .text          0x0000000008000190       0x40 /Applications/STM32CubeIDE.app/Contents/Eclipse/plugins/com.st.stm32cube.ide.mcu.externaltools.gnu-tools-for-stm32.10.3-2021.10.macos64_1.0.100.202210260954/tools/bin/../lib/gcc/arm-none-eabi/10.3.1/thumb/v7e-m+fp/hard/crtbegin.o
 *(.text*)
 .text.MX_FREERTOS_Init
                0x00000000080001d0       0xd8 ./Core/Src/freertos.o
                0x00000000080001d0                MX_FREERTOS_Init
 .text.StartDefaultTask
                0x00000000080002a8       0x88 ./Core/Src/freertos.o
                0x00000000080002a8                StartDefaultTask
 .text.Button_Task1
                0x0000000008000330       0x7c ./Core/Src/freertos.o
                0x0000000008000330                Button_Task1
 .text.Switches
                0x00000000080003ac       0xcc ./Core/Src/freertos.o
                0x00000000080003ac                Switches
 .text.timer    0x0000000008000478       0xc4 ./Core/Src/freertos.o
                0x0000000008000478                timer
 .text.Button_Task2
                0x000000000800053c       0x7c ./Core/Src/freertos.o
                0x000000000800053c                Button_Task2
 .text.Stall_Function
                0x00000000080005b8       0x3c ./Core/Src/freertos.o
                0x00000000080005b8                Stall_Function
 .text.Button1_TimerHandler
                0x00000000080005f4       0xb0 ./Core/Src/freertos.o
                0x00000000080005f4                Button1_TimerHandler
 .text.Button2_TimerHandler
                0x00000000080006a4       0xb0 ./Core/Src/freertos.o
                0x00000000080006a4                Button2_TimerHandler
 .text.MX_GPIO_Init
                0x0000000008000754      0x18c ./Core/Src/gpio.o
                0x0000000008000754                MX_GPIO_Init
 .text.main     0x00000000080008e0       0x44 ./Core/Src/main.o
                0x00000000080008e0                main
 .text.SystemClock_Config
                0x0000000008000924       0xa2 ./Core/Src/main.o
                0x0000000008000924                SystemClock_Config
 *fill*         0x00000000080009c6        0x2 
 .text.HAL_TIM_PeriodElapsedCallback
                0x00000000080009c8       0x24 ./Core/Src/main.o
                0x00000000080009c8                HAL_TIM_PeriodElapsedCallback
 .text.Error_Handler
                0x00000000080009ec        0xa ./Core/Src/main.o
                0x00000000080009ec                Error_Handler
 *fill*         0x00000000080009f6        0x2 
 .text.MX_SPI3_Init
                0x00000000080009f8       0x7c ./Core/Src/spi.o
                0x00000000080009f8                MX_SPI3_Init
 .text.HAL_SPI_MspInit
                0x0000000008000a74       0xc4 ./Core/Src/spi.o
                0x0000000008000a74                HAL_SPI_MspInit
 .text.HAL_MspInit
                0x0000000008000b38       0x50 ./Core/Src/stm32l4xx_hal_msp.o
                0x0000000008000b38                HAL_MspInit
 .text.HAL_InitTick
                0x0000000008000b88       0xdc ./Core/Src/stm32l4xx_hal_timebase_tim.o
                0x0000000008000b88                HAL_InitTick
 .text.NMI_Handler
                0x0000000008000c64        0x6 ./Core/Src/stm32l4xx_it.o
                0x0000000008000c64                NMI_Handler
 .text.HardFault_Handler
                0x0000000008000c6a        0x6 ./Core/Src/stm32l4xx_it.o
                0x0000000008000c6a                HardFault_Handler
 .text.MemManage_Handler
                0x0000000008000c70        0x6 ./Core/Src/stm32l4xx_it.o
                0x0000000008000c70                MemManage_Handler
 .text.BusFault_Handler
                0x0000000008000c76        0x6 ./Core/Src/stm32l4xx_it.o
                0x0000000008000c76                BusFault_Handler
 .text.UsageFault_Handler
                0x0000000008000c7c        0x6 ./Core/Src/stm32l4xx_it.o
                0x0000000008000c7c                UsageFault_Handler
 .text.DebugMon_Handler
                0x0000000008000c82        0xe ./Core/Src/stm32l4xx_it.o
                0x0000000008000c82                DebugMon_Handler
 .text.TIM1_UP_TIM16_IRQHandler
                0x0000000008000c90       0x14 ./Core/Src/stm32l4xx_it.o
                0x0000000008000c90                TIM1_UP_TIM16_IRQHandler
 .text.Led_Clear
                0x0000000008000ca4       0x1c ./Core/Src/streetFunc.o
                0x0000000008000ca4                Led_Clear
 .text.Blue_Clear1
                0x0000000008000cc0       0x20 ./Core/Src/streetFunc.o
                0x0000000008000cc0                Blue_Clear1
 .text.Blue_Clear2
                0x0000000008000ce0       0x20 ./Core/Src/streetFunc.o
                0x0000000008000ce0                Blue_Clear2
 .text.Led_Toggle
                0x0000000008000d00      0x33c ./Core/Src/streetFunc.o
                0x0000000008000d00                Led_Toggle
 .text.Flash_Led
                0x000000000800103c       0x68 ./Core/Src/streetFunc.o
                0x000000000800103c                Flash_Led
 .text.States   0x00000000080010a4      0x13c ./Core/Src/streetFunc.o
                0x00000000080010a4                States
 .text.Crossing_Button2
                0x00000000080011e0       0x20 ./Core/Src/streetFunc.o
                0x00000000080011e0                Crossing_Button2
 .text.Crossing_Button1
                0x0000000008001200       0x20 ./Core/Src/streetFunc.o
                0x0000000008001200                Crossing_Button1
 .text.Car_Vertical
                0x0000000008001220       0x34 ./Core/Src/streetFunc.o
                0x0000000008001220                Car_Vertical
 .text.Car_Horizontal
                0x0000000008001254       0x34 ./Core/Src/streetFunc.o
                0x0000000008001254                Car_Horizontal
 .text.sendSPIdata
                0x0000000008001288       0x44 ./Core/Src/streetFunc.o
                0x0000000008001288                sendSPIdata
 .text.SystemInit
                0x00000000080012cc       0x24 ./Core/Src/system_stm32l4xx.o
                0x00000000080012cc                SystemInit
 .text.Reset_Handler
                0x00000000080012f0       0x50 ./Core/Startup/startup_stm32l476rgtx.o
                0x00000000080012f0                Reset_Handler
 .text.Default_Handler
                0x0000000008001340        0x2 ./Core/Startup/startup_stm32l476rgtx.o
                0x0000000008001340                TIM1_BRK_TIM15_IRQHandler
                0x0000000008001340                EXTI2_IRQHandler
                0x0000000008001340                TIM8_TRG_COM_IRQHandler
                0x0000000008001340                TIM8_CC_IRQHandler
                0x0000000008001340                TIM1_CC_IRQHandler
                0x0000000008001340                TSC_IRQHandler
                0x0000000008001340                TAMP_STAMP_IRQHandler
                0x0000000008001340                EXTI3_IRQHandler
                0x0000000008001340                LPTIM2_IRQHandler
                0x0000000008001340                DFSDM1_FLT1_IRQHandler
                0x0000000008001340                I2C3_ER_IRQHandler
                0x0000000008001340                DFSDM1_FLT2_IRQHandler
                0x0000000008001340                EXTI0_IRQHandler
                0x0000000008001340                I2C2_EV_IRQHandler
                0x0000000008001340                CAN1_RX0_IRQHandler
                0x0000000008001340                FPU_IRQHandler
                0x0000000008001340                ADC1_2_IRQHandler
                0x0000000008001340                SPI1_IRQHandler
                0x0000000008001340                TIM6_DAC_IRQHandler
                0x0000000008001340                TIM8_UP_IRQHandler
                0x0000000008001340                DMA2_Channel2_IRQHandler
                0x0000000008001340                DMA1_Channel4_IRQHandler
                0x0000000008001340                SAI2_IRQHandler
                0x0000000008001340                DFSDM1_FLT3_IRQHandler
                0x0000000008001340                USART3_IRQHandler
                0x0000000008001340                DMA1_Channel7_IRQHandler
                0x0000000008001340                CAN1_RX1_IRQHandler
                0x0000000008001340                LCD_IRQHandler
                0x0000000008001340                UART5_IRQHandler
                0x0000000008001340                ADC3_IRQHandler
                0x0000000008001340                TIM4_IRQHandler
                0x0000000008001340                DMA2_Channel1_IRQHandler
                0x0000000008001340                QUADSPI_IRQHandler
                0x0000000008001340                I2C1_EV_IRQHandler
                0x0000000008001340                DMA1_Channel6_IRQHandler
                0x0000000008001340                UART4_IRQHandler
                0x0000000008001340                DMA2_Channel4_IRQHandler
                0x0000000008001340                TIM3_IRQHandler
                0x0000000008001340                RCC_IRQHandler
                0x0000000008001340                DMA1_Channel1_IRQHandler
                0x0000000008001340                Default_Handler
                0x0000000008001340                DMA2_Channel7_IRQHandler
                0x0000000008001340                EXTI15_10_IRQHandler
                0x0000000008001340                TIM7_IRQHandler
                0x0000000008001340                SDMMC1_IRQHandler
                0x0000000008001340                TIM5_IRQHandler
                0x0000000008001340                I2C3_EV_IRQHandler
                0x0000000008001340                EXTI9_5_IRQHandler
                0x0000000008001340                RTC_WKUP_IRQHandler
                0x0000000008001340                PVD_PVM_IRQHandler
                0x0000000008001340                SPI2_IRQHandler
                0x0000000008001340                CAN1_TX_IRQHandler
                0x0000000008001340                DMA2_Channel5_IRQHandler
                0x0000000008001340                DMA1_Channel5_IRQHandler
                0x0000000008001340                EXTI4_IRQHandler
                0x0000000008001340                RNG_IRQHandler
                0x0000000008001340                TIM1_TRG_COM_TIM17_IRQHandler
                0x0000000008001340                DMA1_Channel3_IRQHandler
                0x0000000008001340                COMP_IRQHandler
                0x0000000008001340                WWDG_IRQHandler
                0x0000000008001340                LPUART1_IRQHandler
                0x0000000008001340                DMA2_Channel6_IRQHandler
                0x0000000008001340                TIM2_IRQHandler
                0x0000000008001340                EXTI1_IRQHandler
                0x0000000008001340                USART2_IRQHandler
                0x0000000008001340                DFSDM1_FLT0_IRQHandler
                0x0000000008001340                I2C2_ER_IRQHandler
                0x0000000008001340                DMA1_Channel2_IRQHandler
                0x0000000008001340                TIM8_BRK_IRQHandler
                0x0000000008001340                CAN1_SCE_IRQHandler
                0x0000000008001340                FLASH_IRQHandler
                0x0000000008001340                USART1_IRQHandler
                0x0000000008001340                OTG_FS_IRQHandler
                0x0000000008001340                SPI3_IRQHandler
                0x0000000008001340                I2C1_ER_IRQHandler
                0x0000000008001340                FMC_IRQHandler
                0x0000000008001340                SWPMI1_IRQHandler
                0x0000000008001340                LPTIM1_IRQHandler
                0x0000000008001340                SAI1_IRQHandler
                0x0000000008001340                DMA2_Channel3_IRQHandler
                0x0000000008001340                RTC_Alarm_IRQHandler
 *fill*         0x0000000008001342        0x2 
 .text.HAL_Init
                0x0000000008001344       0x40 ./Drivers/STM32L4xx_HAL_Driver/Src/stm32l4xx_hal.o
                0x0000000008001344                HAL_Init
 .text.HAL_IncTick
                0x0000000008001384       0x28 ./Drivers/STM32L4xx_HAL_Driver/Src/stm32l4xx_hal.o
                0x0000000008001384                HAL_IncTick
 .text.HAL_GetTick
                0x00000000080013ac       0x18 ./Drivers/STM32L4xx_HAL_Driver/Src/stm32l4xx_hal.o
                0x00000000080013ac                HAL_GetTick
 .text.HAL_Delay
                0x00000000080013c4       0x48 ./Drivers/STM32L4xx_HAL_Driver/Src/stm32l4xx_hal.o
                0x00000000080013c4                HAL_Delay
 .text.__NVIC_SetPriorityGrouping
                0x000000000800140c       0x48 ./Drivers/STM32L4xx_HAL_Driver/Src/stm32l4xx_hal_cortex.o
 .text.__NVIC_GetPriorityGrouping
                0x0000000008001454       0x1c ./Drivers/STM32L4xx_HAL_Driver/Src/stm32l4xx_hal_cortex.o
 .text.__NVIC_EnableIRQ
                0x0000000008001470       0x3c ./Drivers/STM32L4xx_HAL_Driver/Src/stm32l4xx_hal_cortex.o
 .text.__NVIC_SetPriority
                0x00000000080014ac       0x54 ./Drivers/STM32L4xx_HAL_Driver/Src/stm32l4xx_hal_cortex.o
 .text.NVIC_EncodePriority
                0x0000000008001500       0x66 ./Drivers/STM32L4xx_HAL_Driver/Src/stm32l4xx_hal_cortex.o
 .text.HAL_NVIC_SetPriorityGrouping
                0x0000000008001566       0x16 ./Drivers/STM32L4xx_HAL_Driver/Src/stm32l4xx_hal_cortex.o
                0x0000000008001566                HAL_NVIC_SetPriorityGrouping
 .text.HAL_NVIC_SetPriority
                0x000000000800157c       0x38 ./Drivers/STM32L4xx_HAL_Driver/Src/stm32l4xx_hal_cortex.o
                0x000000000800157c                HAL_NVIC_SetPriority
 .text.HAL_NVIC_EnableIRQ
                0x00000000080015b4       0x1c ./Drivers/STM32L4xx_HAL_Driver/Src/stm32l4xx_hal_cortex.o
                0x00000000080015b4                HAL_NVIC_EnableIRQ
 .text.HAL_GPIO_Init
                0x00000000080015d0      0x354 ./Drivers/STM32L4xx_HAL_Driver/Src/stm32l4xx_hal_gpio.o
                0x00000000080015d0                HAL_GPIO_Init
 .text.HAL_GPIO_ReadPin
                0x0000000008001924       0x30 ./Drivers/STM32L4xx_HAL_Driver/Src/stm32l4xx_hal_gpio.o
                0x0000000008001924                HAL_GPIO_ReadPin
 .text.HAL_GPIO_WritePin
                0x0000000008001954       0x30 ./Drivers/STM32L4xx_HAL_Driver/Src/stm32l4xx_hal_gpio.o
                0x0000000008001954                HAL_GPIO_WritePin
 .text.HAL_PWREx_GetVoltageRange
                0x0000000008001984       0x1c ./Drivers/STM32L4xx_HAL_Driver/Src/stm32l4xx_hal_pwr_ex.o
                0x0000000008001984                HAL_PWREx_GetVoltageRange
 .text.HAL_PWREx_ControlVoltageScaling
                0x00000000080019a0       0xac ./Drivers/STM32L4xx_HAL_Driver/Src/stm32l4xx_hal_pwr_ex.o
                0x00000000080019a0                HAL_PWREx_ControlVoltageScaling
 .text.HAL_RCC_OscConfig
                0x0000000008001a4c      0x7b8 ./Drivers/STM32L4xx_HAL_Driver/Src/stm32l4xx_hal_rcc.o
                0x0000000008001a4c                HAL_RCC_OscConfig
 .text.HAL_RCC_ClockConfig
                0x0000000008002204      0x200 ./Drivers/STM32L4xx_HAL_Driver/Src/stm32l4xx_hal_rcc.o
                0x0000000008002204                HAL_RCC_ClockConfig
 .text.HAL_RCC_GetSysClockFreq
                0x0000000008002404      0x118 ./Drivers/STM32L4xx_HAL_Driver/Src/stm32l4xx_hal_rcc.o
                0x0000000008002404                HAL_RCC_GetSysClockFreq
 .text.HAL_RCC_GetHCLKFreq
                0x000000000800251c       0x18 ./Drivers/STM32L4xx_HAL_Driver/Src/stm32l4xx_hal_rcc.o
                0x000000000800251c                HAL_RCC_GetHCLKFreq
 .text.HAL_RCC_GetPCLK2Freq
                0x0000000008002534       0x2c ./Drivers/STM32L4xx_HAL_Driver/Src/stm32l4xx_hal_rcc.o
                0x0000000008002534                HAL_RCC_GetPCLK2Freq
 .text.HAL_RCC_GetClockConfig
                0x0000000008002560       0x64 ./Drivers/STM32L4xx_HAL_Driver/Src/stm32l4xx_hal_rcc.o
                0x0000000008002560                HAL_RCC_GetClockConfig
 .text.RCC_SetFlashLatencyFromMSIRange
                0x00000000080025c4       0xc0 ./Drivers/STM32L4xx_HAL_Driver/Src/stm32l4xx_hal_rcc.o
 .text.HAL_SPI_Init
                0x0000000008002684      0x146 ./Drivers/STM32L4xx_HAL_Driver/Src/stm32l4xx_hal_spi.o
                0x0000000008002684                HAL_SPI_Init
 .text.HAL_SPI_Transmit
                0x00000000080027ca      0x2dc ./Drivers/STM32L4xx_HAL_Driver/Src/stm32l4xx_hal_spi.o
                0x00000000080027ca                HAL_SPI_Transmit
 *fill*         0x0000000008002aa6        0x2 
 .text.SPI_WaitFlagStateUntilTimeout
                0x0000000008002aa8      0x110 ./Drivers/STM32L4xx_HAL_Driver/Src/stm32l4xx_hal_spi.o
 .text.SPI_WaitFifoStateUntilTimeout
                0x0000000008002bb8      0x12c ./Drivers/STM32L4xx_HAL_Driver/Src/stm32l4xx_hal_spi.o
 .text.SPI_EndRxTxTransaction
                0x0000000008002ce4       0x8c ./Drivers/STM32L4xx_HAL_Driver/Src/stm32l4xx_hal_spi.o
 .text.HAL_TIM_Base_Init
                0x0000000008002d70       0xae ./Drivers/STM32L4xx_HAL_Driver/Src/stm32l4xx_hal_tim.o
                0x0000000008002d70                HAL_TIM_Base_Init
 .text.HAL_TIM_Base_MspInit
                0x0000000008002e1e       0x14 ./Drivers/STM32L4xx_HAL_Driver/Src/stm32l4xx_hal_tim.o
                0x0000000008002e1e                HAL_TIM_Base_MspInit
 *fill*         0x0000000008002e32        0x2 
 .text.HAL_TIM_Base_Start_IT
                0x0000000008002e34       0xe0 ./Drivers/STM32L4xx_HAL_Driver/Src/stm32l4xx_hal_tim.o
                0x0000000008002e34                HAL_TIM_Base_Start_IT
 .text.HAL_TIM_IRQHandler
                0x0000000008002f14      0x23e ./Drivers/STM32L4xx_HAL_Driver/Src/stm32l4xx_hal_tim.o
                0x0000000008002f14                HAL_TIM_IRQHandler
 .text.HAL_TIM_OC_DelayElapsedCallback
                0x0000000008003152       0x14 ./Drivers/STM32L4xx_HAL_Driver/Src/stm32l4xx_hal_tim.o
                0x0000000008003152                HAL_TIM_OC_DelayElapsedCallback
 .text.HAL_TIM_IC_CaptureCallback
                0x0000000008003166       0x14 ./Drivers/STM32L4xx_HAL_Driver/Src/stm32l4xx_hal_tim.o
                0x0000000008003166                HAL_TIM_IC_CaptureCallback
 .text.HAL_TIM_PWM_PulseFinishedCallback
                0x000000000800317a       0x14 ./Drivers/STM32L4xx_HAL_Driver/Src/stm32l4xx_hal_tim.o
                0x000000000800317a                HAL_TIM_PWM_PulseFinishedCallback
 .text.HAL_TIM_TriggerCallback
                0x000000000800318e       0x14 ./Drivers/STM32L4xx_HAL_Driver/Src/stm32l4xx_hal_tim.o
                0x000000000800318e                HAL_TIM_TriggerCallback
 *fill*         0x00000000080031a2        0x2 
 .text.TIM_Base_SetConfig
                0x00000000080031a4      0x134 ./Drivers/STM32L4xx_HAL_Driver/Src/stm32l4xx_hal_tim.o
                0x00000000080031a4                TIM_Base_SetConfig
 .text.HAL_TIMEx_CommutCallback
                0x00000000080032d8       0x14 ./Drivers/STM32L4xx_HAL_Driver/Src/stm32l4xx_hal_tim_ex.o
                0x00000000080032d8                HAL_TIMEx_CommutCallback
 .text.HAL_TIMEx_BreakCallback
                0x00000000080032ec       0x14 ./Drivers/STM32L4xx_HAL_Driver/Src/stm32l4xx_hal_tim_ex.o
                0x00000000080032ec                HAL_TIMEx_BreakCallback
 .text.HAL_TIMEx_Break2Callback
                0x0000000008003300       0x14 ./Drivers/STM32L4xx_HAL_Driver/Src/stm32l4xx_hal_tim_ex.o
                0x0000000008003300                HAL_TIMEx_Break2Callback
 .text.__NVIC_SetPriority
                0x0000000008003314       0x54 ./Middlewares/Third_Party/FreeRTOS/Source/CMSIS_RTOS_V2/cmsis_os2.o
 .text.SysTick_Handler
                0x0000000008003368       0x20 ./Middlewares/Third_Party/FreeRTOS/Source/CMSIS_RTOS_V2/cmsis_os2.o
                0x0000000008003368                SysTick_Handler
 .text.SVC_Setup
                0x0000000008003388       0x12 ./Middlewares/Third_Party/FreeRTOS/Source/CMSIS_RTOS_V2/cmsis_os2.o
 *fill*         0x000000000800339a        0x2 
 .text.osKernelInitialize
                0x000000000800339c       0x48 ./Middlewares/Third_Party/FreeRTOS/Source/CMSIS_RTOS_V2/cmsis_os2.o
                0x000000000800339c                osKernelInitialize
 .text.osKernelStart
                0x00000000080033e4       0x4c ./Middlewares/Third_Party/FreeRTOS/Source/CMSIS_RTOS_V2/cmsis_os2.o
                0x00000000080033e4                osKernelStart
 .text.osThreadNew
                0x0000000008003430      0x124 ./Middlewares/Third_Party/FreeRTOS/Source/CMSIS_RTOS_V2/cmsis_os2.o
                0x0000000008003430                osThreadNew
 .text.osMutexNew
                0x0000000008003554      0x10c ./Middlewares/Third_Party/FreeRTOS/Source/CMSIS_RTOS_V2/cmsis_os2.o
                0x0000000008003554                osMutexNew
 .text.osSemaphoreNew
                0x0000000008003660      0x112 ./Middlewares/Third_Party/FreeRTOS/Source/CMSIS_RTOS_V2/cmsis_os2.o
                0x0000000008003660                osSemaphoreNew
 *fill*         0x0000000008003772        0x2 
 .text.osSemaphoreAcquire
                0x0000000008003774       0xa4 ./Middlewares/Third_Party/FreeRTOS/Source/CMSIS_RTOS_V2/cmsis_os2.o
                0x0000000008003774                osSemaphoreAcquire
 .text.osSemaphoreRelease
                0x0000000008003818       0x88 ./Middlewares/Third_Party/FreeRTOS/Source/CMSIS_RTOS_V2/cmsis_os2.o
                0x0000000008003818                osSemaphoreRelease
 .text.vApplicationGetIdleTaskMemory
                0x00000000080038a0       0x34 ./Middlewares/Third_Party/FreeRTOS/Source/CMSIS_RTOS_V2/cmsis_os2.o
                0x00000000080038a0                vApplicationGetIdleTaskMemory
 .text.vListInitialise
                0x00000000080038d4       0x40 ./Middlewares/Third_Party/FreeRTOS/Source/list.o
                0x00000000080038d4                vListInitialise
 .text.vListInitialiseItem
                0x0000000008003914       0x1a ./Middlewares/Third_Party/FreeRTOS/Source/list.o
                0x0000000008003914                vListInitialiseItem
 .text.vListInsertEnd
                0x000000000800392e       0x48 ./Middlewares/Third_Party/FreeRTOS/Source/list.o
                0x000000000800392e                vListInsertEnd
 .text.vListInsert
                0x0000000008003976       0x72 ./Middlewares/Third_Party/FreeRTOS/Source/list.o
                0x0000000008003976                vListInsert
 .text.uxListRemove
                0x00000000080039e8       0x54 ./Middlewares/Third_Party/FreeRTOS/Source/list.o
                0x00000000080039e8                uxListRemove
 .text.xQueueGenericReset
                0x0000000008003a3c       0xd0 ./Middlewares/Third_Party/FreeRTOS/Source/queue.o
                0x0000000008003a3c                xQueueGenericReset
 .text.xQueueGenericCreateStatic
                0x0000000008003b0c       0xf0 ./Middlewares/Third_Party/FreeRTOS/Source/queue.o
                0x0000000008003b0c                xQueueGenericCreateStatic
 .text.xQueueGenericCreate
                0x0000000008003bfc       0x74 ./Middlewares/Third_Party/FreeRTOS/Source/queue.o
                0x0000000008003bfc                xQueueGenericCreate
 .text.prvInitialiseNewQueue
                0x0000000008003c70       0x46 ./Middlewares/Third_Party/FreeRTOS/Source/queue.o
 .text.prvInitialiseMutex
                0x0000000008003cb6       0x34 ./Middlewares/Third_Party/FreeRTOS/Source/queue.o
 .text.xQueueCreateMutex
                0x0000000008003cea       0x30 ./Middlewares/Third_Party/FreeRTOS/Source/queue.o
                0x0000000008003cea                xQueueCreateMutex
 .text.xQueueCreateMutexStatic
                0x0000000008003d1a       0x36 ./Middlewares/Third_Party/FreeRTOS/Source/queue.o
                0x0000000008003d1a                xQueueCreateMutexStatic
 .text.xQueueCreateCountingSemaphoreStatic
                0x0000000008003d50       0x6e ./Middlewares/Third_Party/FreeRTOS/Source/queue.o
                0x0000000008003d50                xQueueCreateCountingSemaphoreStatic
 .text.xQueueCreateCountingSemaphore
                0x0000000008003dbe       0x66 ./Middlewares/Third_Party/FreeRTOS/Source/queue.o
                0x0000000008003dbe                xQueueCreateCountingSemaphore
 .text.xQueueGenericSend
                0x0000000008003e24      0x1fc ./Middlewares/Third_Party/FreeRTOS/Source/queue.o
                0x0000000008003e24                xQueueGenericSend
 .text.xQueueGiveFromISR
                0x0000000008004020      0x11a ./Middlewares/Third_Party/FreeRTOS/Source/queue.o
                0x0000000008004020                xQueueGiveFromISR
 *fill*         0x000000000800413a        0x2 
 .text.xQueueSemaphoreTake
                0x000000000800413c      0x218 ./Middlewares/Third_Party/FreeRTOS/Source/queue.o
                0x000000000800413c                xQueueSemaphoreTake
 .text.xQueueReceiveFromISR
                0x0000000008004354      0x100 ./Middlewares/Third_Party/FreeRTOS/Source/queue.o
                0x0000000008004354                xQueueReceiveFromISR
 .text.vQueueDelete
                0x0000000008004454       0x46 ./Middlewares/Third_Party/FreeRTOS/Source/queue.o
                0x0000000008004454                vQueueDelete
 .text.prvGetDisinheritPriorityAfterTimeout
                0x000000000800449a       0x30 ./Middlewares/Third_Party/FreeRTOS/Source/queue.o
 .text.prvCopyDataToQueue
                0x00000000080044ca       0xd4 ./Middlewares/Third_Party/FreeRTOS/Source/queue.o
 .text.prvCopyDataFromQueue
                0x000000000800459e       0x4c ./Middlewares/Third_Party/FreeRTOS/Source/queue.o
 .text.prvUnlockQueue
                0x00000000080045ea       0xa4 ./Middlewares/Third_Party/FreeRTOS/Source/queue.o
 .text.prvIsQueueEmpty
                0x000000000800468e       0x2c ./Middlewares/Third_Party/FreeRTOS/Source/queue.o
 .text.prvIsQueueFull
                0x00000000080046ba       0x30 ./Middlewares/Third_Party/FreeRTOS/Source/queue.o
 *fill*         0x00000000080046ea        0x2 
 .text.vQueueAddToRegistry
                0x00000000080046ec       0x54 ./Middlewares/Third_Party/FreeRTOS/Source/queue.o
                0x00000000080046ec                vQueueAddToRegistry
 .text.vQueueUnregisterQueue
                0x0000000008004740       0x54 ./Middlewares/Third_Party/FreeRTOS/Source/queue.o
                0x0000000008004740                vQueueUnregisterQueue
 .text.xTaskCreateStatic
                0x0000000008004794       0xba ./Middlewares/Third_Party/FreeRTOS/Source/tasks.o
                0x0000000008004794                xTaskCreateStatic
 .text.xTaskCreate
                0x000000000800484e       0x8a ./Middlewares/Third_Party/FreeRTOS/Source/tasks.o
                0x000000000800484e                xTaskCreate
 .text.prvInitialiseNewTask
                0x00000000080048d8      0x14c ./Middlewares/Third_Party/FreeRTOS/Source/tasks.o
 .text.prvAddNewTaskToReadyList
                0x0000000008004a24       0xe0 ./Middlewares/Third_Party/FreeRTOS/Source/tasks.o
 .text.vTaskDelay
                0x0000000008004b04       0x68 ./Middlewares/Third_Party/FreeRTOS/Source/tasks.o
                0x0000000008004b04                vTaskDelay
 .text.vTaskSuspend
                0x0000000008004b6c       0xec ./Middlewares/Third_Party/FreeRTOS/Source/tasks.o
                0x0000000008004b6c                vTaskSuspend
 .text.prvTaskIsTaskSuspended
                0x0000000008004c58       0x64 ./Middlewares/Third_Party/FreeRTOS/Source/tasks.o
 .text.vTaskResume
                0x0000000008004cbc       0xbc ./Middlewares/Third_Party/FreeRTOS/Source/tasks.o
                0x0000000008004cbc                vTaskResume
 .text.vTaskStartScheduler
                0x0000000008004d78       0xe0 ./Middlewares/Third_Party/FreeRTOS/Source/tasks.o
                0x0000000008004d78                vTaskStartScheduler
 .text.vTaskSuspendAll
                0x0000000008004e58       0x1c ./Middlewares/Third_Party/FreeRTOS/Source/tasks.o
                0x0000000008004e58                vTaskSuspendAll
 .text.xTaskResumeAll
                0x0000000008004e74      0x13c ./Middlewares/Third_Party/FreeRTOS/Source/tasks.o
                0x0000000008004e74                xTaskResumeAll
 .text.xTaskIncrementTick
                0x0000000008004fb0      0x174 ./Middlewares/Third_Party/FreeRTOS/Source/tasks.o
                0x0000000008004fb0                xTaskIncrementTick
 .text.vTaskSwitchContext
                0x0000000008005124       0xc8 ./Middlewares/Third_Party/FreeRTOS/Source/tasks.o
                0x0000000008005124                vTaskSwitchContext
 .text.vTaskPlaceOnEventList
                0x00000000080051ec       0x48 ./Middlewares/Third_Party/FreeRTOS/Source/tasks.o
                0x00000000080051ec                vTaskPlaceOnEventList
 .text.xTaskRemoveFromEventList
                0x0000000008005234       0xc8 ./Middlewares/Third_Party/FreeRTOS/Source/tasks.o
                0x0000000008005234                xTaskRemoveFromEventList
 .text.vTaskInternalSetTimeOutState
                0x00000000080052fc       0x2c ./Middlewares/Third_Party/FreeRTOS/Source/tasks.o
                0x00000000080052fc                vTaskInternalSetTimeOutState
 .text.xTaskCheckForTimeOut
                0x0000000008005328       0xc4 ./Middlewares/Third_Party/FreeRTOS/Source/tasks.o
                0x0000000008005328                xTaskCheckForTimeOut
 .text.vTaskMissedYield
                0x00000000080053ec       0x18 ./Middlewares/Third_Party/FreeRTOS/Source/tasks.o
                0x00000000080053ec                vTaskMissedYield
 .text.prvIdleTask
                0x0000000008005404       0x30 ./Middlewares/Third_Party/FreeRTOS/Source/tasks.o
 .text.prvInitialiseTaskLists
                0x0000000008005434       0x80 ./Middlewares/Third_Party/FreeRTOS/Source/tasks.o
 .text.prvCheckTasksWaitingTermination
                0x00000000080054b4       0x5c ./Middlewares/Third_Party/FreeRTOS/Source/tasks.o
 .text.prvDeleteTCB
                0x0000000008005510       0x68 ./Middlewares/Third_Party/FreeRTOS/Source/tasks.o
 .text.prvResetNextTaskUnblockTime
                0x0000000008005578       0x40 ./Middlewares/Third_Party/FreeRTOS/Source/tasks.o
 .text.xTaskGetSchedulerState
                0x00000000080055b8       0x3c ./Middlewares/Third_Party/FreeRTOS/Source/tasks.o
                0x00000000080055b8                xTaskGetSchedulerState
 .text.xTaskPriorityInherit
                0x00000000080055f4       0xd0 ./Middlewares/Third_Party/FreeRTOS/Source/tasks.o
                0x00000000080055f4                xTaskPriorityInherit
 .text.xTaskPriorityDisinherit
                0x00000000080056c4       0xdc ./Middlewares/Third_Party/FreeRTOS/Source/tasks.o
                0x00000000080056c4                xTaskPriorityDisinherit
 .text.vTaskPriorityDisinheritAfterTimeout
                0x00000000080057a0      0x104 ./Middlewares/Third_Party/FreeRTOS/Source/tasks.o
                0x00000000080057a0                vTaskPriorityDisinheritAfterTimeout
 .text.pvTaskIncrementMutexHeldCount
                0x00000000080058a4       0x28 ./Middlewares/Third_Party/FreeRTOS/Source/tasks.o
                0x00000000080058a4                pvTaskIncrementMutexHeldCount
 .text.prvAddCurrentTaskToDelayedList
                0x00000000080058cc       0xa8 ./Middlewares/Third_Party/FreeRTOS/Source/tasks.o
 .text.pxPortInitialiseStack
                0x0000000008005974       0x68 ./Middlewares/Third_Party/FreeRTOS/Source/portable/GCC/ARM_CM4F/port.o
                0x0000000008005974                pxPortInitialiseStack
 .text.prvTaskExitError
                0x00000000080059dc       0x58 ./Middlewares/Third_Party/FreeRTOS/Source/portable/GCC/ARM_CM4F/port.o
 *fill*         0x0000000008005a34        0xc 
 .text.SVC_Handler
                0x0000000008005a40       0x28 ./Middlewares/Third_Party/FreeRTOS/Source/portable/GCC/ARM_CM4F/port.o
                0x0000000008005a40                SVC_Handler
 .text.prvPortStartFirstTask
                0x0000000008005a68       0x28 ./Middlewares/Third_Party/FreeRTOS/Source/portable/GCC/ARM_CM4F/port.o
 .text.xPortStartScheduler
                0x0000000008005a90      0x144 ./Middlewares/Third_Party/FreeRTOS/Source/portable/GCC/ARM_CM4F/port.o
                0x0000000008005a90                xPortStartScheduler
 .text.vPortEnterCritical
                0x0000000008005bd4       0x60 ./Middlewares/Third_Party/FreeRTOS/Source/portable/GCC/ARM_CM4F/port.o
                0x0000000008005bd4                vPortEnterCritical
 .text.vPortExitCritical
                0x0000000008005c34       0x54 ./Middlewares/Third_Party/FreeRTOS/Source/portable/GCC/ARM_CM4F/port.o
                0x0000000008005c34                vPortExitCritical
 *fill*         0x0000000008005c88        0x8 
 .text.PendSV_Handler
                0x0000000008005c90       0x68 ./Middlewares/Third_Party/FreeRTOS/Source/portable/GCC/ARM_CM4F/port.o
                0x0000000008005c90                PendSV_Handler
 .text.xPortSysTickHandler
                0x0000000008005cf8       0x44 ./Middlewares/Third_Party/FreeRTOS/Source/portable/GCC/ARM_CM4F/port.o
                0x0000000008005cf8                xPortSysTickHandler
 .text.vPortSetupTimerInterrupt
                0x0000000008005d3c       0x48 ./Middlewares/Third_Party/FreeRTOS/Source/portable/GCC/ARM_CM4F/port.o
                0x0000000008005d3c                vPortSetupTimerInterrupt
 .text.vPortEnableVFP
                0x0000000008005d84       0x14 ./Middlewares/Third_Party/FreeRTOS/Source/portable/GCC/ARM_CM4F/port.o
 .text.vPortValidateInterruptPriority
                0x0000000008005d98       0x80 ./Middlewares/Third_Party/FreeRTOS/Source/portable/GCC/ARM_CM4F/port.o
                0x0000000008005d98                vPortValidateInterruptPriority
 .text.pvPortMalloc
                0x0000000008005e18      0x198 ./Middlewares/Third_Party/FreeRTOS/Source/portable/MemMang/heap_4.o
                0x0000000008005e18                pvPortMalloc
 .text.vPortFree
                0x0000000008005fb0       0xc4 ./Middlewares/Third_Party/FreeRTOS/Source/portable/MemMang/heap_4.o
                0x0000000008005fb0                vPortFree
 .text.prvHeapInit
                0x0000000008006074       0xc4 ./Middlewares/Third_Party/FreeRTOS/Source/portable/MemMang/heap_4.o
 .text.prvInsertBlockIntoFreeList
                0x0000000008006138       0xb4 ./Middlewares/Third_Party/FreeRTOS/Source/portable/MemMang/heap_4.o
 .text.__libc_init_array
                0x00000000080061ec       0x48 /Applications/STM32CubeIDE.app/Contents/Eclipse/plugins/com.st.stm32cube.ide.mcu.externaltools.gnu-tools-for-stm32.10.3-2021.10.macos64_1.0.100.202210260954/tools/bin/../lib/gcc/arm-none-eabi/10.3.1/../../../../arm-none-eabi/lib/thumb/v7e-m+fp/hard/libc_nano.a(lib_a-init.o)
                0x00000000080061ec                __libc_init_array
 .text.__retarget_lock_acquire_recursive
                0x0000000008006234        0x2 /Applications/STM32CubeIDE.app/Contents/Eclipse/plugins/com.st.stm32cube.ide.mcu.externaltools.gnu-tools-for-stm32.10.3-2021.10.macos64_1.0.100.202210260954/tools/bin/../lib/gcc/arm-none-eabi/10.3.1/../../../../arm-none-eabi/lib/thumb/v7e-m+fp/hard/libc_nano.a(lib_a-lock.o)
                0x0000000008006234                __retarget_lock_acquire_recursive
 .text.__retarget_lock_release_recursive
                0x0000000008006236        0x2 /Applications/STM32CubeIDE.app/Contents/Eclipse/plugins/com.st.stm32cube.ide.mcu.externaltools.gnu-tools-for-stm32.10.3-2021.10.macos64_1.0.100.202210260954/tools/bin/../lib/gcc/arm-none-eabi/10.3.1/../../../../arm-none-eabi/lib/thumb/v7e-m+fp/hard/libc_nano.a(lib_a-lock.o)
                0x0000000008006236                __retarget_lock_release_recursive
 .text.memcpy   0x0000000008006238       0x1c /Applications/STM32CubeIDE.app/Contents/Eclipse/plugins/com.st.stm32cube.ide.mcu.externaltools.gnu-tools-for-stm32.10.3-2021.10.macos64_1.0.100.202210260954/tools/bin/../lib/gcc/arm-none-eabi/10.3.1/../../../../arm-none-eabi/lib/thumb/v7e-m+fp/hard/libc_nano.a(lib_a-memcpy-stub.o)
                0x0000000008006238                memcpy
 .text.memset   0x0000000008006254       0x10 /Applications/STM32CubeIDE.app/Contents/Eclipse/plugins/com.st.stm32cube.ide.mcu.externaltools.gnu-tools-for-stm32.10.3-2021.10.macos64_1.0.100.202210260954/tools/bin/../lib/gcc/arm-none-eabi/10.3.1/../../../../arm-none-eabi/lib/thumb/v7e-m+fp/hard/libc_nano.a(lib_a-memset.o)
                0x0000000008006254                memset
 .text.cleanup_glue
                0x0000000008006264       0x1a /Applications/STM32CubeIDE.app/Contents/Eclipse/plugins/com.st.stm32cube.ide.mcu.externaltools.gnu-tools-for-stm32.10.3-2021.10.macos64_1.0.100.202210260954/tools/bin/../lib/gcc/arm-none-eabi/10.3.1/../../../../arm-none-eabi/lib/thumb/v7e-m+fp/hard/libc_nano.a(lib_a-reent.o)
                0x0000000008006264                cleanup_glue
 *fill*         0x000000000800627e        0x2 
 .text._reclaim_reent
                0x0000000008006280       0xb8 /Applications/STM32CubeIDE.app/Contents/Eclipse/plugins/com.st.stm32cube.ide.mcu.externaltools.gnu-tools-for-stm32.10.3-2021.10.macos64_1.0.100.202210260954/tools/bin/../lib/gcc/arm-none-eabi/10.3.1/../../../../arm-none-eabi/lib/thumb/v7e-m+fp/hard/libc_nano.a(lib_a-reent.o)
                0x0000000008006280                _reclaim_reent
 .text.__malloc_lock
                0x0000000008006338        0xc /Applications/STM32CubeIDE.app/Contents/Eclipse/plugins/com.st.stm32cube.ide.mcu.externaltools.gnu-tools-for-stm32.10.3-2021.10.macos64_1.0.100.202210260954/tools/bin/../lib/gcc/arm-none-eabi/10.3.1/../../../../arm-none-eabi/lib/thumb/v7e-m+fp/hard/libc_nano.a(lib_a-mlock.o)
                0x0000000008006338                __malloc_lock
 .text.__malloc_unlock
                0x0000000008006344        0xc /Applications/STM32CubeIDE.app/Contents/Eclipse/plugins/com.st.stm32cube.ide.mcu.externaltools.gnu-tools-for-stm32.10.3-2021.10.macos64_1.0.100.202210260954/tools/bin/../lib/gcc/arm-none-eabi/10.3.1/../../../../arm-none-eabi/lib/thumb/v7e-m+fp/hard/libc_nano.a(lib_a-mlock.o)
                0x0000000008006344                __malloc_unlock
 .text._free_r  0x0000000008006350       0x98 /Applications/STM32CubeIDE.app/Contents/Eclipse/plugins/com.st.stm32cube.ide.mcu.externaltools.gnu-tools-for-stm32.10.3-2021.10.macos64_1.0.100.202210260954/tools/bin/../lib/gcc/arm-none-eabi/10.3.1/../../../../arm-none-eabi/lib/thumb/v7e-m+fp/hard/libc_nano.a(lib_a-nano-freer.o)
                0x0000000008006350                _free_r
 *(.glue_7)
 .glue_7        0x00000000080063e8        0x0 linker stubs
 *(.glue_7t)
 .glue_7t       0x00000000080063e8        0x0 linker stubs
 *(.eh_frame)
 .eh_frame      0x00000000080063e8        0x0 /Applications/STM32CubeIDE.app/Contents/Eclipse/plugins/com.st.stm32cube.ide.mcu.externaltools.gnu-tools-for-stm32.10.3-2021.10.macos64_1.0.100.202210260954/tools/bin/../lib/gcc/arm-none-eabi/10.3.1/thumb/v7e-m+fp/hard/crtbegin.o
 *(.init)
 .init          0x00000000080063e8        0x4 /Applications/STM32CubeIDE.app/Contents/Eclipse/plugins/com.st.stm32cube.ide.mcu.externaltools.gnu-tools-for-stm32.10.3-2021.10.macos64_1.0.100.202210260954/tools/bin/../lib/gcc/arm-none-eabi/10.3.1/thumb/v7e-m+fp/hard/crti.o
                0x00000000080063e8                _init
 .init          0x00000000080063ec        0x8 /Applications/STM32CubeIDE.app/Contents/Eclipse/plugins/com.st.stm32cube.ide.mcu.externaltools.gnu-tools-for-stm32.10.3-2021.10.macos64_1.0.100.202210260954/tools/bin/../lib/gcc/arm-none-eabi/10.3.1/thumb/v7e-m+fp/hard/crtn.o
 *(.fini)
 .fini          0x00000000080063f4        0x4 /Applications/STM32CubeIDE.app/Contents/Eclipse/plugins/com.st.stm32cube.ide.mcu.externaltools.gnu-tools-for-stm32.10.3-2021.10.macos64_1.0.100.202210260954/tools/bin/../lib/gcc/arm-none-eabi/10.3.1/thumb/v7e-m+fp/hard/crti.o
                0x00000000080063f4                _fini
 .fini          0x00000000080063f8        0x8 /Applications/STM32CubeIDE.app/Contents/Eclipse/plugins/com.st.stm32cube.ide.mcu.externaltools.gnu-tools-for-stm32.10.3-2021.10.macos64_1.0.100.202210260954/tools/bin/../lib/gcc/arm-none-eabi/10.3.1/thumb/v7e-m+fp/hard/crtn.o
                0x0000000008006400                . = ALIGN (0x4)
                0x0000000008006400                _etext = .

.vfp11_veneer   0x0000000008006400        0x0
 .vfp11_veneer  0x0000000008006400        0x0 linker stubs

.v4_bx          0x0000000008006400        0x0
 .v4_bx         0x0000000008006400        0x0 linker stubs

.iplt           0x0000000008006400        0x0
 .iplt          0x0000000008006400        0x0 /Applications/STM32CubeIDE.app/Contents/Eclipse/plugins/com.st.stm32cube.ide.mcu.externaltools.gnu-tools-for-stm32.10.3-2021.10.macos64_1.0.100.202210260954/tools/bin/../lib/gcc/arm-none-eabi/10.3.1/thumb/v7e-m+fp/hard/crtbegin.o

.rodata         0x0000000008006400      0x1fc
                0x0000000008006400                . = ALIGN (0x4)
 *(.rodata)
 .rodata        0x0000000008006400       0x68 ./Core/Src/freertos.o
 .rodata        0x0000000008006468        0x5 ./Middlewares/Third_Party/FreeRTOS/Source/tasks.o
 *(.rodata*)
 *fill*         0x000000000800646d        0x3 
 .rodata.defaultTask_attributes
                0x0000000008006470       0x24 ./Core/Src/freertos.o
                0x0000000008006470                defaultTask_attributes
 .rodata.GPIO_Button1_attributes
                0x0000000008006494       0x24 ./Core/Src/freertos.o
                0x0000000008006494                GPIO_Button1_attributes
 .rodata.GPIO_Switches_attributes
                0x00000000080064b8       0x24 ./Core/Src/freertos.o
                0x00000000080064b8                GPIO_Switches_attributes
 .rodata.Timer_Func_attributes
                0x00000000080064dc       0x24 ./Core/Src/freertos.o
                0x00000000080064dc                Timer_Func_attributes
 .rodata.GPIO_Button2_attributes
                0x0000000008006500       0x24 ./Core/Src/freertos.o
                0x0000000008006500                GPIO_Button2_attributes
 .rodata.event_attributes
                0x0000000008006524       0x10 ./Core/Src/freertos.o
                0x0000000008006524                event_attributes
 .rodata.buttonsSem_attributes
                0x0000000008006534       0x10 ./Core/Src/freertos.o
                0x0000000008006534                buttonsSem_attributes
 .rodata.switchesSem_attributes
                0x0000000008006544       0x10 ./Core/Src/freertos.o
                0x0000000008006544                switchesSem_attributes
 .rodata.AHBPrescTable
                0x0000000008006554       0x10 ./Core/Src/system_stm32l4xx.o
                0x0000000008006554                AHBPrescTable
 .rodata.APBPrescTable
                0x0000000008006564        0x8 ./Core/Src/system_stm32l4xx.o
                0x0000000008006564                APBPrescTable
 .rodata.MSIRangeTable
                0x000000000800656c       0x30 ./Core/Src/system_stm32l4xx.o
                0x000000000800656c                MSIRangeTable
 .rodata.__sf_fake_stderr
                0x000000000800659c       0x20 /Applications/STM32CubeIDE.app/Contents/Eclipse/plugins/com.st.stm32cube.ide.mcu.externaltools.gnu-tools-for-stm32.10.3-2021.10.macos64_1.0.100.202210260954/tools/bin/../lib/gcc/arm-none-eabi/10.3.1/../../../../arm-none-eabi/lib/thumb/v7e-m+fp/hard/libc_nano.a(lib_a-findfp.o)
                0x000000000800659c                __sf_fake_stderr
 .rodata.__sf_fake_stdin
                0x00000000080065bc       0x20 /Applications/STM32CubeIDE.app/Contents/Eclipse/plugins/com.st.stm32cube.ide.mcu.externaltools.gnu-tools-for-stm32.10.3-2021.10.macos64_1.0.100.202210260954/tools/bin/../lib/gcc/arm-none-eabi/10.3.1/../../../../arm-none-eabi/lib/thumb/v7e-m+fp/hard/libc_nano.a(lib_a-findfp.o)
                0x00000000080065bc                __sf_fake_stdin
 .rodata.__sf_fake_stdout
                0x00000000080065dc       0x20 /Applications/STM32CubeIDE.app/Contents/Eclipse/plugins/com.st.stm32cube.ide.mcu.externaltools.gnu-tools-for-stm32.10.3-2021.10.macos64_1.0.100.202210260954/tools/bin/../lib/gcc/arm-none-eabi/10.3.1/../../../../arm-none-eabi/lib/thumb/v7e-m+fp/hard/libc_nano.a(lib_a-findfp.o)
                0x00000000080065dc                __sf_fake_stdout
                0x00000000080065fc                . = ALIGN (0x4)

.rel.dyn        0x00000000080065fc        0x0
 .rel.iplt      0x00000000080065fc        0x0 /Applications/STM32CubeIDE.app/Contents/Eclipse/plugins/com.st.stm32cube.ide.mcu.externaltools.gnu-tools-for-stm32.10.3-2021.10.macos64_1.0.100.202210260954/tools/bin/../lib/gcc/arm-none-eabi/10.3.1/thumb/v7e-m+fp/hard/crtbegin.o

.ARM.extab      0x00000000080065fc        0x0
                0x00000000080065fc                . = ALIGN (0x4)
 *(.ARM.extab* .gnu.linkonce.armextab.*)
                0x00000000080065fc                . = ALIGN (0x4)

.ARM            0x00000000080065fc        0x0
                0x00000000080065fc                . = ALIGN (0x4)
                0x00000000080065fc                __exidx_start = .
 *(.ARM.exidx*)
                0x00000000080065fc                __exidx_end = .
                0x00000000080065fc                . = ALIGN (0x4)

.preinit_array  0x00000000080065fc        0x0
                0x00000000080065fc                . = ALIGN (0x4)
                0x00000000080065fc                PROVIDE (__preinit_array_start = .)
 *(.preinit_array*)
                0x00000000080065fc                PROVIDE (__preinit_array_end = .)
                0x00000000080065fc                . = ALIGN (0x4)

.init_array     0x00000000080065fc        0x4
                0x00000000080065fc                . = ALIGN (0x4)
                0x00000000080065fc                PROVIDE (__init_array_start = .)
 *(SORT_BY_NAME(.init_array.*))
 *(.init_array*)
 .init_array    0x00000000080065fc        0x4 /Applications/STM32CubeIDE.app/Contents/Eclipse/plugins/com.st.stm32cube.ide.mcu.externaltools.gnu-tools-for-stm32.10.3-2021.10.macos64_1.0.100.202210260954/tools/bin/../lib/gcc/arm-none-eabi/10.3.1/thumb/v7e-m+fp/hard/crtbegin.o
                0x0000000008006600                PROVIDE (__init_array_end = .)
                0x0000000008006600                . = ALIGN (0x4)

.fini_array     0x0000000008006600        0x4
                0x0000000008006600                . = ALIGN (0x4)
                [!provide]                        PROVIDE (__fini_array_start = .)
 *(SORT_BY_NAME(.fini_array.*))
 *(.fini_array*)
 .fini_array    0x0000000008006600        0x4 /Applications/STM32CubeIDE.app/Contents/Eclipse/plugins/com.st.stm32cube.ide.mcu.externaltools.gnu-tools-for-stm32.10.3-2021.10.macos64_1.0.100.202210260954/tools/bin/../lib/gcc/arm-none-eabi/10.3.1/thumb/v7e-m+fp/hard/crtbegin.o
                [!provide]                        PROVIDE (__fini_array_end = .)
                0x0000000008006604                . = ALIGN (0x4)
                0x0000000008006604                _sidata = LOADADDR (.data)

.data           0x0000000020000000       0x8c load address 0x0000000008006604
                0x0000000020000000                . = ALIGN (0x4)
                0x0000000020000000                _sdata = .
 *(.data)
 *(.data*)
 .data.toggleFreq
                0x0000000020000000        0x4 ./Core/Src/freertos.o
                0x0000000020000000                toggleFreq
 .data.pedestrianDelay
                0x0000000020000004        0x4 ./Core/Src/freertos.o
                0x0000000020000004                pedestrianDelay
 .data.walkingDelay
                0x0000000020000008        0x4 ./Core/Src/freertos.o
                0x0000000020000008                walkingDelay
 .data.orangeDelay
                0x000000002000000c        0x4 ./Core/Src/freertos.o
                0x000000002000000c                orangeDelay
 .data.greenDelay
                0x0000000020000010        0x4 ./Core/Src/freertos.o
                0x0000000020000010                greenDelay
 .data.redDelayMax
                0x0000000020000014        0x4 ./Core/Src/freertos.o
                0x0000000020000014                redDelayMax
 .data.SystemCoreClock
                0x0000000020000018        0x4 ./Core/Src/system_stm32l4xx.o
                0x0000000020000018                SystemCoreClock
 .data.uwTickPrio
                0x000000002000001c        0x4 ./Drivers/STM32L4xx_HAL_Driver/Src/stm32l4xx_hal.o
                0x000000002000001c                uwTickPrio
 .data.uwTickFreq
                0x0000000020000020        0x1 ./Drivers/STM32L4xx_HAL_Driver/Src/stm32l4xx_hal.o
                0x0000000020000020                uwTickFreq
 *fill*         0x0000000020000021        0x3 
 .data.uxCriticalNesting
                0x0000000020000024        0x4 ./Middlewares/Third_Party/FreeRTOS/Source/portable/GCC/ARM_CM4F/port.o
 .data._impure_ptr
                0x0000000020000028        0x4 /Applications/STM32CubeIDE.app/Contents/Eclipse/plugins/com.st.stm32cube.ide.mcu.externaltools.gnu-tools-for-stm32.10.3-2021.10.macos64_1.0.100.202210260954/tools/bin/../lib/gcc/arm-none-eabi/10.3.1/../../../../arm-none-eabi/lib/thumb/v7e-m+fp/hard/libc_nano.a(lib_a-impure.o)
                0x0000000020000028                _impure_ptr
 .data.impure_data
                0x000000002000002c       0x60 /Applications/STM32CubeIDE.app/Contents/Eclipse/plugins/com.st.stm32cube.ide.mcu.externaltools.gnu-tools-for-stm32.10.3-2021.10.macos64_1.0.100.202210260954/tools/bin/../lib/gcc/arm-none-eabi/10.3.1/../../../../arm-none-eabi/lib/thumb/v7e-m+fp/hard/libc_nano.a(lib_a-impure.o)
 *(.RamFunc)
 *(.RamFunc*)
                0x000000002000008c                . = ALIGN (0x4)
                0x000000002000008c                _edata = .

.igot.plt       0x000000002000008c        0x0 load address 0x0000000008006690
 .igot.plt      0x000000002000008c        0x0 /Applications/STM32CubeIDE.app/Contents/Eclipse/plugins/com.st.stm32cube.ide.mcu.externaltools.gnu-tools-for-stm32.10.3-2021.10.macos64_1.0.100.202210260954/tools/bin/../lib/gcc/arm-none-eabi/10.3.1/thumb/v7e-m+fp/hard/crtbegin.o
                0x000000002000008c                . = ALIGN (0x4)

.bss            0x000000002000008c     0x18c8 load address 0x0000000008006690
                0x000000002000008c                _sbss = .
                0x000000002000008c                __bss_start__ = _sbss
 *(.bss)
 .bss           0x000000002000008c       0x1c /Applications/STM32CubeIDE.app/Contents/Eclipse/plugins/com.st.stm32cube.ide.mcu.externaltools.gnu-tools-for-stm32.10.3-2021.10.macos64_1.0.100.202210260954/tools/bin/../lib/gcc/arm-none-eabi/10.3.1/thumb/v7e-m+fp/hard/crtbegin.o
 *(.bss*)
 .bss.state     0x00000000200000a8        0x1 ./Core/Src/freertos.o
 .bss.GPIO_State
                0x00000000200000a9        0x1 ./Core/Src/freertos.o
 .bss.Waiting_Cars
                0x00000000200000aa        0x1 ./Core/Src/freertos.o
                0x00000000200000aa                Waiting_Cars
 *fill*         0x00000000200000ab        0x1 
 .bss.defaultTaskHandle
                0x00000000200000ac        0x4 ./Core/Src/freertos.o
                0x00000000200000ac                defaultTaskHandle
 .bss.GPIO_Button1Handle
                0x00000000200000b0        0x4 ./Core/Src/freertos.o
                0x00000000200000b0                GPIO_Button1Handle
 .bss.GPIO_SwitchesHandle
                0x00000000200000b4        0x4 ./Core/Src/freertos.o
                0x00000000200000b4                GPIO_SwitchesHandle
 .bss.Timer_FuncHandle
                0x00000000200000b8        0x4 ./Core/Src/freertos.o
                0x00000000200000b8                Timer_FuncHandle
 .bss.GPIO_Button2Handle
                0x00000000200000bc        0x4 ./Core/Src/freertos.o
                0x00000000200000bc                GPIO_Button2Handle
 .bss.eventHandle
                0x00000000200000c0        0x4 ./Core/Src/freertos.o
                0x00000000200000c0                eventHandle
 .bss.buttonsSemHandle
                0x00000000200000c4        0x4 ./Core/Src/freertos.o
                0x00000000200000c4                buttonsSemHandle
 .bss.switchesSemHandle
                0x00000000200000c8        0x4 ./Core/Src/freertos.o
                0x00000000200000c8                switchesSemHandle
 .bss.hspi3     0x00000000200000cc       0x64 ./Core/Src/spi.o
                0x00000000200000cc                hspi3
 .bss.htim1     0x0000000020000130       0x4c ./Core/Src/stm32l4xx_hal_timebase_tim.o
                0x0000000020000130                htim1
 .bss.led       0x000000002000017c        0x4 ./Core/Src/streetFunc.o
                0x000000002000017c                led
 .bss.uwTick    0x0000000020000180        0x4 ./Drivers/STM32L4xx_HAL_Driver/Src/stm32l4xx_hal.o
                0x0000000020000180                uwTick
 .bss.KernelState
                0x0000000020000184        0x4 ./Middlewares/Third_Party/FreeRTOS/Source/CMSIS_RTOS_V2/cmsis_os2.o
 .bss.Idle_TCB.3
                0x0000000020000188       0xbc ./Middlewares/Third_Party/FreeRTOS/Source/CMSIS_RTOS_V2/cmsis_os2.o
 .bss.Idle_Stack.2
                0x0000000020000244      0x200 ./Middlewares/Third_Party/FreeRTOS/Source/CMSIS_RTOS_V2/cmsis_os2.o
 .bss.xQueueRegistry
                0x0000000020000444       0x40 ./Middlewares/Third_Party/FreeRTOS/Source/queue.o
                0x0000000020000444                xQueueRegistry
 .bss.pxCurrentTCB
                0x0000000020000484        0x4 ./Middlewares/Third_Party/FreeRTOS/Source/tasks.o
                0x0000000020000484                pxCurrentTCB
 .bss.pxReadyTasksLists
                0x0000000020000488      0x460 ./Middlewares/Third_Party/FreeRTOS/Source/tasks.o
 .bss.xDelayedTaskList1
                0x00000000200008e8       0x14 ./Middlewares/Third_Party/FreeRTOS/Source/tasks.o
 .bss.xDelayedTaskList2
                0x00000000200008fc       0x14 ./Middlewares/Third_Party/FreeRTOS/Source/tasks.o
 .bss.pxDelayedTaskList
                0x0000000020000910        0x4 ./Middlewares/Third_Party/FreeRTOS/Source/tasks.o
 .bss.pxOverflowDelayedTaskList
                0x0000000020000914        0x4 ./Middlewares/Third_Party/FreeRTOS/Source/tasks.o
 .bss.xPendingReadyList
                0x0000000020000918       0x14 ./Middlewares/Third_Party/FreeRTOS/Source/tasks.o
 .bss.xTasksWaitingTermination
                0x000000002000092c       0x14 ./Middlewares/Third_Party/FreeRTOS/Source/tasks.o
 .bss.uxDeletedTasksWaitingCleanUp
                0x0000000020000940        0x4 ./Middlewares/Third_Party/FreeRTOS/Source/tasks.o
 .bss.xSuspendedTaskList
                0x0000000020000944       0x14 ./Middlewares/Third_Party/FreeRTOS/Source/tasks.o
 .bss.uxCurrentNumberOfTasks
                0x0000000020000958        0x4 ./Middlewares/Third_Party/FreeRTOS/Source/tasks.o
 .bss.xTickCount
                0x000000002000095c        0x4 ./Middlewares/Third_Party/FreeRTOS/Source/tasks.o
 .bss.uxTopReadyPriority
                0x0000000020000960        0x4 ./Middlewares/Third_Party/FreeRTOS/Source/tasks.o
 .bss.xSchedulerRunning
                0x0000000020000964        0x4 ./Middlewares/Third_Party/FreeRTOS/Source/tasks.o
 .bss.xPendedTicks
                0x0000000020000968        0x4 ./Middlewares/Third_Party/FreeRTOS/Source/tasks.o
 .bss.xYieldPending
                0x000000002000096c        0x4 ./Middlewares/Third_Party/FreeRTOS/Source/tasks.o
 .bss.xNumOfOverflows
                0x0000000020000970        0x4 ./Middlewares/Third_Party/FreeRTOS/Source/tasks.o
 .bss.uxTaskNumber
                0x0000000020000974        0x4 ./Middlewares/Third_Party/FreeRTOS/Source/tasks.o
 .bss.xNextTaskUnblockTime
                0x0000000020000978        0x4 ./Middlewares/Third_Party/FreeRTOS/Source/tasks.o
 .bss.xIdleTaskHandle
                0x000000002000097c        0x4 ./Middlewares/Third_Party/FreeRTOS/Source/tasks.o
 .bss.uxSchedulerSuspended
                0x0000000020000980        0x4 ./Middlewares/Third_Party/FreeRTOS/Source/tasks.o
 .bss.ucMaxSysCallPriority
                0x0000000020000984        0x1 ./Middlewares/Third_Party/FreeRTOS/Source/portable/GCC/ARM_CM4F/port.o
 *fill*         0x0000000020000985        0x3 
 .bss.ulMaxPRIGROUPValue
                0x0000000020000988        0x4 ./Middlewares/Third_Party/FreeRTOS/Source/portable/GCC/ARM_CM4F/port.o
 .bss.ucHeap    0x000000002000098c      0xfa0 ./Middlewares/Third_Party/FreeRTOS/Source/portable/MemMang/heap_4.o
 .bss.xStart    0x000000002000192c        0x8 ./Middlewares/Third_Party/FreeRTOS/Source/portable/MemMang/heap_4.o
 .bss.pxEnd     0x0000000020001934        0x4 ./Middlewares/Third_Party/FreeRTOS/Source/portable/MemMang/heap_4.o
 .bss.xFreeBytesRemaining
                0x0000000020001938        0x4 ./Middlewares/Third_Party/FreeRTOS/Source/portable/MemMang/heap_4.o
 .bss.xMinimumEverFreeBytesRemaining
                0x000000002000193c        0x4 ./Middlewares/Third_Party/FreeRTOS/Source/portable/MemMang/heap_4.o
 .bss.xNumberOfSuccessfulAllocations
                0x0000000020001940        0x4 ./Middlewares/Third_Party/FreeRTOS/Source/portable/MemMang/heap_4.o
 .bss.xNumberOfSuccessfulFrees
                0x0000000020001944        0x4 ./Middlewares/Third_Party/FreeRTOS/Source/portable/MemMang/heap_4.o
 .bss.xBlockAllocatedBit
                0x0000000020001948        0x4 ./Middlewares/Third_Party/FreeRTOS/Source/portable/MemMang/heap_4.o
 .bss.__lock___malloc_recursive_mutex
                0x000000002000194c        0x1 /Applications/STM32CubeIDE.app/Contents/Eclipse/plugins/com.st.stm32cube.ide.mcu.externaltools.gnu-tools-for-stm32.10.3-2021.10.macos64_1.0.100.202210260954/tools/bin/../lib/gcc/arm-none-eabi/10.3.1/../../../../arm-none-eabi/lib/thumb/v7e-m+fp/hard/libc_nano.a(lib_a-lock.o)
                0x000000002000194c                __lock___malloc_recursive_mutex
 *fill*         0x000000002000194d        0x3 
 .bss.__malloc_free_list
                0x0000000020001950        0x4 /Applications/STM32CubeIDE.app/Contents/Eclipse/plugins/com.st.stm32cube.ide.mcu.externaltools.gnu-tools-for-stm32.10.3-2021.10.macos64_1.0.100.202210260954/tools/bin/../lib/gcc/arm-none-eabi/10.3.1/../../../../arm-none-eabi/lib/thumb/v7e-m+fp/hard/libc_nano.a(lib_a-nano-mallocr.o)
                0x0000000020001950                __malloc_free_list
 *(COMMON)
                0x0000000020001954                . = ALIGN (0x4)
                0x0000000020001954                _ebss = .
                0x0000000020001954                __bss_end__ = _ebss

._user_heap_stack
                0x0000000020001954      0x604 load address 0x0000000008006690
                0x0000000020001958                . = ALIGN (0x8)
 *fill*         0x0000000020001954        0x4 
                [!provide]                        PROVIDE (end = .)
                0x0000000020001958                PROVIDE (_end = .)
                0x0000000020001b58                . = (. + _Min_Heap_Size)
 *fill*         0x0000000020001958      0x200 
                0x0000000020001f58                . = (. + _Min_Stack_Size)
 *fill*         0x0000000020001b58      0x400 
                0x0000000020001f58                . = ALIGN (0x8)

/DISCARD/
 libc.a(*)
 libm.a(*)
 libgcc.a(*)

.ARM.attributes
                0x0000000000000000       0x30
 *(.ARM.attributes)
 .ARM.attributes
                0x0000000000000000       0x1e /Applications/STM32CubeIDE.app/Contents/Eclipse/plugins/com.st.stm32cube.ide.mcu.externaltools.gnu-tools-for-stm32.10.3-2021.10.macos64_1.0.100.202210260954/tools/bin/../lib/gcc/arm-none-eabi/10.3.1/thumb/v7e-m+fp/hard/crti.o
 .ARM.attributes
                0x000000000000001e       0x34 /Applications/STM32CubeIDE.app/Contents/Eclipse/plugins/com.st.stm32cube.ide.mcu.externaltools.gnu-tools-for-stm32.10.3-2021.10.macos64_1.0.100.202210260954/tools/bin/../lib/gcc/arm-none-eabi/10.3.1/thumb/v7e-m+fp/hard/crtbegin.o
 .ARM.attributes
                0x0000000000000052       0x34 ./Core/Src/freertos.o
 .ARM.attributes
                0x0000000000000086       0x34 ./Core/Src/gpio.o
 .ARM.attributes
                0x00000000000000ba       0x34 ./Core/Src/main.o
 .ARM.attributes
                0x00000000000000ee       0x34 ./Core/Src/spi.o
 .ARM.attributes
                0x0000000000000122       0x34 ./Core/Src/stm32l4xx_hal_msp.o
 .ARM.attributes
                0x0000000000000156       0x34 ./Core/Src/stm32l4xx_hal_timebase_tim.o
 .ARM.attributes
                0x000000000000018a       0x34 ./Core/Src/stm32l4xx_it.o
 .ARM.attributes
                0x00000000000001be       0x34 ./Core/Src/streetFunc.o
 .ARM.attributes
                0x00000000000001f2       0x34 ./Core/Src/system_stm32l4xx.o
 .ARM.attributes
                0x0000000000000226       0x21 ./Core/Startup/startup_stm32l476rgtx.o
 .ARM.attributes
                0x0000000000000247       0x34 ./Drivers/STM32L4xx_HAL_Driver/Src/stm32l4xx_hal.o
 .ARM.attributes
                0x000000000000027b       0x34 ./Drivers/STM32L4xx_HAL_Driver/Src/stm32l4xx_hal_cortex.o
 .ARM.attributes
                0x00000000000002af       0x34 ./Drivers/STM32L4xx_HAL_Driver/Src/stm32l4xx_hal_gpio.o
 .ARM.attributes
                0x00000000000002e3       0x34 ./Drivers/STM32L4xx_HAL_Driver/Src/stm32l4xx_hal_pwr_ex.o
 .ARM.attributes
                0x0000000000000317       0x34 ./Drivers/STM32L4xx_HAL_Driver/Src/stm32l4xx_hal_rcc.o
 .ARM.attributes
                0x000000000000034b       0x34 ./Drivers/STM32L4xx_HAL_Driver/Src/stm32l4xx_hal_spi.o
 .ARM.attributes
                0x000000000000037f       0x34 ./Drivers/STM32L4xx_HAL_Driver/Src/stm32l4xx_hal_tim.o
 .ARM.attributes
                0x00000000000003b3       0x34 ./Drivers/STM32L4xx_HAL_Driver/Src/stm32l4xx_hal_tim_ex.o
 .ARM.attributes
                0x00000000000003e7       0x34 ./Middlewares/Third_Party/FreeRTOS/Source/CMSIS_RTOS_V2/cmsis_os2.o
 .ARM.attributes
                0x000000000000041b       0x34 ./Middlewares/Third_Party/FreeRTOS/Source/list.o
 .ARM.attributes
                0x000000000000044f       0x34 ./Middlewares/Third_Party/FreeRTOS/Source/queue.o
 .ARM.attributes
                0x0000000000000483       0x34 ./Middlewares/Third_Party/FreeRTOS/Source/tasks.o
 .ARM.attributes
                0x00000000000004b7       0x34 ./Middlewares/Third_Party/FreeRTOS/Source/portable/GCC/ARM_CM4F/port.o
 .ARM.attributes
                0x00000000000004eb       0x34 ./Middlewares/Third_Party/FreeRTOS/Source/portable/MemMang/heap_4.o
 .ARM.attributes
                0x000000000000051f       0x34 /Applications/STM32CubeIDE.app/Contents/Eclipse/plugins/com.st.stm32cube.ide.mcu.externaltools.gnu-tools-for-stm32.10.3-2021.10.macos64_1.0.100.202210260954/tools/bin/../lib/gcc/arm-none-eabi/10.3.1/../../../../arm-none-eabi/lib/thumb/v7e-m+fp/hard/libc_nano.a(lib_a-findfp.o)
 .ARM.attributes
                0x0000000000000553       0x34 /Applications/STM32CubeIDE.app/Contents/Eclipse/plugins/com.st.stm32cube.ide.mcu.externaltools.gnu-tools-for-stm32.10.3-2021.10.macos64_1.0.100.202210260954/tools/bin/../lib/gcc/arm-none-eabi/10.3.1/../../../../arm-none-eabi/lib/thumb/v7e-m+fp/hard/libc_nano.a(lib_a-impure.o)
 .ARM.attributes
                0x0000000000000587       0x34 /Applications/STM32CubeIDE.app/Contents/Eclipse/plugins/com.st.stm32cube.ide.mcu.externaltools.gnu-tools-for-stm32.10.3-2021.10.macos64_1.0.100.202210260954/tools/bin/../lib/gcc/arm-none-eabi/10.3.1/../../../../arm-none-eabi/lib/thumb/v7e-m+fp/hard/libc_nano.a(lib_a-init.o)
 .ARM.attributes
                0x00000000000005bb       0x34 /Applications/STM32CubeIDE.app/Contents/Eclipse/plugins/com.st.stm32cube.ide.mcu.externaltools.gnu-tools-for-stm32.10.3-2021.10.macos64_1.0.100.202210260954/tools/bin/../lib/gcc/arm-none-eabi/10.3.1/../../../../arm-none-eabi/lib/thumb/v7e-m+fp/hard/libc_nano.a(lib_a-lock.o)
 .ARM.attributes
                0x00000000000005ef       0x34 /Applications/STM32CubeIDE.app/Contents/Eclipse/plugins/com.st.stm32cube.ide.mcu.externaltools.gnu-tools-for-stm32.10.3-2021.10.macos64_1.0.100.202210260954/tools/bin/../lib/gcc/arm-none-eabi/10.3.1/../../../../arm-none-eabi/lib/thumb/v7e-m+fp/hard/libc_nano.a(lib_a-memcpy-stub.o)
 .ARM.attributes
                0x0000000000000623       0x34 /Applications/STM32CubeIDE.app/Contents/Eclipse/plugins/com.st.stm32cube.ide.mcu.externaltools.gnu-tools-for-stm32.10.3-2021.10.macos64_1.0.100.202210260954/tools/bin/../lib/gcc/arm-none-eabi/10.3.1/../../../../arm-none-eabi/lib/thumb/v7e-m+fp/hard/libc_nano.a(lib_a-memset.o)
 .ARM.attributes
                0x0000000000000657       0x34 /Applications/STM32CubeIDE.app/Contents/Eclipse/plugins/com.st.stm32cube.ide.mcu.externaltools.gnu-tools-for-stm32.10.3-2021.10.macos64_1.0.100.202210260954/tools/bin/../lib/gcc/arm-none-eabi/10.3.1/../../../../arm-none-eabi/lib/thumb/v7e-m+fp/hard/libc_nano.a(lib_a-nano-mallocr.o)
 .ARM.attributes
                0x000000000000068b       0x34 /Applications/STM32CubeIDE.app/Contents/Eclipse/plugins/com.st.stm32cube.ide.mcu.externaltools.gnu-tools-for-stm32.10.3-2021.10.macos64_1.0.100.202210260954/tools/bin/../lib/gcc/arm-none-eabi/10.3.1/../../../../arm-none-eabi/lib/thumb/v7e-m+fp/hard/libc_nano.a(lib_a-reent.o)
 .ARM.attributes
                0x00000000000006bf       0x34 /Applications/STM32CubeIDE.app/Contents/Eclipse/plugins/com.st.stm32cube.ide.mcu.externaltools.gnu-tools-for-stm32.10.3-2021.10.macos64_1.0.100.202210260954/tools/bin/../lib/gcc/arm-none-eabi/10.3.1/../../../../arm-none-eabi/lib/thumb/v7e-m+fp/hard/libc_nano.a(lib_a-mlock.o)
 .ARM.attributes
                0x00000000000006f3       0x34 /Applications/STM32CubeIDE.app/Contents/Eclipse/plugins/com.st.stm32cube.ide.mcu.externaltools.gnu-tools-for-stm32.10.3-2021.10.macos64_1.0.100.202210260954/tools/bin/../lib/gcc/arm-none-eabi/10.3.1/../../../../arm-none-eabi/lib/thumb/v7e-m+fp/hard/libc_nano.a(lib_a-nano-freer.o)
 .ARM.attributes
                0x0000000000000727       0x1e /Applications/STM32CubeIDE.app/Contents/Eclipse/plugins/com.st.stm32cube.ide.mcu.externaltools.gnu-tools-for-stm32.10.3-2021.10.macos64_1.0.100.202210260954/tools/bin/../lib/gcc/arm-none-eabi/10.3.1/thumb/v7e-m+fp/hard/crtn.o
OUTPUT(street.elf elf32-littlearm)
LOAD linker stubs
LOAD /Applications/STM32CubeIDE.app/Contents/Eclipse/plugins/com.st.stm32cube.ide.mcu.externaltools.gnu-tools-for-stm32.10.3-2021.10.macos64_1.0.100.202210260954/tools/bin/../lib/gcc/arm-none-eabi/10.3.1/../../../../arm-none-eabi/lib/thumb/v7e-m+fp/hard/libc.a
LOAD /Applications/STM32CubeIDE.app/Contents/Eclipse/plugins/com.st.stm32cube.ide.mcu.externaltools.gnu-tools-for-stm32.10.3-2021.10.macos64_1.0.100.202210260954/tools/bin/../lib/gcc/arm-none-eabi/10.3.1/../../../../arm-none-eabi/lib/thumb/v7e-m+fp/hard/libm.a
LOAD /Applications/STM32CubeIDE.app/Contents/Eclipse/plugins/com.st.stm32cube.ide.mcu.externaltools.gnu-tools-for-stm32.10.3-2021.10.macos64_1.0.100.202210260954/tools/bin/../lib/gcc/arm-none-eabi/10.3.1/thumb/v7e-m+fp/hard/libgcc.a

.debug_info     0x0000000000000000    0x17928
 .debug_info    0x0000000000000000      0x8a8 ./Core/Src/freertos.o
 .debug_info    0x00000000000008a8      0x4ef ./Core/Src/gpio.o
 .debug_info    0x0000000000000d97      0xaef ./Core/Src/main.o
 .debug_info    0x0000000000001886      0xa56 ./Core/Src/spi.o
 .debug_info    0x00000000000022dc      0x55c ./Core/Src/stm32l4xx_hal_msp.o
 .debug_info    0x0000000000002838      0xcd0 ./Core/Src/stm32l4xx_hal_timebase_tim.o
 .debug_info    0x0000000000003508      0x725 ./Core/Src/stm32l4xx_it.o
 .debug_info    0x0000000000003c2d      0x901 ./Core/Src/streetFunc.o
 .debug_info    0x000000000000452e      0x5c6 ./Core/Src/system_stm32l4xx.o
 .debug_info    0x0000000000004af4       0x22 ./Core/Startup/startup_stm32l476rgtx.o
 .debug_info    0x0000000000004b16      0xc57 ./Drivers/STM32L4xx_HAL_Driver/Src/stm32l4xx_hal.o
 .debug_info    0x000000000000576d      0xe21 ./Drivers/STM32L4xx_HAL_Driver/Src/stm32l4xx_hal_cortex.o
 .debug_info    0x000000000000658e      0x821 ./Drivers/STM32L4xx_HAL_Driver/Src/stm32l4xx_hal_gpio.o
 .debug_info    0x0000000000006daf      0x9f0 ./Drivers/STM32L4xx_HAL_Driver/Src/stm32l4xx_hal_pwr_ex.o
 .debug_info    0x000000000000779f      0xced ./Drivers/STM32L4xx_HAL_Driver/Src/stm32l4xx_hal_rcc.o
 .debug_info    0x000000000000848c     0x1782 ./Drivers/STM32L4xx_HAL_Driver/Src/stm32l4xx_hal_spi.o
 .debug_info    0x0000000000009c0e     0x2d04 ./Drivers/STM32L4xx_HAL_Driver/Src/stm32l4xx_hal_tim.o
 .debug_info    0x000000000000c912     0x17eb ./Drivers/STM32L4xx_HAL_Driver/Src/stm32l4xx_hal_tim_ex.o
 .debug_info    0x000000000000e0fd     0x4349 ./Middlewares/Third_Party/FreeRTOS/Source/CMSIS_RTOS_V2/cmsis_os2.o
 .debug_info    0x0000000000012446      0x2d1 ./Middlewares/Third_Party/FreeRTOS/Source/list.o
 .debug_info    0x0000000000012717     0x1cbf ./Middlewares/Third_Party/FreeRTOS/Source/queue.o
 .debug_info    0x00000000000143d6     0x2b40 ./Middlewares/Third_Party/FreeRTOS/Source/tasks.o
 .debug_info    0x0000000000016f16      0x507 ./Middlewares/Third_Party/FreeRTOS/Source/portable/GCC/ARM_CM4F/port.o
 .debug_info    0x000000000001741d      0x50b ./Middlewares/Third_Party/FreeRTOS/Source/portable/MemMang/heap_4.o

.debug_abbrev   0x0000000000000000     0x3409
 .debug_abbrev  0x0000000000000000      0x1f5 ./Core/Src/freertos.o
 .debug_abbrev  0x00000000000001f5      0x146 ./Core/Src/gpio.o
 .debug_abbrev  0x000000000000033b      0x237 ./Core/Src/main.o
 .debug_abbrev  0x0000000000000572      0x1e0 ./Core/Src/spi.o
 .debug_abbrev  0x0000000000000752      0x103 ./Core/Src/stm32l4xx_hal_msp.o
 .debug_abbrev  0x0000000000000855      0x1e6 ./Core/Src/stm32l4xx_hal_timebase_tim.o
 .debug_abbrev  0x0000000000000a3b      0x171 ./Core/Src/stm32l4xx_it.o
 .debug_abbrev  0x0000000000000bac      0x23c ./Core/Src/streetFunc.o
 .debug_abbrev  0x0000000000000de8      0x116 ./Core/Src/system_stm32l4xx.o
 .debug_abbrev  0x0000000000000efe       0x12 ./Core/Startup/startup_stm32l476rgtx.o
 .debug_abbrev  0x0000000000000f10      0x23a ./Drivers/STM32L4xx_HAL_Driver/Src/stm32l4xx_hal.o
 .debug_abbrev  0x000000000000114a      0x316 ./Drivers/STM32L4xx_HAL_Driver/Src/stm32l4xx_hal_cortex.o
 .debug_abbrev  0x0000000000001460      0x1bb ./Drivers/STM32L4xx_HAL_Driver/Src/stm32l4xx_hal_gpio.o
 .debug_abbrev  0x000000000000161b      0x1f3 ./Drivers/STM32L4xx_HAL_Driver/Src/stm32l4xx_hal_pwr_ex.o
 .debug_abbrev  0x000000000000180e      0x2bd ./Drivers/STM32L4xx_HAL_Driver/Src/stm32l4xx_hal_rcc.o
 .debug_abbrev  0x0000000000001acb      0x254 ./Drivers/STM32L4xx_HAL_Driver/Src/stm32l4xx_hal_spi.o
 .debug_abbrev  0x0000000000001d1f      0x264 ./Drivers/STM32L4xx_HAL_Driver/Src/stm32l4xx_hal_tim.o
 .debug_abbrev  0x0000000000001f83      0x26c ./Drivers/STM32L4xx_HAL_Driver/Src/stm32l4xx_hal_tim_ex.o
 .debug_abbrev  0x00000000000021ef      0x529 ./Middlewares/Third_Party/FreeRTOS/Source/CMSIS_RTOS_V2/cmsis_os2.o
 .debug_abbrev  0x0000000000002718       0xf2 ./Middlewares/Third_Party/FreeRTOS/Source/list.o
 .debug_abbrev  0x000000000000280a      0x3a1 ./Middlewares/Third_Party/FreeRTOS/Source/queue.o
 .debug_abbrev  0x0000000000002bab      0x3f3 ./Middlewares/Third_Party/FreeRTOS/Source/tasks.o
 .debug_abbrev  0x0000000000002f9e      0x259 ./Middlewares/Third_Party/FreeRTOS/Source/portable/GCC/ARM_CM4F/port.o
 .debug_abbrev  0x00000000000031f7      0x212 ./Middlewares/Third_Party/FreeRTOS/Source/portable/MemMang/heap_4.o

.debug_aranges  0x0000000000000000     0x1538
 .debug_aranges
                0x0000000000000000       0x60 ./Core/Src/freertos.o
 .debug_aranges
                0x0000000000000060       0x20 ./Core/Src/gpio.o
 .debug_aranges
                0x0000000000000080       0x38 ./Core/Src/main.o
 .debug_aranges
                0x00000000000000b8       0x30 ./Core/Src/spi.o
 .debug_aranges
                0x00000000000000e8       0x20 ./Core/Src/stm32l4xx_hal_msp.o
 .debug_aranges
                0x0000000000000108       0x30 ./Core/Src/stm32l4xx_hal_timebase_tim.o
 .debug_aranges
                0x0000000000000138       0x50 ./Core/Src/stm32l4xx_it.o
 .debug_aranges
                0x0000000000000188       0x70 ./Core/Src/streetFunc.o
 .debug_aranges
                0x00000000000001f8       0x28 ./Core/Src/system_stm32l4xx.o
 .debug_aranges
                0x0000000000000220       0x28 ./Core/Startup/startup_stm32l476rgtx.o
 .debug_aranges
                0x0000000000000248      0x130 ./Drivers/STM32L4xx_HAL_Driver/Src/stm32l4xx_hal.o
 .debug_aranges
                0x0000000000000378      0x118 ./Drivers/STM32L4xx_HAL_Driver/Src/stm32l4xx_hal_cortex.o
 .debug_aranges
                0x0000000000000490       0x58 ./Drivers/STM32L4xx_HAL_Driver/Src/stm32l4xx_hal_gpio.o
 .debug_aranges
                0x00000000000004e8      0x160 ./Drivers/STM32L4xx_HAL_Driver/Src/stm32l4xx_hal_pwr_ex.o
 .debug_aranges
                0x0000000000000648       0x90 ./Drivers/STM32L4xx_HAL_Driver/Src/stm32l4xx_hal_rcc.o
 .debug_aranges
                0x00000000000006d8      0x1d8 ./Drivers/STM32L4xx_HAL_Driver/Src/stm32l4xx_hal_spi.o
 .debug_aranges
                0x00000000000008b0      0x3e0 ./Drivers/STM32L4xx_HAL_Driver/Src/stm32l4xx_hal_tim.o
 .debug_aranges
                0x0000000000000c90      0x180 ./Drivers/STM32L4xx_HAL_Driver/Src/stm32l4xx_hal_tim_ex.o
 .debug_aranges
                0x0000000000000e10      0x2b0 ./Middlewares/Third_Party/FreeRTOS/Source/CMSIS_RTOS_V2/cmsis_os2.o
 .debug_aranges
                0x00000000000010c0       0x40 ./Middlewares/Third_Party/FreeRTOS/Source/list.o
 .debug_aranges
                0x0000000000001100      0x158 ./Middlewares/Third_Party/FreeRTOS/Source/queue.o
 .debug_aranges
                0x0000000000001258      0x208 ./Middlewares/Third_Party/FreeRTOS/Source/tasks.o
 .debug_aranges
                0x0000000000001460       0x80 ./Middlewares/Third_Party/FreeRTOS/Source/portable/GCC/ARM_CM4F/port.o
 .debug_aranges
                0x00000000000014e0       0x58 ./Middlewares/Third_Party/FreeRTOS/Source/portable/MemMang/heap_4.o

.debug_ranges   0x0000000000000000     0x13c0
 .debug_ranges  0x0000000000000000       0x50 ./Core/Src/freertos.o
 .debug_ranges  0x0000000000000050       0x10 ./Core/Src/gpio.o
 .debug_ranges  0x0000000000000060       0x28 ./Core/Src/main.o
 .debug_ranges  0x0000000000000088       0x20 ./Core/Src/spi.o
 .debug_ranges  0x00000000000000a8       0x10 ./Core/Src/stm32l4xx_hal_msp.o
 .debug_ranges  0x00000000000000b8       0x20 ./Core/Src/stm32l4xx_hal_timebase_tim.o
 .debug_ranges  0x00000000000000d8       0x40 ./Core/Src/stm32l4xx_it.o
 .debug_ranges  0x0000000000000118       0x60 ./Core/Src/streetFunc.o
 .debug_ranges  0x0000000000000178       0x18 ./Core/Src/system_stm32l4xx.o
 .debug_ranges  0x0000000000000190       0x20 ./Core/Startup/startup_stm32l476rgtx.o
 .debug_ranges  0x00000000000001b0      0x120 ./Drivers/STM32L4xx_HAL_Driver/Src/stm32l4xx_hal.o
 .debug_ranges  0x00000000000002d0      0x108 ./Drivers/STM32L4xx_HAL_Driver/Src/stm32l4xx_hal_cortex.o
 .debug_ranges  0x00000000000003d8       0x48 ./Drivers/STM32L4xx_HAL_Driver/Src/stm32l4xx_hal_gpio.o
 .debug_ranges  0x0000000000000420      0x150 ./Drivers/STM32L4xx_HAL_Driver/Src/stm32l4xx_hal_pwr_ex.o
 .debug_ranges  0x0000000000000570       0x80 ./Drivers/STM32L4xx_HAL_Driver/Src/stm32l4xx_hal_rcc.o
 .debug_ranges  0x00000000000005f0      0x1c8 ./Drivers/STM32L4xx_HAL_Driver/Src/stm32l4xx_hal_spi.o
 .debug_ranges  0x00000000000007b8      0x3d0 ./Drivers/STM32L4xx_HAL_Driver/Src/stm32l4xx_hal_tim.o
 .debug_ranges  0x0000000000000b88      0x170 ./Drivers/STM32L4xx_HAL_Driver/Src/stm32l4xx_hal_tim_ex.o
 .debug_ranges  0x0000000000000cf8      0x2a0 ./Middlewares/Third_Party/FreeRTOS/Source/CMSIS_RTOS_V2/cmsis_os2.o
 .debug_ranges  0x0000000000000f98       0x30 ./Middlewares/Third_Party/FreeRTOS/Source/list.o
 .debug_ranges  0x0000000000000fc8      0x148 ./Middlewares/Third_Party/FreeRTOS/Source/queue.o
 .debug_ranges  0x0000000000001110      0x1f8 ./Middlewares/Third_Party/FreeRTOS/Source/tasks.o
 .debug_ranges  0x0000000000001308       0x70 ./Middlewares/Third_Party/FreeRTOS/Source/portable/GCC/ARM_CM4F/port.o
 .debug_ranges  0x0000000000001378       0x48 ./Middlewares/Third_Party/FreeRTOS/Source/portable/MemMang/heap_4.o

.debug_macro    0x0000000000000000     0x4737
 .debug_macro   0x0000000000000000      0x32d ./Core/Src/freertos.o
 .debug_macro   0x000000000000032d      0x16f ./Core/Src/freertos.o
 .debug_macro   0x000000000000049c      0x15a ./Core/Src/freertos.o
 .debug_macro   0x00000000000005f6       0xc9 ./Core/Src/freertos.o
 .debug_macro   0x00000000000006bf       0x1c ./Core/Src/freertos.o
 .debug_macro   0x00000000000006db       0x26 ./Core/Src/freertos.o
 .debug_macro   0x0000000000000701       0x52 ./Core/Src/freertos.o
 .debug_macro   0x0000000000000753       0x1e ./Core/Src/freertos.o
 .debug_macro   0x0000000000000771       0x3c ./Core/Src/freertos.o
 .debug_macro   0x00000000000007ad       0x34 ./Core/Src/freertos.o
 .debug_macro   0x00000000000007e1       0x16 ./Core/Src/freertos.o
 .debug_macro   0x00000000000007f7       0x43 ./Core/Src/freertos.o
 .debug_macro   0x000000000000083a       0x34 ./Core/Src/freertos.o
 .debug_macro   0x000000000000086e       0x10 ./Core/Src/freertos.o
 .debug_macro   0x000000000000087e       0x58 ./Core/Src/freertos.o
 .debug_macro   0x00000000000008d6       0x71 ./Core/Src/freertos.o
 .debug_macro   0x0000000000000947       0x1c ./Core/Src/freertos.o
 .debug_macro   0x0000000000000963      0x12a ./Core/Src/freertos.o
 .debug_macro   0x0000000000000a8d       0x10 ./Core/Src/freertos.o
 .debug_macro   0x0000000000000a9d       0x35 ./Core/Src/freertos.o
 .debug_macro   0x0000000000000ad2      0x4bf ./Core/Src/freertos.o
 .debug_macro   0x0000000000000f91       0xb5 ./Core/Src/freertos.o
 .debug_macro   0x0000000000001046       0xaa ./Core/Src/freertos.o
 .debug_macro   0x00000000000010f0       0x6c ./Core/Src/freertos.o
 .debug_macro   0x000000000000115c       0x74 ./Core/Src/freertos.o
 .debug_macro   0x00000000000011d0       0xdd ./Core/Src/freertos.o
 .debug_macro   0x00000000000012ad      0x1f3 ./Core/Src/gpio.o
 .debug_macro   0x00000000000014a0      0x34b ./Core/Src/main.o
 .debug_macro   0x00000000000017eb      0x16f ./Core/Src/main.o
 .debug_macro   0x000000000000195a       0x66 ./Core/Src/main.o
 .debug_macro   0x00000000000019c0      0x1f3 ./Core/Src/spi.o
 .debug_macro   0x0000000000001bb3      0x1e9 ./Core/Src/stm32l4xx_hal_msp.o
 .debug_macro   0x0000000000001d9c      0x1da ./Core/Src/stm32l4xx_hal_timebase_tim.o
 .debug_macro   0x0000000000001f76      0x1f3 ./Core/Src/stm32l4xx_it.o
 .debug_macro   0x0000000000002169      0x210 ./Core/Src/streetFunc.o
 .debug_macro   0x0000000000002379      0x1da ./Core/Src/system_stm32l4xx.o
 .debug_macro   0x0000000000002553      0x228 ./Drivers/STM32L4xx_HAL_Driver/Src/stm32l4xx_hal.o
 .debug_macro   0x000000000000277b      0x1da ./Drivers/STM32L4xx_HAL_Driver/Src/stm32l4xx_hal_cortex.o
 .debug_macro   0x0000000000002955      0x1e1 ./Drivers/STM32L4xx_HAL_Driver/Src/stm32l4xx_hal_gpio.o
 .debug_macro   0x0000000000002b36      0x1fe ./Drivers/STM32L4xx_HAL_Driver/Src/stm32l4xx_hal_pwr_ex.o
 .debug_macro   0x0000000000002d34      0x21c ./Drivers/STM32L4xx_HAL_Driver/Src/stm32l4xx_hal_rcc.o
 .debug_macro   0x0000000000002f50      0x1e2 ./Drivers/STM32L4xx_HAL_Driver/Src/stm32l4xx_hal_spi.o
 .debug_macro   0x0000000000003132      0x1db ./Drivers/STM32L4xx_HAL_Driver/Src/stm32l4xx_hal_tim.o
 .debug_macro   0x000000000000330d      0x1da ./Drivers/STM32L4xx_HAL_Driver/Src/stm32l4xx_hal_tim_ex.o
 .debug_macro   0x00000000000034e7      0x3e3 ./Middlewares/Third_Party/FreeRTOS/Source/CMSIS_RTOS_V2/cmsis_os2.o
 .debug_macro   0x00000000000038ca       0x10 ./Middlewares/Third_Party/FreeRTOS/Source/CMSIS_RTOS_V2/cmsis_os2.o
 .debug_macro   0x00000000000038da       0x20 ./Middlewares/Third_Party/FreeRTOS/Source/CMSIS_RTOS_V2/cmsis_os2.o
 .debug_macro   0x00000000000038fa       0x10 ./Middlewares/Third_Party/FreeRTOS/Source/CMSIS_RTOS_V2/cmsis_os2.o
 .debug_macro   0x000000000000390a       0xf5 ./Middlewares/Third_Party/FreeRTOS/Source/CMSIS_RTOS_V2/cmsis_os2.o
 .debug_macro   0x00000000000039ff       0x16 ./Middlewares/Third_Party/FreeRTOS/Source/CMSIS_RTOS_V2/cmsis_os2.o
 .debug_macro   0x0000000000003a15       0x91 ./Middlewares/Third_Party/FreeRTOS/Source/CMSIS_RTOS_V2/cmsis_os2.o
 .debug_macro   0x0000000000003aa6       0x8d ./Middlewares/Third_Party/FreeRTOS/Source/CMSIS_RTOS_V2/cmsis_os2.o
 .debug_macro   0x0000000000003b33       0x9a ./Middlewares/Third_Party/FreeRTOS/Source/CMSIS_RTOS_V2/cmsis_os2.o
 .debug_macro   0x0000000000003bcd       0x22 ./Middlewares/Third_Party/FreeRTOS/Source/CMSIS_RTOS_V2/cmsis_os2.o
 .debug_macro   0x0000000000003bef       0x56 ./Middlewares/Third_Party/FreeRTOS/Source/CMSIS_RTOS_V2/cmsis_os2.o
 .debug_macro   0x0000000000003c45      0x199 ./Middlewares/Third_Party/FreeRTOS/Source/list.o
 .debug_macro   0x0000000000003dde      0x228 ./Middlewares/Third_Party/FreeRTOS/Source/queue.o
 .debug_macro   0x0000000000004006       0x16 ./Middlewares/Third_Party/FreeRTOS/Source/queue.o
 .debug_macro   0x000000000000401c       0x87 ./Middlewares/Third_Party/FreeRTOS/Source/queue.o
 .debug_macro   0x00000000000040a3      0x291 ./Middlewares/Third_Party/FreeRTOS/Source/tasks.o
 .debug_macro   0x0000000000004334       0x10 ./Middlewares/Third_Party/FreeRTOS/Source/tasks.o
 .debug_macro   0x0000000000004344      0x233 ./Middlewares/Third_Party/FreeRTOS/Source/portable/GCC/ARM_CM4F/port.o
 .debug_macro   0x0000000000004577      0x1c0 ./Middlewares/Third_Party/FreeRTOS/Source/portable/MemMang/heap_4.o

.debug_line     0x0000000000000000    0x17a7a
 .debug_line    0x0000000000000000      0xcac ./Core/Src/freertos.o
 .debug_line    0x0000000000000cac      0x77d ./Core/Src/gpio.o
 .debug_line    0x0000000000001429      0xa88 ./Core/Src/main.o
 .debug_line    0x0000000000001eb1      0x7aa ./Core/Src/spi.o
 .debug_line    0x000000000000265b      0x720 ./Core/Src/stm32l4xx_hal_msp.o
 .debug_line    0x0000000000002d7b      0x78a ./Core/Src/stm32l4xx_hal_timebase_tim.o
 .debug_line    0x0000000000003505      0x7bc ./Core/Src/stm32l4xx_it.o
 .debug_line    0x0000000000003cc1      0x9c6 ./Core/Src/streetFunc.o
 .debug_line    0x0000000000004687      0x7b7 ./Core/Src/system_stm32l4xx.o
 .debug_line    0x0000000000004e3e       0x88 ./Core/Startup/startup_stm32l476rgtx.o
 .debug_line    0x0000000000004ec6      0xb10 ./Drivers/STM32L4xx_HAL_Driver/Src/stm32l4xx_hal.o
 .debug_line    0x00000000000059d6      0xcb6 ./Drivers/STM32L4xx_HAL_Driver/Src/stm32l4xx_hal_cortex.o
 .debug_line    0x000000000000668c      0xb83 ./Drivers/STM32L4xx_HAL_Driver/Src/stm32l4xx_hal_gpio.o
 .debug_line    0x000000000000720f      0xd07 ./Drivers/STM32L4xx_HAL_Driver/Src/stm32l4xx_hal_pwr_ex.o
 .debug_line    0x0000000000007f16      0xf89 ./Drivers/STM32L4xx_HAL_Driver/Src/stm32l4xx_hal_rcc.o
 .debug_line    0x0000000000008e9f     0x1f49 ./Drivers/STM32L4xx_HAL_Driver/Src/stm32l4xx_hal_spi.o
 .debug_line    0x000000000000ade8     0x3d7c ./Drivers/STM32L4xx_HAL_Driver/Src/stm32l4xx_hal_tim.o
 .debug_line    0x000000000000eb64     0x1c15 ./Drivers/STM32L4xx_HAL_Driver/Src/stm32l4xx_hal_tim_ex.o
 .debug_line    0x0000000000010779     0x2431 ./Middlewares/Third_Party/FreeRTOS/Source/CMSIS_RTOS_V2/cmsis_os2.o
 .debug_line    0x0000000000012baa      0x749 ./Middlewares/Third_Party/FreeRTOS/Source/list.o
 .debug_line    0x00000000000132f3     0x1713 ./Middlewares/Third_Party/FreeRTOS/Source/queue.o
 .debug_line    0x0000000000014a06     0x1df1 ./Middlewares/Third_Party/FreeRTOS/Source/tasks.o
 .debug_line    0x00000000000167f7      0x910 ./Middlewares/Third_Party/FreeRTOS/Source/portable/GCC/ARM_CM4F/port.o
 .debug_line    0x0000000000017107      0x973 ./Middlewares/Third_Party/FreeRTOS/Source/portable/MemMang/heap_4.o

.debug_str      0x0000000000000000    0xfa94c
 .debug_str     0x0000000000000000    0xefc4c ./Core/Src/freertos.o
                                      0xeffcc (size before relaxing)
 .debug_str     0x00000000000efc4c      0x239 ./Core/Src/gpio.o
                                      0xe95b9 (size before relaxing)
 .debug_str     0x00000000000efe85      0x6ef ./Core/Src/main.o
                                      0xeff94 (size before relaxing)
 .debug_str     0x00000000000f0574      0x220 ./Core/Src/spi.o
                                      0xe99e5 (size before relaxing)
 .debug_str     0x00000000000f0794      0x48a ./Core/Src/stm32l4xx_hal_msp.o
                                      0xe99e9 (size before relaxing)
 .debug_str     0x00000000000f0c1e      0x10a ./Core/Src/stm32l4xx_hal_timebase_tim.o
                                      0xe9e7a (size before relaxing)
 .debug_str     0x00000000000f0d28       0xbe ./Core/Src/stm32l4xx_it.o
                                      0xe992f (size before relaxing)
 .debug_str     0x00000000000f0de6       0x6b ./Core/Src/streetFunc.o
                                      0xe996f (size before relaxing)
 .debug_str     0x00000000000f0e51       0xf2 ./Core/Src/system_stm32l4xx.o
                                      0xe93da (size before relaxing)
 .debug_str     0x00000000000f0f43       0x36 ./Core/Startup/startup_stm32l476rgtx.o
                                         0x6d (size before relaxing)
 .debug_str     0x00000000000f0f79      0x659 ./Drivers/STM32L4xx_HAL_Driver/Src/stm32l4xx_hal.o
                                      0xe9fd9 (size before relaxing)
 .debug_str     0x00000000000f15d2      0x328 ./Drivers/STM32L4xx_HAL_Driver/Src/stm32l4xx_hal_cortex.o
                                      0xe9c21 (size before relaxing)
 .debug_str     0x00000000000f18fa      0x117 ./Drivers/STM32L4xx_HAL_Driver/Src/stm32l4xx_hal_gpio.o
                                      0xe9553 (size before relaxing)
 .debug_str     0x00000000000f1a11      0x4e3 ./Drivers/STM32L4xx_HAL_Driver/Src/stm32l4xx_hal_pwr_ex.o
                                      0xe9935 (size before relaxing)
 .debug_str     0x00000000000f1ef4      0x30f ./Drivers/STM32L4xx_HAL_Driver/Src/stm32l4xx_hal_rcc.o
                                      0xe9a20 (size before relaxing)
 .debug_str     0x00000000000f2203      0x5ac ./Drivers/STM32L4xx_HAL_Driver/Src/stm32l4xx_hal_spi.o
                                      0xe9bfb (size before relaxing)
 .debug_str     0x00000000000f27af      0xe7e ./Drivers/STM32L4xx_HAL_Driver/Src/stm32l4xx_hal_tim.o
                                      0xea70a (size before relaxing)
 .debug_str     0x00000000000f362d      0x60d ./Drivers/STM32L4xx_HAL_Driver/Src/stm32l4xx_hal_tim_ex.o
                                      0xea02e (size before relaxing)
 .debug_str     0x00000000000f3c3a     0x4702 ./Middlewares/Third_Party/FreeRTOS/Source/CMSIS_RTOS_V2/cmsis_os2.o
                                      0xf3fd7 (size before relaxing)
 .debug_str     0x00000000000f833c      0x20f ./Middlewares/Third_Party/FreeRTOS/Source/list.o
                                       0xa67d (size before relaxing)
 .debug_str     0x00000000000f854b      0x892 ./Middlewares/Third_Party/FreeRTOS/Source/queue.o
                                       0xc1bd (size before relaxing)
 .debug_str     0x00000000000f8ddd     0x10bf ./Middlewares/Third_Party/FreeRTOS/Source/tasks.o
                                       0xd040 (size before relaxing)
 .debug_str     0x00000000000f9e9c      0x783 ./Middlewares/Third_Party/FreeRTOS/Source/portable/GCC/ARM_CM4F/port.o