../Core/Src/freertos.c:187:6:StartDefaultTask	8	static
../Core/Src/freertos.c:225:6:Button_Task1	8	static
../Core/Src/freertos.c:249:6:Switches	8	static
../Core/Src/freertos.c:343:6:Button_Task2	8	static
../Core/Src/freertos.c:119:6:MX_FREERTOS_Init	8	static
../Core/Src/freertos.c:362:6:Stall_Function	8	static
../Core/Src/freertos.c:366:6:Button1_TimerHandler.part.0	8	static
../Core/Src/freertos.c:366:6:Button1_TimerHandler	8	static
../Core/Src/freertos.c:382:6:Button2_TimerHandler	8	static
../Core/Src/freertos.c:286:6:timer	8	static
