16:59:23 **** Build of configuration Debug for project street ****
make -j7 all 
arm-none-eabi-gcc "../Middlewares/Third_Party/FreeRTOS/Source/portable/MemMang/heap_4.c" -mcpu=cortex-m4 -std=gnu11 -g3 -DDEBUG -DUSE_HAL_DRIVER -DSTM32L476xx -c -I../Core/Inc -I../Drivers/STM32L4xx_HAL_Driver/Inc -I../Drivers/STM32L4xx_HAL_Driver/Inc/Legacy -I../Middlewares/Third_Party/FreeRTOS/Source/include -I../Middlewares/Third_Party/FreeRTOS/Source/CMSIS_RTOS_V2 -I../Middlewares/Third_Party/FreeRTOS/Source/portable/GCC/ARM_CM4F -I../Drivers/CMSIS/Device/ST/STM32L4xx/Include -I../Drivers/CMSIS/Include -O0 -ffunction-sections -fdata-sections -Wall -fstack-usage -MMD -MP -MF"Middlewares/Third_Party/FreeRTOS/Source/portable/MemMang/heap_4.d" -MT"Middlewares/Third_Party/FreeRTOS/Source/portable/MemMang/heap_4.o" --specs=nano.specs -mfpu=fpv4-sp-d16 -mfloat-abi=hard -mthumb -o "Middlewares/Third_Party/FreeRTOS/Source/portable/MemMang/heap_4.o"
arm-none-eabi-gcc "../Middlewares/Third_Party/FreeRTOS/Source/portable/GCC/ARM_CM4F/port.c" -mcpu=cortex-m4 -std=gnu11 -g3 -DDEBUG -DUSE_HAL_DRIVER -DSTM32L476xx -c -I../Core/Inc -I../Drivers/STM32L4xx_HAL_Driver/Inc -I../Drivers/STM32L4xx_HAL_Driver/Inc/Legacy -I../Middlewares/Third_Party/FreeRTOS/Source/include -I../Middlewares/Third_Party/FreeRTOS/Source/CMSIS_RTOS_V2 -I../Middlewares/Third_Party/FreeRTOS/Source/portable/GCC/ARM_CM4F -I../Drivers/CMSIS/Device/ST/STM32L4xx/Include -I../Drivers/CMSIS/Include -O0 -ffunction-sections -fdata-sections -Wall -fstack-usage -MMD -MP -MF"Middlewares/Third_Party/FreeRTOS/Source/portable/GCC/ARM_CM4F/port.d" -MT"Middlewares/Third_Party/FreeRTOS/Source/portable/GCC/ARM_CM4F/port.o" --specs=nano.specs -mfpu=fpv4-sp-d16 -mfloat-abi=hard -mthumb -o "Middlewares/Third_Party/FreeRTOS/Source/portable/GCC/ARM_CM4F/port.o"
arm-none-eabi-gcc "../Middlewares/Third_Party/FreeRTOS/Source/CMSIS_RTOS_V2/cmsis_os2.c" -mcpu=cortex-m4 -std=gnu11 -g3 -DDEBUG -DUSE_HAL_DRIVER -DSTM32L476xx -c -I../Core/Inc -I../Drivers/STM32L4xx_HAL_Driver/Inc -I../Drivers/STM32L4xx_HAL_Driver/Inc/Legacy -I../Middlewares/Third_Party/FreeRTOS/Source/include -I../Middlewares/Third_Party/FreeRTOS/Source/CMSIS_RTOS_V2 -I../Middlewares/Third_Party/FreeRTOS/Source/portable/GCC/ARM_CM4F -I../Drivers/CMSIS/Device/ST/STM32L4xx/Include -I../Drivers/CMSIS/Include -O0 -ffunction-sections -fdata-sections -Wall -fstack-usage -MMD -MP -MF"Middlewares/Third_Party/FreeRTOS/Source/CMSIS_RTOS_V2/cmsis_os2.d" -MT"Middlewares/Third_Party/FreeRTOS/Source/CMSIS_RTOS_V2/cmsis_os2.o" --specs=nano.specs -mfpu=fpv4-sp-d16 -mfloat-abi=hard -mthumb -o "Middlewares/Third_Party/FreeRTOS/Source/CMSIS_RTOS_V2/cmsis_os2.o"
arm-none-eabi-gcc "../Middlewares/Third_Party/FreeRTOS/Source/croutine.c" -mcpu=cortex-m4 -std=gnu11 -g3 -DDEBUG -DUSE_HAL_DRIVER -DSTM32L476xx -c -I../Core/Inc -I../Drivers/STM32L4xx_HAL_Driver/Inc -I../Drivers/STM32L4xx_HAL_Driver/Inc/Legacy -I../Middlewares/Third_Party/FreeRTOS/Source/include -I../Middlewares/Third_Party/FreeRTOS/Source/CMSIS_RTOS_V2 -I../Middlewares/Third_Party/FreeRTOS/Source/portable/GCC/ARM_CM4F -I../Drivers/CMSIS/Device/ST/STM32L4xx/Include -I../Drivers/CMSIS/Include -O0 -ffunction-sections -fdata-sections -Wall -fstack-usage -MMD -MP -MF"Middlewares/Third_Party/FreeRTOS/Source/croutine.d" -MT"Middlewares/Third_Party/FreeRTOS/Source/croutine.o" --specs=nano.specs -mfpu=fpv4-sp-d16 -mfloat-abi=hard -mthumb -o "Middlewares/Third_Party/FreeRTOS/Source/croutine.o"
arm-none-eabi-gcc "../Middlewares/Third_Party/FreeRTOS/Source/event_groups.c" -mcpu=cortex-m4 -std=gnu11 -g3 -DDEBUG -DUSE_HAL_DRIVER -DSTM32L476xx -c -I../Core/Inc -I../Drivers/STM32L4xx_HAL_Driver/Inc -I../Drivers/STM32L4xx_HAL_Driver/Inc/Legacy -I../Middlewares/Third_Party/FreeRTOS/Source/include -I../Middlewares/Third_Party/FreeRTOS/Source/CMSIS_RTOS_V2 -I../Middlewares/Third_Party/FreeRTOS/Source/portable/GCC/ARM_CM4F -I../Drivers/CMSIS/Device/ST/STM32L4xx/Include -I../Drivers/CMSIS/Include -O0 -ffunction-sections -fdata-sections -Wall -fstack-usage -MMD -MP -MF"Middlewares/Third_Party/FreeRTOS/Source/event_groups.d" -MT"Middlewares/Third_Party/FreeRTOS/Source/event_groups.o" --specs=nano.specs -mfpu=fpv4-sp-d16 -mfloat-abi=hard -mthumb -o "Middlewares/Third_Party/FreeRTOS/Source/event_groups.o"
arm-none-eabi-gcc "../Middlewares/Third_Party/FreeRTOS/Source/list.c" -mcpu=cortex-m4 -std=gnu11 -g3 -DDEBUG -DUSE_HAL_DRIVER -DSTM32L476xx -c -I../Core/Inc -I../Drivers/STM32L4xx_HAL_Driver/Inc -I../Drivers/STM32L4xx_HAL_Driver/Inc/Legacy -I../Middlewares/Third_Party/FreeRTOS/Source/include -I../Middlewares/Third_Party/FreeRTOS/Source/CMSIS_RTOS_V2 -I../Middlewares/Third_Party/FreeRTOS/Source/portable/GCC/ARM_CM4F -I../Drivers/CMSIS/Device/ST/STM32L4xx/Include -I../Drivers/CMSIS/Include -O0 -ffunction-sections -fdata-sections -Wall -fstack-usage -MMD -MP -MF"Middlewares/Third_Party/FreeRTOS/Source/list.d" -MT"Middlewares/Third_Party/FreeRTOS/Source/list.o" --specs=nano.specs -mfpu=fpv4-sp-d16 -mfloat-abi=hard -mthumb -o "Middlewares/Third_Party/FreeRTOS/Source/list.o"
arm-none-eabi-gcc "../Middlewares/Third_Party/FreeRTOS/Source/queue.c" -mcpu=cortex-m4 -std=gnu11 -g3 -DDEBUG -DUSE_HAL_DRIVER -DSTM32L476xx -c -I../Core/Inc -I../Drivers/STM32L4xx_HAL_Driver/Inc -I../Drivers/STM32L4xx_HAL_Driver/Inc/Legacy -I../Middlewares/Third_Party/FreeRTOS/Source/include -I../Middlewares/Third_Party/FreeRTOS/Source/CMSIS_RTOS_V2 -I../Middlewares/Third_Party/FreeRTOS/Source/portable/GCC/ARM_CM4F -I../Drivers/CMSIS/Device/ST/STM32L4xx/Include -I../Drivers/CMSIS/Include -O0 -ffunction-sections -fdata-sections -Wall -fstack-usage -MMD -MP -MF"Middlewares/Third_Party/FreeRTOS/Source/queue.d" -MT"Middlewares/Third_Party/FreeRTOS/Source/queue.o" --specs=nano.specs -mfpu=fpv4-sp-d16 -mfloat-abi=hard -mthumb -o "Middlewares/Third_Party/FreeRTOS/Source/queue.o"
arm-none-eabi-gcc "../Middlewares/Third_Party/FreeRTOS/Source/stream_buffer.c" -mcpu=cortex-m4 -std=gnu11 -g3 -DDEBUG -DUSE_HAL_DRIVER -DSTM32L476xx -c -I../Core/Inc -I../Drivers/STM32L4xx_HAL_Driver/Inc -I../Drivers/STM32L4xx_HAL_Driver/Inc/Legacy -I../Middlewares/Third_Party/FreeRTOS/Source/include -I../Middlewares/Third_Party/FreeRTOS/Source/CMSIS_RTOS_V2 -I../Middlewares/Third_Party/FreeRTOS/Source/portable/GCC/ARM_CM4F -I../Drivers/CMSIS/Device/ST/STM32L4xx/Include -I../Drivers/CMSIS/Include -O0 -ffunction-sections -fdata-sections -Wall -fstack-usage -MMD -MP -MF"Middlewares/Third_Party/FreeRTOS/Source/stream_buffer.d" -MT"Middlewares/Third_Party/FreeRTOS/Source/stream_buffer.o" --specs=nano.specs -mfpu=fpv4-sp-d16 -mfloat-abi=hard -mthumb -o "Middlewares/Third_Party/FreeRTOS/Source/stream_buffer.o"
arm-none-eabi-gcc "../Middlewares/Third_Party/FreeRTOS/Source/tasks.c" -mcpu=cortex-m4 -std=gnu11 -g3 -DDEBUG -DUSE_HAL_DRIVER -DSTM32L476xx -c -I../Core/Inc -I../Drivers/STM32L4xx_HAL_Driver/Inc -I../Drivers/STM32L4xx_HAL_Driver/Inc/Legacy -I../Middlewares/Third_Party/FreeRTOS/Source/include -I../Middlewares/Third_Party/FreeRTOS/Source/CMSIS_RTOS_V2 -I../Middlewares/Third_Party/FreeRTOS/Source/portable/GCC/ARM_CM4F -I../Drivers/CMSIS/Device/ST/STM32L4xx/Include -I../Drivers/CMSIS/Include -O0 -ffunction-sections -fdata-sections -Wall -fstack-usage -MMD -MP -MF"Middlewares/Third_Party/FreeRTOS/Source/tasks.d" -MT"Middlewares/Third_Party/FreeRTOS/Source/tasks.o" --specs=nano.specs -mfpu=fpv4-sp-d16 -mfloat-abi=hard -mthumb -o "Middlewares/Third_Party/FreeRTOS/Source/tasks.o"
arm-none-eabi-gcc "../Middlewares/Third_Party/FreeRTOS/Source/timers.c" -mcpu=cortex-m4 -std=gnu11 -g3 -DDEBUG -DUSE_HAL_DRIVER -DSTM32L476xx -c -I../Core/Inc -I../Drivers/STM32L4xx_HAL_Driver/Inc -I../Drivers/STM32L4xx_HAL_Driver/Inc/Legacy -I../Middlewares/Third_Party/FreeRTOS/Source/include -I../Middlewares/Third_Party/FreeRTOS/Source/CMSIS_RTOS_V2 -I../Middlewares/Third_Party/FreeRTOS/Source/portable/GCC/ARM_CM4F -I../Drivers/CMSIS/Device/ST/STM32L4xx/Include -I../Drivers/CMSIS/Include -O0 -ffunction-sections -fdata-sections -Wall -fstack-usage -MMD -MP -MF"Middlewares/Third_Party/FreeRTOS/Source/timers.d" -MT"Middlewares/Third_Party/FreeRTOS/Source/timers.o" --specs=nano.specs -mfpu=fpv4-sp-d16 -mfloat-abi=hard -mthumb -o "Middlewares/Third_Party/FreeRTOS/Source/timers.o"
arm-none-eabi-gcc "../Drivers/STM32L4xx_HAL_Driver/Src/stm32l4xx_hal.c" -mcpu=cortex-m4 -std=gnu11 -g3 -DDEBUG -DUSE_HAL_DRIVER -DSTM32L476xx -c -I../Core/Inc -I../Drivers/STM32L4xx_HAL_Driver/Inc -I../Drivers/STM32L4xx_HAL_Driver/Inc/Legacy -I../Middlewares/Third_Party/FreeRTOS/Source/include -I../Middlewares/Third_Party/FreeRTOS/Source/CMSIS_RTOS_V2 -I../Middlewares/Third_Party/FreeRTOS/Source/portable/GCC/ARM_CM4F -I../Drivers/CMSIS/Device/ST/STM32L4xx/Include -I../Drivers/CMSIS/Include -O0 -ffunction-sections -fdata-sections -Wall -fstack-usage -MMD -MP -MF"Drivers/STM32L4xx_HAL_Driver/Src/stm32l4xx_hal.d" -MT"Drivers/STM32L4xx_HAL_Driver/Src/stm32l4xx_hal.o" --specs=nano.specs -mfpu=fpv4-sp-d16 -mfloat-abi=hard -mthumb -o "Drivers/STM32L4xx_HAL_Driver/Src/stm32l4xx_hal.o"
arm-none-eabi-gcc "../Drivers/STM32L4xx_HAL_Driver/Src/stm32l4xx_hal_cortex.c" -mcpu=cortex-m4 -std=gnu11 -g3 -DDEBUG -DUSE_HAL_DRIVER -DSTM32L476xx -c -I../Core/Inc -I../Drivers/STM32L4xx_HAL_Driver/Inc -I../Drivers/STM32L4xx_HAL_Driver/Inc/Legacy -I../Middlewares/Third_Party/FreeRTOS/Source/include -I../Middlewares/Third_Party/FreeRTOS/Source/CMSIS_RTOS_V2 -I../Middlewares/Third_Party/FreeRTOS/Source/portable/GCC/ARM_CM4F -I../Drivers/CMSIS/Device/ST/STM32L4xx/Include -I../Drivers/CMSIS/Include -O0 -ffunction-sections -fdata-sections -Wall -fstack-usage -MMD -MP -MF"Drivers/STM32L4xx_HAL_Driver/Src/stm32l4xx_hal_cortex.d" -MT"Drivers/STM32L4xx_HAL_Driver/Src/stm32l4xx_hal_cortex.o" --specs=nano.specs -mfpu=fpv4-sp-d16 -mfloat-abi=hard -mthumb -o "Drivers/STM32L4xx_HAL_Driver/Src/stm32l4xx_hal_cortex.o"
arm-none-eabi-gcc "../Drivers/STM32L4xx_HAL_Driver/Src/stm32l4xx_hal_dma.c" -mcpu=cortex-m4 -std=gnu11 -g3 -DDEBUG -DUSE_HAL_DRIVER -DSTM32L476xx -c -I../Core/Inc -I../Drivers/STM32L4xx_HAL_Driver/Inc -I../Drivers/STM32L4xx_HAL_Driver/Inc/Legacy -I../Middlewares/Third_Party/FreeRTOS/Source/include -I../Middlewares/Third_Party/FreeRTOS/Source/CMSIS_RTOS_V2 -I../Middlewares/Third_Party/FreeRTOS/Source/portable/GCC/ARM_CM4F -I../Drivers/CMSIS/Device/ST/STM32L4xx/Include -I../Drivers/CMSIS/Include -O0 -ffunction-sections -fdata-sections -Wall -fstack-usage -MMD -MP -MF"Drivers/STM32L4xx_HAL_Driver/Src/stm32l4xx_hal_dma.d" -MT"Drivers/STM32L4xx_HAL_Driver/Src/stm32l4xx_hal_dma.o" --specs=nano.specs -mfpu=fpv4-sp-d16 -mfloat-abi=hard -mthumb -o "Drivers/STM32L4xx_HAL_Driver/Src/stm32l4xx_hal_dma.o"
arm-none-eabi-gcc "../Drivers/STM32L4xx_HAL_Driver/Src/stm32l4xx_hal_dma_ex.c" -mcpu=cortex-m4 -std=gnu11 -g3 -DDEBUG -DUSE_HAL_DRIVER -DSTM32L476xx -c -I../Core/Inc -I../Drivers/STM32L4xx_HAL_Driver/Inc -I../Drivers/STM32L4xx_HAL_Driver/Inc/Legacy -I../Middlewares/Third_Party/FreeRTOS/Source/include -I../Middlewares/Third_Party/FreeRTOS/Source/CMSIS_RTOS_V2 -I../Middlewares/Third_Party/FreeRTOS/Source/portable/GCC/ARM_CM4F -I../Drivers/CMSIS/Device/ST/STM32L4xx/Include -I../Drivers/CMSIS/Include -O0 -ffunction-sections -fdata-sections -Wall -fstack-usage -MMD -MP -MF"Drivers/STM32L4xx_HAL_Driver/Src/stm32l4xx_hal_dma_ex.d" -MT"Drivers/STM32L4xx_HAL_Driver/Src/stm32l4xx_hal_dma_ex.o" --specs=nano.specs -mfpu=fpv4-sp-d16 -mfloat-abi=hard -mthumb -o "Drivers/STM32L4xx_HAL_Driver/Src/stm32l4xx_hal_dma_ex.o"
arm-none-eabi-gcc "../Drivers/STM32L4xx_HAL_Driver/Src/stm32l4xx_hal_exti.c" -mcpu=cortex-m4 -std=gnu11 -g3 -DDEBUG -DUSE_HAL_DRIVER -DSTM32L476xx -c -I../Core/Inc -I../Drivers/STM32L4xx_HAL_Driver/Inc -I../Drivers/STM32L4xx_HAL_Driver/Inc/Legacy -I../Middlewares/Third_Party/FreeRTOS/Source/include -I../Middlewares/Third_Party/FreeRTOS/Source/CMSIS_RTOS_V2 -I../Middlewares/Third_Party/FreeRTOS/Source/portable/GCC/ARM_CM4F -I../Drivers/CMSIS/Device/ST/STM32L4xx/Include -I../Drivers/CMSIS/Include -O0 -ffunction-sections -fdata-sections -Wall -fstack-usage -MMD -MP -MF"Drivers/STM32L4xx_HAL_Driver/Src/stm32l4xx_hal_exti.d" -MT"Drivers/STM32L4xx_HAL_Driver/Src/stm32l4xx_hal_exti.o" --specs=nano.specs -mfpu=fpv4-sp-d16 -mfloat-abi=hard -mthumb -o "Drivers/STM32L4xx_HAL_Driver/Src/stm32l4xx_hal_exti.o"
arm-none-eabi-gcc "../Drivers/STM32L4xx_HAL_Driver/Src/stm32l4xx_hal_flash.c" -mcpu=cortex-m4 -std=gnu11 -g3 -DDEBUG -DUSE_HAL_DRIVER -DSTM32L476xx -c -I../Core/Inc -I../Drivers/STM32L4xx_HAL_Driver/Inc -I../Drivers/STM32L4xx_HAL_Driver/Inc/Legacy -I../Middlewares/Third_Party/FreeRTOS/Source/include -I../Middlewares/Third_Party/FreeRTOS/Source/CMSIS_RTOS_V2 -I../Middlewares/Third_Party/FreeRTOS/Source/portable/GCC/ARM_CM4F -I../Drivers/CMSIS/Device/ST/STM32L4xx/Include -I../Drivers/CMSIS/Include -O0 -ffunction-sections -fdata-sections -Wall -fstack-usage -MMD -MP -MF"Drivers/STM32L4xx_HAL_Driver/Src/stm32l4xx_hal_flash.d" -MT"Drivers/STM32L4xx_HAL_Driver/Src/stm32l4xx_hal_flash.o" --specs=nano.specs -mfpu=fpv4-sp-d16 -mfloat-abi=hard -mthumb -o "Drivers/STM32L4xx_HAL_Driver/Src/stm32l4xx_hal_flash.o"
arm-none-eabi-gcc "../Drivers/STM32L4xx_HAL_Driver/Src/stm32l4xx_hal_flash_ex.c" -mcpu=cortex-m4 -std=gnu11 -g3 -DDEBUG -DUSE_HAL_DRIVER -DSTM32L476xx -c -I../Core/Inc -I../Drivers/STM32L4xx_HAL_Driver/Inc -I../Drivers/STM32L4xx_HAL_Driver/Inc/Legacy -I../Middlewares/Third_Party/FreeRTOS/Source/include -I../Middlewares/Third_Party/FreeRTOS/Source/CMSIS_RTOS_V2 -I../Middlewares/Third_Party/FreeRTOS/Source/portable/GCC/ARM_CM4F -I../Drivers/CMSIS/Device/ST/STM32L4xx/Include -I../Drivers/CMSIS/Include -O0 -ffunction-sections -fdata-sections -Wall -fstack-usage -MMD -MP -MF"Drivers/STM32L4xx_HAL_Driver/Src/stm32l4xx_hal_flash_ex.d" -MT"Drivers/STM32L4xx_HAL_Driver/Src/stm32l4xx_hal_flash_ex.o" --specs=nano.specs -mfpu=fpv4-sp-d16 -mfloat-abi=hard -mthumb -o "Drivers/STM32L4xx_HAL_Driver/Src/stm32l4xx_hal_flash_ex.o"
arm-none-eabi-gcc "../Drivers/STM32L4xx_HAL_Driver/Src/stm32l4xx_hal_flash_ramfunc.c" -mcpu=cortex-m4 -std=gnu11 -g3 -DDEBUG -DUSE_HAL_DRIVER -DSTM32L476xx -c -I../Core/Inc -I../Drivers/STM32L4xx_HAL_Driver/Inc -I../Drivers/STM32L4xx_HAL_Driver/Inc/Legacy -I../Middlewares/Third_Party/FreeRTOS/Source/include -I../Middlewares/Third_Party/FreeRTOS/Source/CMSIS_RTOS_V2 -I../Middlewares/Third_Party/FreeRTOS/Source/portable/GCC/ARM_CM4F -I../Drivers/CMSIS/Device/ST/STM32L4xx/Include -I../Drivers/CMSIS/Include -O0 -ffunction-sections -fdata-sections -Wall -fstack-usage -MMD -MP -MF"Drivers/STM32L4xx_HAL_Driver/Src/stm32l4xx_hal_flash_ramfunc.d" -MT"Drivers/STM32L4xx_HAL_Driver/Src/stm32l4xx_hal_flash_ramfunc.o" --specs=nano.specs -mfpu=fpv4-sp-d16 -mfloat-abi=hard -mthumb -o "Drivers/STM32L4xx_HAL_Driver/Src/stm32l4xx_hal_flash_ramfunc.o"
arm-none-eabi-gcc "../Drivers/STM32L4xx_HAL_Driver/Src/stm32l4xx_hal_gpio.c" -mcpu=cortex-m4 -std=gnu11 -g3 -DDEBUG -DUSE_HAL_DRIVER -DSTM32L476xx -c -I../Core/Inc -I../Drivers/STM32L4xx_HAL_Driver/Inc -I../Drivers/STM32L4xx_HAL_Driver/Inc/Legacy -I../Middlewares/Third_Party/FreeRTOS/Source/include -I../Middlewares/Third_Party/FreeRTOS/Source/CMSIS_RTOS_V2 -I../Middlewares/Third_Party/FreeRTOS/Source/portable/GCC/ARM_CM4F -I../Drivers/CMSIS/Device/ST/STM32L4xx/Include -I../Drivers/CMSIS/Include -O0 -ffunction-sections -fdata-sections -Wall -fstack-usage -MMD -MP -MF"Drivers/STM32L4xx_HAL_Driver/Src/stm32l4xx_hal_gpio.d" -MT"Drivers/STM32L4xx_HAL_Driver/Src/stm32l4xx_hal_gpio.o" --specs=nano.specs -mfpu=fpv4-sp-d16 -mfloat-abi=hard -mthumb -o "Drivers/STM32L4xx_HAL_Driver/Src/stm32l4xx_hal_gpio.o"
arm-none-eabi-gcc "../Drivers/STM32L4xx_HAL_Driver/Src/stm32l4xx_hal_i2c.c" -mcpu=cortex-m4 -std=gnu11 -g3 -DDEBUG -DUSE_HAL_DRIVER -DSTM32L476xx -c -I../Core/Inc -I../Drivers/STM32L4xx_HAL_Driver/Inc -I../Drivers/STM32L4xx_HAL_Driver/Inc/Legacy -I../Middlewares/Third_Party/FreeRTOS/Source/include -I../Middlewares/Third_Party/FreeRTOS/Source/CMSIS_RTOS_V2 -I../Middlewares/Third_Party/FreeRTOS/Source/portable/GCC/ARM_CM4F -I../Drivers/CMSIS/Device/ST/STM32L4xx/Include -I../Drivers/CMSIS/Include -O0 -ffunction-sections -fdata-sections -Wall -fstack-usage -MMD -MP -MF"Drivers/STM32L4xx_HAL_Driver/Src/stm32l4xx_hal_i2c.d" -MT"Drivers/STM32L4xx_HAL_Driver/Src/stm32l4xx_hal_i2c.o" --specs=nano.specs -mfpu=fpv4-sp-d16 -mfloat-abi=hard -mthumb -o "Drivers/STM32L4xx_HAL_Driver/Src/stm32l4xx_hal_i2c.o"
arm-none-eabi-gcc "../Drivers/STM32L4xx_HAL_Driver/Src/stm32l4xx_hal_i2c_ex.c" -mcpu=cortex-m4 -std=gnu11 -g3 -DDEBUG -DUSE_HAL_DRIVER -DSTM32L476xx -c -I../Core/Inc -I../Drivers/STM32L4xx_HAL_Driver/Inc -I../Drivers/STM32L4xx_HAL_Driver/Inc/Legacy -I../Middlewares/Third_Party/FreeRTOS/Source/include -I../Middlewares/Third_Party/FreeRTOS/Source/CMSIS_RTOS_V2 -I../Middlewares/Third_Party/FreeRTOS/Source/portable/GCC/ARM_CM4F -I../Drivers/CMSIS/Device/ST/STM32L4xx/Include -I../Drivers/CMSIS/Include -O0 -ffunction-sections -fdata-sections -Wall -fstack-usage -MMD -MP -MF"Drivers/STM32L4xx_HAL_Driver/Src/stm32l4xx_hal_i2c_ex.d" -MT"Drivers/STM32L4xx_HAL_Driver/Src/stm32l4xx_hal_i2c_ex.o" --specs=nano.specs -mfpu=fpv4-sp-d16 -mfloat-abi=hard -mthumb -o "Drivers/STM32L4xx_HAL_Driver/Src/stm32l4xx_hal_i2c_ex.o"
arm-none-eabi-gcc "../Drivers/STM32L4xx_HAL_Driver/Src/stm32l4xx_hal_pwr.c" -mcpu=cortex-m4 -std=gnu11 -g3 -DDEBUG -DUSE_HAL_DRIVER -DSTM32L476xx -c -I../Core/Inc -I../Drivers/STM32L4xx_HAL_Driver/Inc -I../Drivers/STM32L4xx_HAL_Driver/Inc/Legacy -I../Middlewares/Third_Party/FreeRTOS/Source/include -I../Middlewares/Third_Party/FreeRTOS/Source/CMSIS_RTOS_V2 -I../Middlewares/Third_Party/FreeRTOS/Source/portable/GCC/ARM_CM4F -I../Drivers/CMSIS/Device/ST/STM32L4xx/Include -I../Drivers/CMSIS/Include -O0 -ffunction-sections -fdata-sections -Wall -fstack-usage -MMD -MP -MF"Drivers/STM32L4xx_HAL_Driver/Src/stm32l4xx_hal_pwr.d" -MT"Drivers/STM32L4xx_HAL_Driver/Src/stm32l4xx_hal_pwr.o" --specs=nano.specs -mfpu=fpv4-sp-d16 -mfloat-abi=hard -mthumb -o "Drivers/STM32L4xx_HAL_Driver/Src/stm32l4xx_hal_pwr.o"
arm-none-eabi-gcc "../Drivers/STM32L4xx_HAL_Driver/Src/stm32l4xx_hal_pwr_ex.c" -mcpu=cortex-m4 -std=gnu11 -g3 -DDEBUG -DUSE_HAL_DRIVER -DSTM32L476xx -c -I../Core/Inc -I../Drivers/STM32L4xx_HAL_Driver/Inc -I../Drivers/STM32L4xx_HAL_Driver/Inc/Legacy -I../Middlewares/Third_Party/FreeRTOS/Source/include -I../Middlewares/Third_Party/FreeRTOS/Source/CMSIS_RTOS_V2 -I../Middlewares/Third_Party/FreeRTOS/Source/portable/GCC/ARM_CM4F -I../Drivers/CMSIS/Device/ST/STM32L4xx/Include -I../Drivers/CMSIS/Include -O0 -ffunction-sections -fdata-sections -Wall -fstack-usage -MMD -MP -MF"Drivers/STM32L4xx_HAL_Driver/Src/stm32l4xx_hal_pwr_ex.d" -MT"Drivers/STM32L4xx_HAL_Driver/Src/stm32l4xx_hal_pwr_ex.o" --specs=nano.specs -mfpu=fpv4-sp-d16 -mfloat-abi=hard -mthumb -o "Drivers/STM32L4xx_HAL_Driver/Src/stm32l4xx_hal_pwr_ex.o"
arm-none-eabi-gcc "../Drivers/STM32L4xx_HAL_Driver/Src/stm32l4xx_hal_rcc.c" -mcpu=cortex-m4 -std=gnu11 -g3 -DDEBUG -DUSE_HAL_DRIVER -DSTM32L476xx -c -I../Core/Inc -I../Drivers/STM32L4xx_HAL_Driver/Inc -I../Drivers/STM32L4xx_HAL_Driver/Inc/Legacy -I../Middlewares/Third_Party/FreeRTOS/Source/include -I../Middlewares/Third_Party/FreeRTOS/Source/CMSIS_RTOS_V2 -I../Middlewares/Third_Party/FreeRTOS/Source/portable/GCC/ARM_CM4F -I../Drivers/CMSIS/Device/ST/STM32L4xx/Include -I../Drivers/CMSIS/Include -O0 -ffunction-sections -fdata-sections -Wall -fstack-usage -MMD -MP -MF"Drivers/STM32L4xx_HAL_Driver/Src/stm32l4xx_hal_rcc.d" -MT"Drivers/STM32L4xx_HAL_Driver/Src/stm32l4xx_hal_rcc.o" --specs=nano.specs -mfpu=fpv4-sp-d16 -mfloat-abi=hard -mthumb -o "Drivers/STM32L4xx_HAL_Driver/Src/stm32l4xx_hal_rcc.o"
arm-none-eabi-gcc "../Drivers/STM32L4xx_HAL_Driver/Src/stm32l4xx_hal_rcc_ex.c" -mcpu=cortex-m4 -std=gnu11 -g3 -DDEBUG -DUSE_HAL_DRIVER -DSTM32L476xx -c -I../Core/Inc -I../Drivers/STM32L4xx_HAL_Driver/Inc -I../Drivers/STM32L4xx_HAL_Driver/Inc/Legacy -I../Middlewares/Third_Party/FreeRTOS/Source/include -I../Middlewares/Third_Party/FreeRTOS/Source/CMSIS_RTOS_V2 -I../Middlewares/Third_Party/FreeRTOS/Source/portable/GCC/ARM_CM4F -I../Drivers/CMSIS/Device/ST/STM32L4xx/Include -I../Drivers/CMSIS/Include -O0 -ffunction-sections -fdata-sections -Wall -fstack-usage -MMD -MP -MF"Drivers/STM32L4xx_HAL_Driver/Src/stm32l4xx_hal_rcc_ex.d" -MT"Drivers/STM32L4xx_HAL_Driver/Src/stm32l4xx_hal_rcc_ex.o" --specs=nano.specs -mfpu=fpv4-sp-d16 -mfloat-abi=hard -mthumb -o "Drivers/STM32L4xx_HAL_Driver/Src/stm32l4xx_hal_rcc_ex.o"
arm-none-eabi-gcc "../Drivers/STM32L4xx_HAL_Driver/Src/stm32l4xx_hal_spi.c" -mcpu=cortex-m4 -std=gnu11 -g3 -DDEBUG -DUSE_HAL_DRIVER -DSTM32L476xx -c -I../Core/Inc -I../Drivers/STM32L4xx_HAL_Driver/Inc -I../Drivers/STM32L4xx_HAL_Driver/Inc/Legacy -I../Middlewares/Third_Party/FreeRTOS/Source/include -I../Middlewares/Third_Party/FreeRTOS/Source/CMSIS_RTOS_V2 -I../Middlewares/Third_Party/FreeRTOS/Source/portable/GCC/ARM_CM4F -I../Drivers/CMSIS/Device/ST/STM32L4xx/Include -I../Drivers/CMSIS/Include -O0 -ffunction-sections -fdata-sections -Wall -fstack-usage -MMD -MP -MF"Drivers/STM32L4xx_HAL_Driver/Src/stm32l4xx_hal_spi.d" -MT"Drivers/STM32L4xx_HAL_Driver/Src/stm32l4xx_hal_spi.o" --specs=nano.specs -mfpu=fpv4-sp-d16 -mfloat-abi=hard -mthumb -o "Drivers/STM32L4xx_HAL_Driver/Src/stm32l4xx_hal_spi.o"
arm-none-eabi-gcc "../Drivers/STM32L4xx_HAL_Driver/Src/stm32l4xx_hal_spi_ex.c" -mcpu=cortex-m4 -std=gnu11 -g3 -DDEBUG -DUSE_HAL_DRIVER -DSTM32L476xx -c -I../Core/Inc -I../Drivers/STM32L4xx_HAL_Driver/Inc -I../Drivers/STM32L4xx_HAL_Driver/Inc/Legacy -I../Middlewares/Third_Party/FreeRTOS/Source/include -I../Middlewares/Third_Party/FreeRTOS/Source/CMSIS_RTOS_V2 -I../Middlewares/Third_Party/FreeRTOS/Source/portable/GCC/ARM_CM4F -I../Drivers/CMSIS/Device/ST/STM32L4xx/Include -I../Drivers/CMSIS/Include -O0 -ffunction-sections -fdata-sections -Wall -fstack-usage -MMD -MP -MF"Drivers/STM32L4xx_HAL_Driver/Src/stm32l4xx_hal_spi_ex.d" -MT"Drivers/STM32L4xx_HAL_Driver/Src/stm32l4xx_hal_spi_ex.o" --specs=nano.specs -mfpu=fpv4-sp-d16 -mfloat-abi=hard -mthumb -o "Drivers/STM32L4xx_HAL_Driver/Src/stm32l4xx_hal_spi_ex.o"
arm-none-eabi-gcc "../Drivers/STM32L4xx_HAL_Driver/Src/stm32l4xx_hal_tim.c" -mcpu=cortex-m4 -std=gnu11 -g3 -DDEBUG -DUSE_HAL_DRIVER -DSTM32L476xx -c -I../Core/Inc -I../Drivers/STM32L4xx_HAL_Driver/Inc -I../Drivers/STM32L4xx_HAL_Driver/Inc/Legacy -I../Middlewares/Third_Party/FreeRTOS/Source/include -I../Middlewares/Third_Party/FreeRTOS/Source/CMSIS_RTOS_V2 -I../Middlewares/Third_Party/FreeRTOS/Source/portable/GCC/ARM_CM4F -I../Drivers/CMSIS/Device/ST/STM32L4xx/Include -I../Drivers/CMSIS/Include -O0 -ffunction-sections -fdata-sections -Wall -fstack-usage -MMD -MP -MF"Drivers/STM32L4xx_HAL_Driver/Src/stm32l4xx_hal_tim.d" -MT"Drivers/STM32L4xx_HAL_Driver/Src/stm32l4xx_hal_tim.o" --specs=nano.specs -mfpu=fpv4-sp-d16 -mfloat-abi=hard -mthumb -o "Drivers/STM32L4xx_HAL_Driver/Src/stm32l4xx_hal_tim.o"
arm-none-eabi-gcc "../Drivers/STM32L4xx_HAL_Driver/Src/stm32l4xx_hal_tim_ex.c" -mcpu=cortex-m4 -std=gnu11 -g3 -DDEBUG -DUSE_HAL_DRIVER -DSTM32L476xx -c -I../Core/Inc -I../Drivers/STM32L4xx_HAL_Driver/Inc -I../Drivers/STM32L4xx_HAL_Driver/Inc/Legacy -I../Middlewares/Third_Party/FreeRTOS/Source/include -I../Middlewares/Third_Party/FreeRTOS/Source/CMSIS_RTOS_V2 -I../Middlewares/Third_Party/FreeRTOS/Source/portable/GCC/ARM_CM4F -I../Drivers/CMSIS/Device/ST/STM32L4xx/Include -I../Drivers/CMSIS/Include -O0 -ffunction-sections -fdata-sections -Wall -fstack-usage -MMD -MP -MF"Drivers/STM32L4xx_HAL_Driver/Src/stm32l4xx_hal_tim_ex.d" -MT"Drivers/STM32L4xx_HAL_Driver/Src/stm32l4xx_hal_tim_ex.o" --specs=nano.specs -mfpu=fpv4-sp-d16 -mfloat-abi=hard -mthumb -o "Drivers/STM32L4xx_HAL_Driver/Src/stm32l4xx_hal_tim_ex.o"
arm-none-eabi-gcc -mcpu=cortex-m4 -g3 -DDEBUG -c -x assembler-with-cpp -MMD -MP -MF"Core/Startup/startup_stm32l476rgtx.d" -MT"Core/Startup/startup_stm32l476rgtx.o" --specs=nano.specs -mfpu=fpv4-sp-d16 -mfloat-abi=hard -mthumb -o "Core/Startup/startup_stm32l476rgtx.o" "../Core/Startup/startup_stm32l476rgtx.s"
arm-none-eabi-gcc "../Core/Src/Test.c" -mcpu=cortex-m4 -std=gnu11 -g3 -DDEBUG -DUSE_HAL_DRIVER -DSTM32L476xx -c -I../Core/Inc -I../Drivers/STM32L4xx_HAL_Driver/Inc -I../Drivers/STM32L4xx_HAL_Driver/Inc/Legacy -I../Middlewares/Third_Party/FreeRTOS/Source/include -I../Middlewares/Third_Party/FreeRTOS/Source/CMSIS_RTOS_V2 -I../Middlewares/Third_Party/FreeRTOS/Source/portable/GCC/ARM_CM4F -I../Drivers/CMSIS/Device/ST/STM32L4xx/Include -I../Drivers/CMSIS/Include -O0 -ffunction-sections -fdata-sections -Wall -fstack-usage -MMD -MP -MF"Core/Src/Test.d" -MT"Core/Src/Test.o" --specs=nano.specs -mfpu=fpv4-sp-d16 -mfloat-abi=hard -mthumb -o "Core/Src/Test.o"
arm-none-eabi-gcc "../Core/Src/freertos.c" -mcpu=cortex-m4 -std=gnu11 -g3 -DDEBUG -DUSE_HAL_DRIVER -DSTM32L476xx -c -I../Core/Inc -I../Drivers/STM32L4xx_HAL_Driver/Inc -I../Drivers/STM32L4xx_HAL_Driver/Inc/Legacy -I../Middlewares/Third_Party/FreeRTOS/Source/include -I../Middlewares/Third_Party/FreeRTOS/Source/CMSIS_RTOS_V2 -I../Middlewares/Third_Party/FreeRTOS/Source/portable/GCC/ARM_CM4F -I../Drivers/CMSIS/Device/ST/STM32L4xx/Include -I../Drivers/CMSIS/Include -O0 -ffunction-sections -fdata-sections -Wall -fstack-usage -MMD -MP -MF"Core/Src/freertos.d" -MT"Core/Src/freertos.o" --specs=nano.specs -mfpu=fpv4-sp-d16 -mfloat-abi=hard -mthumb -o "Core/Src/freertos.o"
arm-none-eabi-gcc "../Core/Src/gpio.c" -mcpu=cortex-m4 -std=gnu11 -g3 -DDEBUG -DUSE_HAL_DRIVER -DSTM32L476xx -c -I../Core/Inc -I../Drivers/STM32L4xx_HAL_Driver/Inc -I../Drivers/STM32L4xx_HAL_Driver/Inc/Legacy -I../Middlewares/Third_Party/FreeRTOS/Source/include -I../Middlewares/Third_Party/FreeRTOS/Source/CMSIS_RTOS_V2 -I../Middlewares/Third_Party/FreeRTOS/Source/portable/GCC/ARM_CM4F -I../Drivers/CMSIS/Device/ST/STM32L4xx/Include -I../Drivers/CMSIS/Include -O0 -ffunction-sections -fdata-sections -Wall -fstack-usage -MMD -MP -MF"Core/Src/gpio.d" -MT"Core/Src/gpio.o" --specs=nano.specs -mfpu=fpv4-sp-d16 -mfloat-abi=hard -mthumb -o "Core/Src/gpio.o"
arm-none-eabi-gcc "../Core/Src/main.c" -mcpu=cortex-m4 -std=gnu11 -g3 -DDEBUG -DUSE_HAL_DRIVER -DSTM32L476xx -c -I../Core/Inc -I../Drivers/STM32L4xx_HAL_Driver/Inc -I../Drivers/STM32L4xx_HAL_Driver/Inc/Legacy -I../Middlewares/Third_Party/FreeRTOS/Source/include -I../Middlewares/Third_Party/FreeRTOS/Source/CMSIS_RTOS_V2 -I../Middlewares/Third_Party/FreeRTOS/Source/portable/GCC/ARM_CM4F -I../Drivers/CMSIS/Device/ST/STM32L4xx/Include -I../Drivers/CMSIS/Include -O0 -ffunction-sections -fdata-sections -Wall -fstack-usage -MMD -MP -MF"Core/Src/main.d" -MT"Core/Src/main.o" --specs=nano.specs -mfpu=fpv4-sp-d16 -mfloat-abi=hard -mthumb -o "Core/Src/main.o"
arm-none-eabi-gcc "../Core/Src/spi.c" -mcpu=cortex-m4 -std=gnu11 -g3 -DDEBUG -DUSE_HAL_DRIVER -DSTM32L476xx -c -I../Core/Inc -I../Drivers/STM32L4xx_HAL_Driver/Inc -I../Drivers/STM32L4xx_HAL_Driver/Inc/Legacy -I../Middlewares/Third_Party/FreeRTOS/Source/include -I../Middlewares/Third_Party/FreeRTOS/Source/CMSIS_RTOS_V2 -I../Middlewares/Third_Party/FreeRTOS/Source/portable/GCC/ARM_CM4F -I../Drivers/CMSIS/Device/ST/STM32L4xx/Include -I../Drivers/CMSIS/Include -O0 -ffunction-sections -fdata-sections -Wall -fstack-usage -MMD -MP -MF"Core/Src/spi.d" -MT"Core/Src/spi.o" --specs=nano.specs -mfpu=fpv4-sp-d16 -mfloat-abi=hard -mthumb -o "Core/Src/spi.o"
arm-none-eabi-gcc "../Core/Src/stm32l4xx_hal_msp.c" -mcpu=cortex-m4 -std=gnu11 -g3 -DDEBUG -DUSE_HAL_DRIVER -DSTM32L476xx -c -I../Core/Inc -I../Drivers/STM32L4xx_HAL_Driver/Inc -I../Drivers/STM32L4xx_HAL_Driver/Inc/Legacy -I../Middlewares/Third_Party/FreeRTOS/Source/include -I../Middlewares/Third_Party/FreeRTOS/Source/CMSIS_RTOS_V2 -I../Middlewares/Third_Party/FreeRTOS/Source/portable/GCC/ARM_CM4F -I../Drivers/CMSIS/Device/ST/STM32L4xx/Include -I../Drivers/CMSIS/Include -O0 -ffunction-sections -fdata-sections -Wall -fstack-usage -MMD -MP -MF"Core/Src/stm32l4xx_hal_msp.d" -MT"Core/Src/stm32l4xx_hal_msp.o" --specs=nano.specs -mfpu=fpv4-sp-d16 -mfloat-abi=hard -mthumb -o "Core/Src/stm32l4xx_hal_msp.o"
arm-none-eabi-gcc "../Core/Src/stm32l4xx_hal_timebase_tim.c" -mcpu=cortex-m4 -std=gnu11 -g3 -DDEBUG -DUSE_HAL_DRIVER -DSTM32L476xx -c -I../Core/Inc -I../Drivers/STM32L4xx_HAL_Driver/Inc -I../Drivers/STM32L4xx_HAL_Driver/Inc/Legacy -I../Middlewares/Third_Party/FreeRTOS/Source/include -I../Middlewares/Third_Party/FreeRTOS/Source/CMSIS_RTOS_V2 -I../Middlewares/Third_Party/FreeRTOS/Source/portable/GCC/ARM_CM4F -I../Drivers/CMSIS/Device/ST/STM32L4xx/Include -I../Drivers/CMSIS/Include -O0 -ffunction-sections -fdata-sections -Wall -fstack-usage -MMD -MP -MF"Core/Src/stm32l4xx_hal_timebase_tim.d" -MT"Core/Src/stm32l4xx_hal_timebase_tim.o" --specs=nano.specs -mfpu=fpv4-sp-d16 -mfloat-abi=hard -mthumb -o "Core/Src/stm32l4xx_hal_timebase_tim.o"
arm-none-eabi-gcc "../Core/Src/stm32l4xx_it.c" -mcpu=cortex-m4 -std=gnu11 -g3 -DDEBUG -DUSE_HAL_DRIVER -DSTM32L476xx -c -I../Core/Inc -I../Drivers/STM32L4xx_HAL_Driver/Inc -I../Drivers/STM32L4xx_HAL_Driver/Inc/Legacy -I../Middlewares/Third_Party/FreeRTOS/Source/include -I../Middlewares/Third_Party/FreeRTOS/Source/CMSIS_RTOS_V2 -I../Middlewares/Third_Party/FreeRTOS/Source/portable/GCC/ARM_CM4F -I../Drivers/CMSIS/Device/ST/STM32L4xx/Include -I../Drivers/CMSIS/Include -O0 -ffunction-sections -fdata-sections -Wall -fstack-usage -MMD -MP -MF"Core/Src/stm32l4xx_it.d" -MT"Core/Src/stm32l4xx_it.o" --specs=nano.specs -mfpu=fpv4-sp-d16 -mfloat-abi=hard -mthumb -o "Core/Src/stm32l4xx_it.o"
arm-none-eabi-gcc "../Core/Src/streetFunc.c" -mcpu=cortex-m4 -std=gnu11 -g3 -DDEBUG -DUSE_HAL_DRIVER -DSTM32L476xx -c -I../Core/Inc -I../Drivers/STM32L4xx_HAL_Driver/Inc -I../Drivers/STM32L4xx_HAL_Driver/Inc/Legacy -I../Middlewares/Third_Party/FreeRTOS/Source/include -I../Middlewares/Third_Party/FreeRTOS/Source/CMSIS_RTOS_V2 -I../Middlewares/Third_Party/FreeRTOS/Source/portable/GCC/ARM_CM4F -I../Drivers/CMSIS/Device/ST/STM32L4xx/Include -I../Drivers/CMSIS/Include -O0 -ffunction-sections -fdata-sections -Wall -fstack-usage -MMD -MP -MF"Core/Src/streetFunc.d" -MT"Core/Src/streetFunc.o" --specs=nano.specs -mfpu=fpv4-sp-d16 -mfloat-abi=hard -mthumb -o "Core/Src/streetFunc.o"
arm-none-eabi-gcc "../Core/Src/syscalls.c" -mcpu=cortex-m4 -std=gnu11 -g3 -DDEBUG -DUSE_HAL_DRIVER -DSTM32L476xx -c -I../Core/Inc -I../Drivers/STM32L4xx_HAL_Driver/Inc -I../Drivers/STM32L4xx_HAL_Driver/Inc/Legacy -I../Middlewares/Third_Party/FreeRTOS/Source/include -I../Middlewares/Third_Party/FreeRTOS/Source/CMSIS_RTOS_V2 -I../Middlewares/Third_Party/FreeRTOS/Source/portable/GCC/ARM_CM4F -I../Drivers/CMSIS/Device/ST/STM32L4xx/Include -I../Drivers/CMSIS/Include -O0 -ffunction-sections -fdata-sections -Wall -fstack-usage -MMD -MP -MF"Core/Src/syscalls.d" -MT"Core/Src/syscalls.o" --specs=nano.specs -mfpu=fpv4-sp-d16 -mfloat-abi=hard -mthumb -o "Core/Src/syscalls.o"
arm-none-eabi-gcc "../Core/Src/sysmem.c" -mcpu=cortex-m4 -std=gnu11 -g3 -DDEBUG -DUSE_HAL_DRIVER -DSTM32L476xx -c -I../Core/Inc -I../Drivers/STM32L4xx_HAL_Driver/Inc -I../Drivers/STM32L4xx_HAL_Driver/Inc/Legacy -I../Middlewares/Third_Party/FreeRTOS/Source/include -I../Middlewares/Third_Party/FreeRTOS/Source/CMSIS_RTOS_V2 -I../Middlewares/Third_Party/FreeRTOS/Source/portable/GCC/ARM_CM4F -I../Drivers/CMSIS/Device/ST/STM32L4xx/Include -I../Drivers/CMSIS/Include -O0 -ffunction-sections -fdata-sections -Wall -fstack-usage -MMD -MP -MF"Core/Src/sysmem.d" -MT"Core/Src/sysmem.o" --specs=nano.specs -mfpu=fpv4-sp-d16 -mfloat-abi=hard -mthumb -o "Core/Src/sysmem.o"
../Core/Src/streetFunc.c: In function 'Led_Clear':
../Core/Src/streetFunc.c:19:14: warning: passing argument 1 of 'sendSPIdata' from incompatible pointer type [-Wincompatible-pointer-types]
arm-none-eabi-gcc "../Core/Src/system_stm32l4xx.c" -mcpu=cortex-m4 -std=gnu11 -g3 -DDEBUG -DUSE_HAL_DRIVER -DSTM32L476xx -c -I../Core/Inc -I../Drivers/STM32L4xx_HAL_Driver/Inc -I../Drivers/STM32L4xx_HAL_Driver/Inc/Legacy -I../Middlewares/Third_Party/FreeRTOS/Source/include -I../Middlewares/Third_Party/FreeRTOS/Source/CMSIS_RTOS_V2 -I../Middlewares/Third_Party/FreeRTOS/Source/portable/GCC/ARM_CM4F -I../Drivers/CMSIS/Device/ST/STM32L4xx/Include -I../Drivers/CMSIS/Include -O0 -ffunction-sections -fdata-sections -Wall -fstack-usage -MMD -MP -MF"Core/Src/system_stm32l4xx.d" -MT"Core/Src/system_stm32l4xx.o" --specs=nano.specs -mfpu=fpv4-sp-d16 -mfloat-abi=hard -mthumb -o "Core/Src/system_stm32l4xx.o"
   19 |  sendSPIdata(&led[0], 3);
      |              ^~~~~~~
      |              |
      |              uint32_t * {aka long unsigned int *}
In file included from ../Core/Src/streetFunc.c:10:
../Core/Inc/streetFunc.h:95:26: note: expected 'uint8_t *' {aka 'unsigned char *'} but argument is of type 'uint32_t *' {aka 'long unsigned int *'}
   95 | void sendSPIdata(uint8_t data[], uint8_t byteSize);
      |                  ~~~~~~~~^~~~~~
../Core/Src/streetFunc.c: In function 'Blue_Clear1':
../Core/Src/streetFunc.c:24:14: warning: passing argument 1 of 'sendSPIdata' from incompatible pointer type [-Wincompatible-pointer-types]
   24 |  sendSPIdata(&led[0], 3);
      |              ^~~~~~~
      |              |
      |              uint32_t * {aka long unsigned int *}
In file included from ../Core/Src/streetFunc.c:10:
../Core/Inc/streetFunc.h:95:26: note: expected 'uint8_t *' {aka 'unsigned char *'} but argument is of type 'uint32_t *' {aka 'long unsigned int *'}
   95 | void sendSPIdata(uint8_t data[], uint8_t byteSize);
      |                  ~~~~~~~~^~~~~~
../Core/Src/streetFunc.c: In function 'Blue_Clear2':
../Core/Src/streetFunc.c:29:14: warning: passing argument 1 of 'sendSPIdata' from incompatible pointer type [-Wincompatible-pointer-types]
   29 |  sendSPIdata(&led[0], 3);
      |              ^~~~~~~
      |              |
      |              uint32_t * {aka long unsigned int *}
In file included from ../Core/Src/streetFunc.c:10:
../Core/Inc/streetFunc.h:95:26: note: expected 'uint8_t *' {aka 'unsigned char *'} but argument is of type 'uint32_t *' {aka 'long unsigned int *'}
   95 | void sendSPIdata(uint8_t data[], uint8_t byteSize);
      |                  ~~~~~~~~^~~~~~
../Core/Src/streetFunc.c: In function 'Flash_Led':
../Core/Src/streetFunc.c:159:14: warning: passing argument 1 of 'sendSPIdata' from incompatible pointer type [-Wincompatible-pointer-types]
  159 |  sendSPIdata(&led[0], 3);
      |              ^~~~~~~
      |              |
      |              uint32_t * {aka long unsigned int *}
In file included from ../Core/Src/streetFunc.c:10:
../Core/Inc/streetFunc.h:95:26: note: expected 'uint8_t *' {aka 'unsigned char *'} but argument is of type 'uint32_t *' {aka 'long unsigned int *'}
   95 | void sendSPIdata(uint8_t data[], uint8_t byteSize);
      |                  ~~~~~~~~^~~~~~
../Core/Src/streetFunc.c: In function 'States':
../Core/Src/streetFunc.c:179:15: warning: passing argument 1 of 'sendSPIdata' from incompatible pointer type [-Wincompatible-pointer-types]
  179 |   sendSPIdata(&led[0], 3);
      |               ^~~~~~~
      |               |
      |               uint32_t * {aka long unsigned int *}
In file included from ../Core/Src/streetFunc.c:10:
../Core/Inc/streetFunc.h:95:26: note: expected 'uint8_t *' {aka 'unsigned char *'} but argument is of type 'uint32_t *' {aka 'long unsigned int *'}
   95 | void sendSPIdata(uint8_t data[], uint8_t byteSize);
      |                  ~~~~~~~~^~~~~~
../Core/Src/streetFunc.c:192:15: warning: passing argument 1 of 'sendSPIdata' from incompatible pointer type [-Wincompatible-pointer-types]
  192 |   sendSPIdata(&led[0], 3);
      |               ^~~~~~~
      |               |
      |               uint32_t * {aka long unsigned int *}
In file included from ../Core/Src/streetFunc.c:10:
../Core/Inc/streetFunc.h:95:26: note: expected 'uint8_t *' {aka 'unsigned char *'} but argument is of type 'uint32_t *' {aka 'long unsigned int *'}
   95 | void sendSPIdata(uint8_t data[], uint8_t byteSize);
      |                  ~~~~~~~~^~~~~~
../Core/Src/streetFunc.c:207:15: warning: passing argument 1 of 'sendSPIdata' from incompatible pointer type [-Wincompatible-pointer-types]
  207 |   sendSPIdata(&led[0], 3);
      |               ^~~~~~~
      |               |
      |               uint32_t * {aka long unsigned int *}
In file included from ../Core/Src/streetFunc.c:10:
../Core/Inc/streetFunc.h:95:26: note: expected 'uint8_t *' {aka 'unsigned char *'} but argument is of type 'uint32_t *' {aka 'long unsigned int *'}
   95 | void sendSPIdata(uint8_t data[], uint8_t byteSize);
      |                  ~~~~~~~~^~~~~~
arm-none-eabi-gcc -o "street.elf" @"objects.list"   -mcpu=cortex-m4 -T"/Users/emil/streetTest/street/STM32L476RGTX_FLASH.ld" --specs=nosys.specs -Wl,-Map="street.map" -Wl,--gc-sections -static --specs=nano.specs -mfpu=fpv4-sp-d16 -mfloat-abi=hard -mthumb -Wl,--start-group -lc -lm -Wl,--end-group
Finished building target: street.elf
 
arm-none-eabi-size   street.elf 
arm-none-eabi-objdump -h -S  street.elf  > "street.list"
   text	   data	    bss	    dec	    hex	filename
  28852	    148	   9396	  38396	   95fc	street.elf
Finished building: default.size.stdout
 
Finished building: street.list
 
16:59:35 **** Incremental Build of configuration Debug for project street ****
make -j7 all 
arm-none-eabi-size   street.elf 
   text	   data	    bss	    dec	    hex	filename
  28852	    148	   9396	  38396	   95fc	street.elf
Finished building: default.size.stdout
 
17:01:08 **** Incremental Build of configuration Debug for project street ****
make -j7 all 
arm-none-eabi-gcc "../Core/Src/freertos.c" -mcpu=cortex-m4 -std=gnu11 -g3 -DDEBUG -DUSE_HAL_DRIVER -DSTM32L476xx -c -I../Core/Inc -I../Drivers/STM32L4xx_HAL_Driver/Inc -I../Drivers/STM32L4xx_HAL_Driver/Inc/Legacy -I../Middlewares/Third_Party/FreeRTOS/Source/include -I../Middlewares/Third_Party/FreeRTOS/Source/CMSIS_RTOS_V2 -I../Middlewares/Third_Party/FreeRTOS/Source/portable/GCC/ARM_CM4F -I../Drivers/CMSIS/Device/ST/STM32L4xx/Include -I../Drivers/CMSIS/Include -O0 -ffunction-sections -fdata-sections -Wall -fstack-usage -MMD -MP -MF"Core/Src/freertos.d" -MT"Core/Src/freertos.o" --specs=nano.specs -mfpu=fpv4-sp-d16 -mfloat-abi=hard -mthumb -o "Core/Src/freertos.o"
arm-none-eabi-gcc -o "street.elf" @"objects.list"   -mcpu=cortex-m4 -T"/Users/emil/streetTest/street/STM32L476RGTX_FLASH.ld" --specs=nosys.specs -Wl,-Map="street.map" -Wl,--gc-sections -static --specs=nano.specs -mfpu=fpv4-sp-d16 -mfloat-abi=hard -mthumb -Wl,--start-group -lc -lm -Wl,--end-group
Finished building target: street.elf
 
arm-none-eabi-size   street.elf 
arm-none-eabi-objdump -h -S  street.elf  > "street.list"
   text	   data	    bss	    dec	    hex	filename
  28852	    148	   9396	  38396	   95fc	street.elf
Finished building: default.size.stdout
 
Finished building: street.list
 
17:01:20 **** Incremental Build of configuration Debug for project street ****
make -j7 all 
arm-none-eabi-gcc "../Core/Src/Test.c" -mcpu=cortex-m4 -std=gnu11 -g3 -DDEBUG -DUSE_HAL_DRIVER -DSTM32L476xx -c -I../Core/Inc -I../Drivers/STM32L4xx_HAL_Driver/Inc -I../Drivers/STM32L4xx_HAL_Driver/Inc/Legacy -I../Middlewares/Third_Party/FreeRTOS/Source/include -I../Middlewares/Third_Party/FreeRTOS/Source/CMSIS_RTOS_V2 -I../Middlewares/Third_Party/FreeRTOS/Source/portable/GCC/ARM_CM4F -I../Drivers/CMSIS/Device/ST/STM32L4xx/Include -I../Drivers/CMSIS/Include -O0 -ffunction-sections -fdata-sections -Wall -fstack-usage -MMD -MP -MF"Core/Src/Test.d" -MT"Core/Src/Test.o" --specs=nano.specs -mfpu=fpv4-sp-d16 -mfloat-abi=hard -mthumb -o "Core/Src/Test.o"
arm-none-eabi-gcc "../Core/Src/freertos.c" -mcpu=cortex-m4 -std=gnu11 -g3 -DDEBUG -DUSE_HAL_DRIVER -DSTM32L476xx -c -I../Core/Inc -I../Drivers/STM32L4xx_HAL_Driver/Inc -I../Drivers/STM32L4xx_HAL_Driver/Inc/Legacy -I../Middlewares/Third_Party/FreeRTOS/Source/include -I../Middlewares/Third_Party/FreeRTOS/Source/CMSIS_RTOS_V2 -I../Middlewares/Third_Party/FreeRTOS/Source/portable/GCC/ARM_CM4F -I../Drivers/CMSIS/Device/ST/STM32L4xx/Include -I../Drivers/CMSIS/Include -O0 -ffunction-sections -fdata-sections -Wall -fstack-usage -MMD -MP -MF"Core/Src/freertos.d" -MT"Core/Src/freertos.o" --specs=nano.specs -mfpu=fpv4-sp-d16 -mfloat-abi=hard -mthumb -o "Core/Src/freertos.o"
arm-none-eabi-gcc "../Core/Src/main.c" -mcpu=cortex-m4 -std=gnu11 -g3 -DDEBUG -DUSE_HAL_DRIVER -DSTM32L476xx -c -I../Core/Inc -I../Drivers/STM32L4xx_HAL_Driver/Inc -I../Drivers/STM32L4xx_HAL_Driver/Inc/Legacy -I../Middlewares/Third_Party/FreeRTOS/Source/include -I../Middlewares/Third_Party/FreeRTOS/Source/CMSIS_RTOS_V2 -I../Middlewares/Third_Party/FreeRTOS/Source/portable/GCC/ARM_CM4F -I../Drivers/CMSIS/Device/ST/STM32L4xx/Include -I../Drivers/CMSIS/Include -O0 -ffunction-sections -fdata-sections -Wall -fstack-usage -MMD -MP -MF"Core/Src/main.d" -MT"Core/Src/main.o" --specs=nano.specs -mfpu=fpv4-sp-d16 -mfloat-abi=hard -mthumb -o "Core/Src/main.o"
arm-none-eabi-gcc "../Core/Src/streetFunc.c" -mcpu=cortex-m4 -std=gnu11 -g3 -DDEBUG -DUSE_HAL_DRIVER -DSTM32L476xx -c -I../Core/Inc -I../Drivers/STM32L4xx_HAL_Driver/Inc -I../Drivers/STM32L4xx_HAL_Driver/Inc/Legacy -I../Middlewares/Third_Party/FreeRTOS/Source/include -I../Middlewares/Third_Party/FreeRTOS/Source/CMSIS_RTOS_V2 -I../Middlewares/Third_Party/FreeRTOS/Source/portable/GCC/ARM_CM4F -I../Drivers/CMSIS/Device/ST/STM32L4xx/Include -I../Drivers/CMSIS/Include -O0 -ffunction-sections -fdata-sections -Wall -fstack-usage -MMD -MP -MF"Core/Src/streetFunc.d" -MT"Core/Src/streetFunc.o" --specs=nano.specs -mfpu=fpv4-sp-d16 -mfloat-abi=hard -mthumb -o "Core/Src/streetFunc.o"
../Core/Src/streetFunc.c: In function 'Led_Clear':
../Core/Src/streetFunc.c:19:14: warning: passing argument 1 of 'sendSPIdata' from incompatible pointer type [-Wincompatible-pointer-types]
   19 |  sendSPIdata(&led[0], 3);
      |              ^~~~~~~
      |              |
      |              uint32_t * {aka long unsigned int *}
In file included from ../Core/Src/streetFunc.c:10:
../Core/Inc/streetFunc.h:106:26: note: expected 'uint8_t *' {aka 'unsigned char *'} but argument is of type 'uint32_t *' {aka 'long unsigned int *'}
  106 | void sendSPIdata(uint8_t data[], uint8_t byteSize);
      |                  ~~~~~~~~^~~~~~
../Core/Src/streetFunc.c: In function 'Blue_Clear1':
../Core/Src/streetFunc.c:24:14: warning: passing argument 1 of 'sendSPIdata' from incompatible pointer type [-Wincompatible-pointer-types]
   24 |  sendSPIdata(&led[0], 3);
      |              ^~~~~~~
      |              |
      |              uint32_t * {aka long unsigned int *}
In file included from ../Core/Src/streetFunc.c:10:
../Core/Inc/streetFunc.h:106:26: note: expected 'uint8_t *' {aka 'unsigned char *'} but argument is of type 'uint32_t *' {aka 'long unsigned int *'}
  106 | void sendSPIdata(uint8_t data[], uint8_t byteSize);
      |                  ~~~~~~~~^~~~~~
../Core/Src/streetFunc.c: In function 'Blue_Clear2':
../Core/Src/streetFunc.c:29:14: warning: passing argument 1 of 'sendSPIdata' from incompatible pointer type [-Wincompatible-pointer-types]
   29 |  sendSPIdata(&led[0], 3);
      |              ^~~~~~~
      |              |
      |              uint32_t * {aka long unsigned int *}
In file included from ../Core/Src/streetFunc.c:10:
../Core/Inc/streetFunc.h:106:26: note: expected 'uint8_t *' {aka 'unsigned char *'} but argument is of type 'uint32_t *' {aka 'long unsigned int *'}
  106 | void sendSPIdata(uint8_t data[], uint8_t byteSize);
      |                  ~~~~~~~~^~~~~~
../Core/Src/streetFunc.c: In function 'Flash_Led':
../Core/Src/streetFunc.c:159:14: warning: passing argument 1 of 'sendSPIdata' from incompatible pointer type [-Wincompatible-pointer-types]
  159 |  sendSPIdata(&led[0], 3);
      |              ^~~~~~~
      |              |
      |              uint32_t * {aka long unsigned int *}
In file included from ../Core/Src/streetFunc.c:10:
../Core/Inc/streetFunc.h:106:26: note: expected 'uint8_t *' {aka 'unsigned char *'} but argument is of type 'uint32_t *' {aka 'long unsigned int *'}
  106 | void sendSPIdata(uint8_t data[], uint8_t byteSize);
      |                  ~~~~~~~~^~~~~~
../Core/Src/streetFunc.c: In function 'States':
../Core/Src/streetFunc.c:179:15: warning: passing argument 1 of 'sendSPIdata' from incompatible pointer type [-Wincompatible-pointer-types]
  179 |   sendSPIdata(&led[0], 3);
      |               ^~~~~~~
      |               |
      |               uint32_t * {aka long unsigned int *}
In file included from ../Core/Src/streetFunc.c:10:
../Core/Inc/streetFunc.h:106:26: note: expected 'uint8_t *' {aka 'unsigned char *'} but argument is of type 'uint32_t *' {aka 'long unsigned int *'}
  106 | void sendSPIdata(uint8_t data[], uint8_t byteSize);
      |                  ~~~~~~~~^~~~~~
../Core/Src/streetFunc.c:192:15: warning: passing argument 1 of 'sendSPIdata' from incompatible pointer type [-Wincompatible-pointer-types]
  192 |   sendSPIdata(&led[0], 3);
      |               ^~~~~~~
      |               |
      |               uint32_t * {aka long unsigned int *}
In file included from ../Core/Src/streetFunc.c:10:
../Core/Inc/streetFunc.h:106:26: note: expected 'uint8_t *' {aka 'unsigned char *'} but argument is of type 'uint32_t *' {aka 'long unsigned int *'}
  106 | void sendSPIdata(uint8_t data[], uint8_t byteSize);
      |                  ~~~~~~~~^~~~~~
../Core/Src/streetFunc.c:207:15: warning: passing argument 1 of 'sendSPIdata' from incompatible pointer type [-Wincompatible-pointer-types]
  207 |   sendSPIdata(&led[0], 3);
      |               ^~~~~~~
      |               |
      |               uint32_t * {aka long unsigned int *}
In file included from ../Core/Src/streetFunc.c:10:
../Core/Inc/streetFunc.h:106:26: note: expected 'uint8_t *' {aka 'unsigned char *'} but argument is of type 'uint32_t *' {aka 'long unsigned int *'}
  106 | void sendSPIdata(uint8_t data[], uint8_t byteSize);
      |                  ~~~~~~~~^~~~~~
arm-none-eabi-gcc -o "street.elf" @"objects.list"   -mcpu=cortex-m4 -T"/Users/emil/streetTest/street/STM32L476RGTX_FLASH.ld" --specs=nosys.specs -Wl,-Map="street.map" -Wl,--gc-sections -static --specs=nano.specs -mfpu=fpv4-sp-d16 -mfloat-abi=hard -mthumb -Wl,--start-group -lc -lm -Wl,--end-group
Finished building target: street.elf
 
arm-none-eabi-size   street.elf 
arm-none-eabi-objdump -h -S  street.elf  > "street.list"
   text	   data	    bss	    dec	    hex	filename
  28852	    148	   9396	  38396	   95fc	street.elf
Finished building: default.size.stdout
 
Finished building: street.list
 
17:01:47 **** Incremental Build of configuration Debug for project street ****
make -j7 all 
arm-none-eabi-gcc "../Core/Src/streetFunc.c" -mcpu=cortex-m4 -std=gnu11 -g3 -DDEBUG -DUSE_HAL_DRIVER -DSTM32L476xx -c -I../Core/Inc -I../Drivers/STM32L4xx_HAL_Driver/Inc -I../Drivers/STM32L4xx_HAL_Driver/Inc/Legacy -I../Middlewares/Third_Party/FreeRTOS/Source/include -I../Middlewares/Third_Party/FreeRTOS/Source/CMSIS_RTOS_V2 -I../Middlewares/Third_Party/FreeRTOS/Source/portable/GCC/ARM_CM4F -I../Drivers/CMSIS/Device/ST/STM32L4xx/Include -I../Drivers/CMSIS/Include -O0 -ffunction-sections -fdata-sections -Wall -fstack-usage -MMD -MP -MF"Core/Src/streetFunc.d" -MT"Core/Src/streetFunc.o" --specs=nano.specs -mfpu=fpv4-sp-d16 -mfloat-abi=hard -mthumb -o "Core/Src/streetFunc.o"
../Core/Src/streetFunc.c: In function 'Led_Clear':
../Core/Src/streetFunc.c:28:14: warning: passing argument 1 of 'sendSPIdata' from incompatible pointer type [-Wincompatible-pointer-types]
   28 |  sendSPIdata(&led[0], 3);
      |              ^~~~~~~
      |              |
      |              uint32_t * {aka long unsigned int *}
In file included from ../Core/Src/streetFunc.c:19:
../Core/Inc/streetFunc.h:106:26: note: expected 'uint8_t *' {aka 'unsigned char *'} but argument is of type 'uint32_t *' {aka 'long unsigned int *'}
  106 | void sendSPIdata(uint8_t data[], uint8_t byteSize);
      |                  ~~~~~~~~^~~~~~
../Core/Src/streetFunc.c: In function 'Blue_Clear1':
../Core/Src/streetFunc.c:33:14: warning: passing argument 1 of 'sendSPIdata' from incompatible pointer type [-Wincompatible-pointer-types]
   33 |  sendSPIdata(&led[0], 3);
      |              ^~~~~~~
      |              |
      |              uint32_t * {aka long unsigned int *}
In file included from ../Core/Src/streetFunc.c:19:
../Core/Inc/streetFunc.h:106:26: note: expected 'uint8_t *' {aka 'unsigned char *'} but argument is of type 'uint32_t *' {aka 'long unsigned int *'}
  106 | void sendSPIdata(uint8_t data[], uint8_t byteSize);
      |                  ~~~~~~~~^~~~~~
../Core/Src/streetFunc.c: In function 'Blue_Clear2':
../Core/Src/streetFunc.c:38:14: warning: passing argument 1 of 'sendSPIdata' from incompatible pointer type [-Wincompatible-pointer-types]
   38 |  sendSPIdata(&led[0], 3);
      |              ^~~~~~~
      |              |
      |              uint32_t * {aka long unsigned int *}
In file included from ../Core/Src/streetFunc.c:19:
../Core/Inc/streetFunc.h:106:26: note: expected 'uint8_t *' {aka 'unsigned char *'} but argument is of type 'uint32_t *' {aka 'long unsigned int *'}
  106 | void sendSPIdata(uint8_t data[], uint8_t byteSize);
      |                  ~~~~~~~~^~~~~~
../Core/Src/streetFunc.c: In function 'Flash_Led':
../Core/Src/streetFunc.c:168:14: warning: passing argument 1 of 'sendSPIdata' from incompatible pointer type [-Wincompatible-pointer-types]
  168 |  sendSPIdata(&led[0], 3);
      |              ^~~~~~~
      |              |
      |              uint32_t * {aka long unsigned int *}
In file included from ../Core/Src/streetFunc.c:19:
../Core/Inc/streetFunc.h:106:26: note: expected 'uint8_t *' {aka 'unsigned char *'} but argument is of type 'uint32_t *' {aka 'long unsigned int *'}
  106 | void sendSPIdata(uint8_t data[], uint8_t byteSize);
      |                  ~~~~~~~~^~~~~~
../Core/Src/streetFunc.c: In function 'States':
../Core/Src/streetFunc.c:188:15: warning: passing argument 1 of 'sendSPIdata' from incompatible pointer type [-Wincompatible-pointer-types]
  188 |   sendSPIdata(&led[0], 3);
      |               ^~~~~~~
      |               |
      |               uint32_t * {aka long unsigned int *}
In file included from ../Core/Src/streetFunc.c:19:
../Core/Inc/streetFunc.h:106:26: note: expected 'uint8_t *' {aka 'unsigned char *'} but argument is of type 'uint32_t *' {aka 'long unsigned int *'}
  106 | void sendSPIdata(uint8_t data[], uint8_t byteSize);
      |                  ~~~~~~~~^~~~~~
../Core/Src/streetFunc.c:201:15: warning: passing argument 1 of 'sendSPIdata' from incompatible pointer type [-Wincompatible-pointer-types]
  201 |   sendSPIdata(&led[0], 3);
      |               ^~~~~~~
      |               |
      |               uint32_t * {aka long unsigned int *}
In file included from ../Core/Src/streetFunc.c:19:
../Core/Inc/streetFunc.h:106:26: note: expected 'uint8_t *' {aka 'unsigned char *'} but argument is of type 'uint32_t *' {aka 'long unsigned int *'}
  106 | void sendSPIdata(uint8_t data[], uint8_t byteSize);
      |                  ~~~~~~~~^~~~~~
../Core/Src/streetFunc.c:216:15: warning: passing argument 1 of 'sendSPIdata' from incompatible pointer type [-Wincompatible-pointer-types]
  216 |   sendSPIdata(&led[0], 3);
      |               ^~~~~~~
      |               |
      |               uint32_t * {aka long unsigned int *}
In file included from ../Core/Src/streetFunc.c:19:
../Core/Inc/streetFunc.h:106:26: note: expected 'uint8_t *' {aka 'unsigned char *'} but argument is of type 'uint32_t *' {aka 'long unsigned int *'}
  106 | void sendSPIdata(uint8_t data[], uint8_t byteSize);
      |                  ~~~~~~~~^~~~~~
arm-none-eabi-gcc -o "street.elf" @"objects.list"   -mcpu=cortex-m4 -T"/Users/emil/streetTest/street/STM32L476RGTX_FLASH.ld" --specs=nosys.specs -Wl,-Map="street.map" -Wl,--gc-sections -static --specs=nano.specs -mfpu=fpv4-sp-d16 -mfloat-abi=hard -mthumb -Wl,--start-group -lc -lm -Wl,--end-group
Finished building target: street.elf
 
arm-none-eabi-size   street.elf 
arm-none-eabi-objdump -h -S  street.elf  > "street.list"
   text	   data	    bss	    dec	    hex	filename
  28852	    148	   9396	  38396	   95fc	street.elf
Finished building: default.size.stdout
 
Finished building: street.list
 
10:55:05 **** Incremental Build of configuration Debug for project street ****
make -j7 all 
arm-none-eabi-gcc "../Core/Src/freertos.c" -mcpu=cortex-m4 -std=gnu11 -g3 -DDEBUG -DUSE_HAL_DRIVER -DSTM32L476xx -c -I../Core/Inc -I../Drivers/STM32L4xx_HAL_Driver/Inc -I../Drivers/STM32L4xx_HAL_Driver/Inc/Legacy -I../Middlewares/Third_Party/FreeRTOS/Source/include -I../Middlewares/Third_Party/FreeRTOS/Source/CMSIS_RTOS_V2 -I../Middlewares/Third_Party/FreeRTOS/Source/portable/GCC/ARM_CM4F -I../Drivers/CMSIS/Device/ST/STM32L4xx/Include -I../Drivers/CMSIS/Include -O0 -ffunction-sections -fdata-sections -Wall -fstack-usage -MMD -MP -MF"Core/Src/freertos.d" -MT"Core/Src/freertos.o" --specs=nano.specs -mfpu=fpv4-sp-d16 -mfloat-abi=hard -mthumb -o "Core/Src/freertos.o"
arm-none-eabi-gcc -o "street.elf" @"objects.list"   -mcpu=cortex-m4 -T"/Users/emil/streetTest/street/STM32L476RGTX_FLASH.ld" --specs=nosys.specs -Wl,-Map="street.map" -Wl,--gc-sections -static --specs=nano.specs -mfpu=fpv4-sp-d16 -mfloat-abi=hard -mthumb -Wl,--start-group -lc -lm -Wl,--end-group
Finished building target: street.elf
 
arm-none-eabi-size   street.elf 
arm-none-eabi-objdump -h -S  street.elf  > "street.list"
   text	   data	    bss	    dec	    hex	filename
  28852	    148	   9396	  38396	   95fc	street.elf
Finished building: default.size.stdout
 
Finished building: street.list
 
11:04:50 **** Incremental Build of configuration Debug for project street ****
make -j7 all 
arm-none-eabi-gcc "../Core/Src/freertos.c" -mcpu=cortex-m4 -std=gnu11 -g3 -DDEBUG -DUSE_HAL_DRIVER -DSTM32L476xx -c -I../Core/Inc -I../Drivers/STM32L4xx_HAL_Driver/Inc -I../Drivers/STM32L4xx_HAL_Driver/Inc/Legacy -I../Middlewares/Third_Party/FreeRTOS/Source/include -I../Middlewares/Third_Party/FreeRTOS/Source/CMSIS_RTOS_V2 -I../Middlewares/Third_Party/FreeRTOS/Source/portable/GCC/ARM_CM4F -I../Drivers/CMSIS/Device/ST/STM32L4xx/Include -I../Drivers/CMSIS/Include -O0 -ffunction-sections -fdata-sections -Wall -fstack-usage -MMD -MP -MF"Core/Src/freertos.d" -MT"Core/Src/freertos.o" --specs=nano.specs -mfpu=fpv4-sp-d16 -mfloat-abi=hard -mthumb -o "Core/Src/freertos.o"
arm-none-eabi-gcc "../Core/Src/streetFunc.c" -mcpu=cortex-m4 -std=gnu11 -g3 -DDEBUG -DUSE_HAL_DRIVER -DSTM32L476xx -c -I../Core/Inc -I../Drivers/STM32L4xx_HAL_Driver/Inc -I../Drivers/STM32L4xx_HAL_Driver/Inc/Legacy -I../Middlewares/Third_Party/FreeRTOS/Source/include -I../Middlewares/Third_Party/FreeRTOS/Source/CMSIS_RTOS_V2 -I../Middlewares/Third_Party/FreeRTOS/Source/portable/GCC/ARM_CM4F -I../Drivers/CMSIS/Device/ST/STM32L4xx/Include -I../Drivers/CMSIS/Include -O0 -ffunction-sections -fdata-sections -Wall -fstack-usage -MMD -MP -MF"Core/Src/streetFunc.d" -MT"Core/Src/streetFunc.o" --specs=nano.specs -mfpu=fpv4-sp-d16 -mfloat-abi=hard -mthumb -o "Core/Src/streetFunc.o"
../Core/Src/streetFunc.c: In function 'Led_Clear':
../Core/Src/streetFunc.c:29:14: warning: passing argument 1 of 'sendSPIdata' from incompatible pointer type [-Wincompatible-pointer-types]
   29 |  sendSPIdata(&led[0], 3);
      |              ^~~~~~~
      |              |
      |              uint32_t * {aka long unsigned int *}
In file included from ../Core/Src/streetFunc.c:20:
../Core/Inc/streetFunc.h:106:26: note: expected 'uint8_t *' {aka 'unsigned char *'} but argument is of type 'uint32_t *' {aka 'long unsigned int *'}
  106 | void sendSPIdata(uint8_t data[], uint8_t byteSize);
      |                  ~~~~~~~~^~~~~~
../Core/Src/streetFunc.c: In function 'Blue_Clear1':
../Core/Src/streetFunc.c:34:14: warning: passing argument 1 of 'sendSPIdata' from incompatible pointer type [-Wincompatible-pointer-types]
   34 |  sendSPIdata(&led[0], 3);
      |              ^~~~~~~
      |              |
      |              uint32_t * {aka long unsigned int *}
In file included from ../Core/Src/streetFunc.c:20:
../Core/Inc/streetFunc.h:106:26: note: expected 'uint8_t *' {aka 'unsigned char *'} but argument is of type 'uint32_t *' {aka 'long unsigned int *'}
  106 | void sendSPIdata(uint8_t data[], uint8_t byteSize);
      |                  ~~~~~~~~^~~~~~
../Core/Src/streetFunc.c: In function 'Blue_Clear2':
../Core/Src/streetFunc.c:39:14: warning: passing argument 1 of 'sendSPIdata' from incompatible pointer type [-Wincompatible-pointer-types]
   39 |  sendSPIdata(&led[0], 3);
      |              ^~~~~~~
      |              |
      |              uint32_t * {aka long unsigned int *}
In file included from ../Core/Src/streetFunc.c:20:
../Core/Inc/streetFunc.h:106:26: note: expected 'uint8_t *' {aka 'unsigned char *'} but argument is of type 'uint32_t *' {aka 'long unsigned int *'}
  106 | void sendSPIdata(uint8_t data[], uint8_t byteSize);
      |                  ~~~~~~~~^~~~~~
../Core/Src/streetFunc.c: In function 'Flash_Led':
../Core/Src/streetFunc.c:169:14: warning: passing argument 1 of 'sendSPIdata' from incompatible pointer type [-Wincompatible-pointer-types]
  169 |  sendSPIdata(&led[0], 3);
      |              ^~~~~~~
      |              |
      |              uint32_t * {aka long unsigned int *}
In file included from ../Core/Src/streetFunc.c:20:
../Core/Inc/streetFunc.h:106:26: note: expected 'uint8_t *' {aka 'unsigned char *'} but argument is of type 'uint32_t *' {aka 'long unsigned int *'}
  106 | void sendSPIdata(uint8_t data[], uint8_t byteSize);
      |                  ~~~~~~~~^~~~~~
../Core/Src/streetFunc.c: In function 'States':
../Core/Src/streetFunc.c:189:15: warning: passing argument 1 of 'sendSPIdata' from incompatible pointer type [-Wincompatible-pointer-types]
  189 |   sendSPIdata(&led[0], 3);
      |               ^~~~~~~
      |               |
      |               uint32_t * {aka long unsigned int *}
In file included from ../Core/Src/streetFunc.c:20:
../Core/Inc/streetFunc.h:106:26: note: expected 'uint8_t *' {aka 'unsigned char *'} but argument is of type 'uint32_t *' {aka 'long unsigned int *'}
  106 | void sendSPIdata(uint8_t data[], uint8_t byteSize);
      |                  ~~~~~~~~^~~~~~
../Core/Src/streetFunc.c:202:15: warning: passing argument 1 of 'sendSPIdata' from incompatible pointer type [-Wincompatible-pointer-types]
  202 |   sendSPIdata(&led[0], 3);
      |               ^~~~~~~
      |               |
      |               uint32_t * {aka long unsigned int *}
In file included from ../Core/Src/streetFunc.c:20:
../Core/Inc/streetFunc.h:106:26: note: expected 'uint8_t *' {aka 'unsigned char *'} but argument is of type 'uint32_t *' {aka 'long unsigned int *'}
  106 | void sendSPIdata(uint8_t data[], uint8_t byteSize);
      |                  ~~~~~~~~^~~~~~
../Core/Src/streetFunc.c:217:15: warning: passing argument 1 of 'sendSPIdata' from incompatible pointer type [-Wincompatible-pointer-types]
  217 |   sendSPIdata(&led[0], 3);
      |               ^~~~~~~
      |               |
      |               uint32_t * {aka long unsigned int *}
In file included from ../Core/Src/streetFunc.c:20:
../Core/Inc/streetFunc.h:106:26: note: expected 'uint8_t *' {aka 'unsigned char *'} but argument is of type 'uint32_t *' {aka 'long unsigned int *'}
  106 | void sendSPIdata(uint8_t data[], uint8_t byteSize);
      |                  ~~~~~~~~^~~~~~
arm-none-eabi-gcc -o "street.elf" @"objects.list"   -mcpu=cortex-m4 -T"/Users/emil/streetTest/street/STM32L476RGTX_FLASH.ld" --specs=nosys.specs -Wl,-Map="street.map" -Wl,--gc-sections -static --specs=nano.specs -mfpu=fpv4-sp-d16 -mfloat-abi=hard -mthumb -Wl,--start-group -lc -lm -Wl,--end-group
Finished building target: street.elf
 
arm-none-eabi-size   street.elf 
arm-none-eabi-objdump -h -S  street.elf  > "street.list"
   text	   data	    bss	    dec	    hex	filename
  28852	    148	   9396	  38396	   95fc	street.elf
Finished building: default.size.stdout
 
Finished building: street.list
 
11:14:42 **** Incremental Build of configuration Debug for project street ****
make -j7 all 
arm-none-eabi-gcc "../Core/Src/freertos.c" -mcpu=cortex-m4 -std=gnu11 -g3 -DDEBUG -DUSE_HAL_DRIVER -DSTM32L476xx -c -I../Core/Inc -I../Drivers/STM32L4xx_HAL_Driver/Inc -I../Drivers/STM32L4xx_HAL_Driver/Inc/Legacy -I../Middlewares/Third_Party/FreeRTOS/Source/include -I../Middlewares/Third_Party/FreeRTOS/Source/CMSIS_RTOS_V2 -I../Middlewares/Third_Party/FreeRTOS/Source/portable/GCC/ARM_CM4F -I../Drivers/CMSIS/Device/ST/STM32L4xx/Include -I../Drivers/CMSIS/Include -O0 -ffunction-sections -fdata-sections -Wall -fstack-usage -MMD -MP -MF"Core/Src/freertos.d" -MT"Core/Src/freertos.o" --specs=nano.specs -mfpu=fpv4-sp-d16 -mfloat-abi=hard -mthumb -o "Core/Src/freertos.o"
arm-none-eabi-gcc -o "street.elf" @"objects.list"   -mcpu=cortex-m4 -T"/Users/emil/streetTest/street/STM32L476RGTX_FLASH.ld" --specs=nosys.specs -Wl,-Map="street.map" -Wl,--gc-sections -static --specs=nano.specs -mfpu=fpv4-sp-d16 -mfloat-abi=hard -mthumb -Wl,--start-group -lc -lm -Wl,--end-group
Finished building target: street.elf
 
arm-none-eabi-size   street.elf 
arm-none-eabi-objdump -h -S  street.elf  > "street.list"
   text	   data	    bss	    dec	    hex	filename
  28836	    148	   9396	  38380	   95ec	street.elf
Finished building: default.size.stdout
 
Finished building: street.list
 
11:45:47 **** Incremental Build of configuration Debug for project street ****
make -j7 all 
arm-none-eabi-gcc "../Core/Src/freertos.c" -mcpu=cortex-m4 -std=gnu11 -g3 -DDEBUG -DUSE_HAL_DRIVER -DSTM32L476xx -c -I../Core/Inc -I../Drivers/STM32L4xx_HAL_Driver/Inc -I../Drivers/STM32L4xx_HAL_Driver/Inc/Legacy -I../Middlewares/Third_Party/FreeRTOS/Source/include -I../Middlewares/Third_Party/FreeRTOS/Source/CMSIS_RTOS_V2 -I../Middlewares/Third_Party/FreeRTOS/Source/portable/GCC/ARM_CM4F -I../Drivers/CMSIS/Device/ST/STM32L4xx/Include -I../Drivers/CMSIS/Include -O0 -ffunction-sections -fdata-sections -Wall -fstack-usage -MMD -MP -MF"Core/Src/freertos.d" -MT"Core/Src/freertos.o" --specs=nano.specs -mfpu=fpv4-sp-d16 -mfloat-abi=hard -mthumb -o "Core/Src/freertos.o"
arm-none-eabi-gcc -o "street.elf" @"objects.list"   -mcpu=cortex-m4 -T"/Users/emil/streetTest/street/STM32L476RGTX_FLASH.ld" --specs=nosys.specs -Wl,-Map="street.map" -Wl,--gc-sections -static --specs=nano.specs -mfpu=fpv4-sp-d16 -mfloat-abi=hard -mthumb -Wl,--start-group -lc -lm -Wl,--end-group
Finished building target: street.elf
 
arm-none-eabi-size   street.elf 
arm-none-eabi-objdump -h -S  street.elf  > "street.list"
   text	   data	    bss	    dec	    hex	filename
  28836	    148	   9396	  38380	   95ec	street.elf
Finished building: default.size.stdout
 
Finished building: street.list
 
12:33:18 **** Incremental Build of configuration Debug for project street ****
make -j7 all 
arm-none-eabi-gcc "../Core/Src/Test.c" -mcpu=cortex-m4 -std=gnu11 -g3 -DDEBUG -DUSE_HAL_DRIVER -DSTM32L476xx -c -I../Core/Inc -I../Drivers/STM32L4xx_HAL_Driver/Inc -I../Drivers/STM32L4xx_HAL_Driver/Inc/Legacy -I../Middlewares/Third_Party/FreeRTOS/Source/include -I../Middlewares/Third_Party/FreeRTOS/Source/CMSIS_RTOS_V2 -I../Middlewares/Third_Party/FreeRTOS/Source/portable/GCC/ARM_CM4F -I../Drivers/CMSIS/Device/ST/STM32L4xx/Include -I../Drivers/CMSIS/Include -O0 -ffunction-sections -fdata-sections -Wall -fstack-usage -MMD -MP -MF"Core/Src/Test.d" -MT"Core/Src/Test.o" --specs=nano.specs -mfpu=fpv4-sp-d16 -mfloat-abi=hard -mthumb -o "Core/Src/Test.o"
arm-none-eabi-gcc "../Core/Src/main.c" -mcpu=cortex-m4 -std=gnu11 -g3 -DDEBUG -DUSE_HAL_DRIVER -DSTM32L476xx -c -I../Core/Inc -I../Drivers/STM32L4xx_HAL_Driver/Inc -I../Drivers/STM32L4xx_HAL_Driver/Inc/Legacy -I../Middlewares/Third_Party/FreeRTOS/Source/include -I../Middlewares/Third_Party/FreeRTOS/Source/CMSIS_RTOS_V2 -I../Middlewares/Third_Party/FreeRTOS/Source/portable/GCC/ARM_CM4F -I../Drivers/CMSIS/Device/ST/STM32L4xx/Include -I../Drivers/CMSIS/Include -O0 -ffunction-sections -fdata-sections -Wall -fstack-usage -MMD -MP -MF"Core/Src/main.d" -MT"Core/Src/main.o" --specs=nano.specs -mfpu=fpv4-sp-d16 -mfloat-abi=hard -mthumb -o "Core/Src/main.o"
../Core/Src/main.c: In function 'main':
../Core/Src/main.c:100:6: warning: implicit declaration of function 'Test_program' [-Wimplicit-function-declaration]
  100 |      Test_program();
      |      ^~~~~~~~~~~~
arm-none-eabi-gcc -o "street.elf" @"objects.list"   -mcpu=cortex-m4 -T"/Users/emil/streetTest/street/STM32L476RGTX_FLASH.ld" --specs=nosys.specs -Wl,-Map="street.map" -Wl,--gc-sections -static --specs=nano.specs -mfpu=fpv4-sp-d16 -mfloat-abi=hard -mthumb -Wl,--start-group -lc -lm -Wl,--end-group
Finished building target: street.elf
 
arm-none-eabi-size   street.elf 
arm-none-eabi-objdump -h -S  street.elf  > "street.list"
   text	   data	    bss	    dec	    hex	filename
  29044	    148	   9396	  38588	   96bc	street.elf
Finished building: default.size.stdout
 
Finished building: street.list
 
12:34:53 **** Incremental Build of configuration Debug for project street ****
make -j7 all 
arm-none-eabi-size   street.elf 
   text	   data	    bss	    dec	    hex	filename
  29044	    148	   9396	  38588	   96bc	street.elf
Finished building: default.size.stdout
 
12:35:30 **** Incremental Build of configuration Debug for project street ****
make -j7 all 
arm-none-eabi-gcc "../Core/Src/Test.c" -mcpu=cortex-m4 -std=gnu11 -g3 -DDEBUG -DUSE_HAL_DRIVER -DSTM32L476xx -c -I../Core/Inc -I../Drivers/STM32L4xx_HAL_Driver/Inc -I../Drivers/STM32L4xx_HAL_Driver/Inc/Legacy -I../Middlewares/Third_Party/FreeRTOS/Source/include -I../Middlewares/Third_Party/FreeRTOS/Source/CMSIS_RTOS_V2 -I../Middlewares/Third_Party/FreeRTOS/Source/portable/GCC/ARM_CM4F -I../Drivers/CMSIS/Device/ST/STM32L4xx/Include -I../Drivers/CMSIS/Include -O0 -ffunction-sections -fdata-sections -Wall -fstack-usage -MMD -MP -MF"Core/Src/Test.d" -MT"Core/Src/Test.o" --specs=nano.specs -mfpu=fpv4-sp-d16 -mfloat-abi=hard -mthumb -o "Core/Src/Test.o"
arm-none-eabi-gcc -o "street.elf" @"objects.list"   -mcpu=cortex-m4 -T"/Users/emil/streetTest/street/STM32L476RGTX_FLASH.ld" --specs=nosys.specs -Wl,-Map="street.map" -Wl,--gc-sections -static --specs=nano.specs -mfpu=fpv4-sp-d16 -mfloat-abi=hard -mthumb -Wl,--start-group -lc -lm -Wl,--end-group
Finished building target: street.elf
 
arm-none-eabi-size   street.elf 
arm-none-eabi-objdump -h -S  street.elf  > "street.list"
   text	   data	    bss	    dec	    hex	filename
  29092	    148	   9396	  38636	   96ec	street.elf
Finished building: default.size.stdout
 
Finished building: street.list
 
12:36:12 **** Incremental Build of configuration Debug for project street ****
make -j7 all 
arm-none-eabi-gcc "../Core/Src/streetFunc.c" -mcpu=cortex-m4 -std=gnu11 -g3 -DDEBUG -DUSE_HAL_DRIVER -DSTM32L476xx -c -I../Core/Inc -I../Drivers/STM32L4xx_HAL_Driver/Inc -I../Drivers/STM32L4xx_HAL_Driver/Inc/Legacy -I../Middlewares/Third_Party/FreeRTOS/Source/include -I../Middlewares/Third_Party/FreeRTOS/Source/CMSIS_RTOS_V2 -I../Middlewares/Third_Party/FreeRTOS/Source/portable/GCC/ARM_CM4F -I../Drivers/CMSIS/Device/ST/STM32L4xx/Include -I../Drivers/CMSIS/Include -O0 -ffunction-sections -fdata-sections -Wall -fstack-usage -MMD -MP -MF"Core/Src/streetFunc.d" -MT"Core/Src/streetFunc.o" --specs=nano.specs -mfpu=fpv4-sp-d16 -mfloat-abi=hard -mthumb -o "Core/Src/streetFunc.o"
../Core/Src/streetFunc.c: In function 'Led_Clear':
../Core/Src/streetFunc.c:29:14: warning: passing argument 1 of 'sendSPIdata' from incompatible pointer type [-Wincompatible-pointer-types]
   29 |  sendSPIdata(&led[0], 3);
      |              ^~~~~~~
      |              |
      |              uint32_t * {aka long unsigned int *}
In file included from ../Core/Src/streetFunc.c:20:
../Core/Inc/streetFunc.h:106:26: note: expected 'uint8_t *' {aka 'unsigned char *'} but argument is of type 'uint32_t *' {aka 'long unsigned int *'}
  106 | void sendSPIdata(uint8_t data[], uint8_t byteSize);
      |                  ~~~~~~~~^~~~~~
../Core/Src/streetFunc.c: In function 'Blue_Clear1':
../Core/Src/streetFunc.c:34:14: warning: passing argument 1 of 'sendSPIdata' from incompatible pointer type [-Wincompatible-pointer-types]
   34 |  sendSPIdata(&led[0], 3);
      |              ^~~~~~~
      |              |
      |              uint32_t * {aka long unsigned int *}
In file included from ../Core/Src/streetFunc.c:20:
../Core/Inc/streetFunc.h:106:26: note: expected 'uint8_t *' {aka 'unsigned char *'} but argument is of type 'uint32_t *' {aka 'long unsigned int *'}
  106 | void sendSPIdata(uint8_t data[], uint8_t byteSize);
      |                  ~~~~~~~~^~~~~~
../Core/Src/streetFunc.c: In function 'Blue_Clear2':
../Core/Src/streetFunc.c:39:14: warning: passing argument 1 of 'sendSPIdata' from incompatible pointer type [-Wincompatible-pointer-types]
   39 |  sendSPIdata(&led[0], 3);
      |              ^~~~~~~
      |              |
      |              uint32_t * {aka long unsigned int *}
In file included from ../Core/Src/streetFunc.c:20:
../Core/Inc/streetFunc.h:106:26: note: expected 'uint8_t *' {aka 'unsigned char *'} but argument is of type 'uint32_t *' {aka 'long unsigned int *'}
  106 | void sendSPIdata(uint8_t data[], uint8_t byteSize);
      |                  ~~~~~~~~^~~~~~
../Core/Src/streetFunc.c: In function 'Flash_Led':
../Core/Src/streetFunc.c:166:15: warning: passing argument 1 of 'sendSPIdata' from incompatible pointer type [-Wincompatible-pointer-types]
  166 |   sendSPIdata(&led[0], 3);
      |               ^~~~~~~
      |               |
      |               uint32_t * {aka long unsigned int *}
In file included from ../Core/Src/streetFunc.c:20:
../Core/Inc/streetFunc.h:106:26: note: expected 'uint8_t *' {aka 'unsigned char *'} but argument is of type 'uint32_t *' {aka 'long unsigned int *'}
  106 | void sendSPIdata(uint8_t data[], uint8_t byteSize);
      |                  ~~~~~~~~^~~~~~
../Core/Src/streetFunc.c:170:14: warning: passing argument 1 of 'sendSPIdata' from incompatible pointer type [-Wincompatible-pointer-types]
  170 |  sendSPIdata(&led[0], 3);
      |              ^~~~~~~
      |              |
      |              uint32_t * {aka long unsigned int *}
In file included from ../Core/Src/streetFunc.c:20:
../Core/Inc/streetFunc.h:106:26: note: expected 'uint8_t *' {aka 'unsigned char *'} but argument is of type 'uint32_t *' {aka 'long unsigned int *'}
  106 | void sendSPIdata(uint8_t data[], uint8_t byteSize);
      |                  ~~~~~~~~^~~~~~
../Core/Src/streetFunc.c: In function 'States':
../Core/Src/streetFunc.c:190:15: warning: passing argument 1 of 'sendSPIdata' from incompatible pointer type [-Wincompatible-pointer-types]
  190 |   sendSPIdata(&led[0], 3);
      |               ^~~~~~~
      |               |
      |               uint32_t * {aka long unsigned int *}
In file included from ../Core/Src/streetFunc.c:20:
../Core/Inc/streetFunc.h:106:26: note: expected 'uint8_t *' {aka 'unsigned char *'} but argument is of type 'uint32_t *' {aka 'long unsigned int *'}
  106 | void sendSPIdata(uint8_t data[], uint8_t byteSize);
      |                  ~~~~~~~~^~~~~~
../Core/Src/streetFunc.c:203:15: warning: passing argument 1 of 'sendSPIdata' from incompatible pointer type [-Wincompatible-pointer-types]
  203 |   sendSPIdata(&led[0], 3);
      |               ^~~~~~~
      |               |
      |               uint32_t * {aka long unsigned int *}
In file included from ../Core/Src/streetFunc.c:20:
../Core/Inc/streetFunc.h:106:26: note: expected 'uint8_t *' {aka 'unsigned char *'} but argument is of type 'uint32_t *' {aka 'long unsigned int *'}
  106 | void sendSPIdata(uint8_t data[], uint8_t byteSize);
      |                  ~~~~~~~~^~~~~~
../Core/Src/streetFunc.c:218:15: warning: passing argument 1 of 'sendSPIdata' from incompatible pointer type [-Wincompatible-pointer-types]
  218 |   sendSPIdata(&led[0], 3);
      |               ^~~~~~~
      |               |
      |               uint32_t * {aka long unsigned int *}
In file included from ../Core/Src/streetFunc.c:20:
../Core/Inc/streetFunc.h:106:26: note: expected 'uint8_t *' {aka 'unsigned char *'} but argument is of type 'uint32_t *' {aka 'long unsigned int *'}
  106 | void sendSPIdata(uint8_t data[], uint8_t byteSize);
      |                  ~~~~~~~~^~~~~~
arm-none-eabi-gcc -o "street.elf" @"objects.list"   -mcpu=cortex-m4 -T"/Users/emil/streetTest/street/STM32L476RGTX_FLASH.ld" --specs=nosys.specs -Wl,-Map="street.map" -Wl,--gc-sections -static --specs=nano.specs -mfpu=fpv4-sp-d16 -mfloat-abi=hard -mthumb -Wl,--start-group -lc -lm -Wl,--end-group
Finished building target: street.elf
 
arm-none-eabi-size   street.elf 
arm-none-eabi-objdump -h -S  street.elf  > "street.list"
   text	   data	    bss	    dec	    hex	filename
  29092	    148	   9396	  38636	   96ec	street.elf
Finished building: default.size.stdout
 
Finished building: street.list
 
12:36:54 **** Incremental Build of configuration Debug for project street ****
make -j7 all 
arm-none-eabi-gcc "../Core/Src/main.c" -mcpu=cortex-m4 -std=gnu11 -g3 -DDEBUG -DUSE_HAL_DRIVER -DSTM32L476xx -c -I../Core/Inc -I../Drivers/STM32L4xx_HAL_Driver/Inc -I../Drivers/STM32L4xx_HAL_Driver/Inc/Legacy -I../Middlewares/Third_Party/FreeRTOS/Source/include -I../Middlewares/Third_Party/FreeRTOS/Source/CMSIS_RTOS_V2 -I../Middlewares/Third_Party/FreeRTOS/Source/portable/GCC/ARM_CM4F -I../Drivers/CMSIS/Device/ST/STM32L4xx/Include -I../Drivers/CMSIS/Include -O0 -ffunction-sections -fdata-sections -Wall -fstack-usage -MMD -MP -MF"Core/Src/main.d" -MT"Core/Src/main.o" --specs=nano.specs -mfpu=fpv4-sp-d16 -mfloat-abi=hard -mthumb -o "Core/Src/main.o"
arm-none-eabi-gcc -o "street.elf" @"objects.list"   -mcpu=cortex-m4 -T"/Users/emil/streetTest/street/STM32L476RGTX_FLASH.ld" --specs=nosys.specs -Wl,-Map="street.map" -Wl,--gc-sections -static --specs=nano.specs -mfpu=fpv4-sp-d16 -mfloat-abi=hard -mthumb -Wl,--start-group -lc -lm -Wl,--end-group
Finished building target: street.elf
 
arm-none-eabi-size   street.elf 
arm-none-eabi-objdump -h -S  street.elf  > "street.list"
   text	   data	    bss	    dec	    hex	filename
  28852	    148	   9396	  38396	   95fc	street.elf
Finished building: default.size.stdout
 
Finished building: street.list
 
12:38:17 **** Incremental Build of configuration Debug for project street ****
make -j7 all 
arm-none-eabi-gcc "../Core/Src/Test.c" -mcpu=cortex-m4 -std=gnu11 -g3 -DDEBUG -DUSE_HAL_DRIVER -DSTM32L476xx -c -I../Core/Inc -I../Drivers/STM32L4xx_HAL_Driver/Inc -I../Drivers/STM32L4xx_HAL_Driver/Inc/Legacy -I../Middlewares/Third_Party/FreeRTOS/Source/include -I../Middlewares/Third_Party/FreeRTOS/Source/CMSIS_RTOS_V2 -I../Middlewares/Third_Party/FreeRTOS/Source/portable/GCC/ARM_CM4F -I../Drivers/CMSIS/Device/ST/STM32L4xx/Include -I../Drivers/CMSIS/Include -O0 -ffunction-sections -fdata-sections -Wall -fstack-usage -MMD -MP -MF"Core/Src/Test.d" -MT"Core/Src/Test.o" --specs=nano.specs -mfpu=fpv4-sp-d16 -mfloat-abi=hard -mthumb -o "Core/Src/Test.o"
arm-none-eabi-gcc "../Core/Src/main.c" -mcpu=cortex-m4 -std=gnu11 -g3 -DDEBUG -DUSE_HAL_DRIVER -DSTM32L476xx -c -I../Core/Inc -I../Drivers/STM32L4xx_HAL_Driver/Inc -I../Drivers/STM32L4xx_HAL_Driver/Inc/Legacy -I../Middlewares/Third_Party/FreeRTOS/Source/include -I../Middlewares/Third_Party/FreeRTOS/Source/CMSIS_RTOS_V2 -I../Middlewares/Third_Party/FreeRTOS/Source/portable/GCC/ARM_CM4F -I../Drivers/CMSIS/Device/ST/STM32L4xx/Include -I../Drivers/CMSIS/Include -O0 -ffunction-sections -fdata-sections -Wall -fstack-usage -MMD -MP -MF"Core/Src/main.d" -MT"Core/Src/main.o" --specs=nano.specs -mfpu=fpv4-sp-d16 -mfloat-abi=hard -mthumb -o "Core/Src/main.o"
../Core/Src/main.c: In function 'main':
../Core/Src/main.c:100:6: warning: implicit declaration of function 'Test_program' [-Wimplicit-function-declaration]
  100 |      Test_program();
      |      ^~~~~~~~~~~~
arm-none-eabi-gcc -o "street.elf" @"objects.list"   -mcpu=cortex-m4 -T"/Users/emil/streetTest/street/STM32L476RGTX_FLASH.ld" --specs=nosys.specs -Wl,-Map="street.map" -Wl,--gc-sections -static --specs=nano.specs -mfpu=fpv4-sp-d16 -mfloat-abi=hard -mthumb -Wl,--start-group -lc -lm -Wl,--end-group
Finished building target: street.elf
 
arm-none-eabi-size   street.elf 
arm-none-eabi-objdump -h -S  street.elf  > "street.list"
   text	   data	    bss	    dec	    hex	filename
  29476	    148	   9396	  39020	   986c	street.elf
Finished building: default.size.stdout
 
Finished building: street.list
 
12:39:11 **** Incremental Build of configuration Debug for project street ****
make -j7 all 
arm-none-eabi-size   street.elf 
   text	   data	    bss	    dec	    hex	filename
  29476	    148	   9396	  39020	   986c	street.elf
Finished building: default.size.stdout
 
12:40:35 **** Incremental Build of configuration Debug for project street ****
make -j7 all 
arm-none-eabi-gcc "../Core/Src/Test.c" -mcpu=cortex-m4 -std=gnu11 -g3 -DDEBUG -DUSE_HAL_DRIVER -DSTM32L476xx -c -I../Core/Inc -I../Drivers/STM32L4xx_HAL_Driver/Inc -I../Drivers/STM32L4xx_HAL_Driver/Inc/Legacy -I../Middlewares/Third_Party/FreeRTOS/Source/include -I../Middlewares/Third_Party/FreeRTOS/Source/CMSIS_RTOS_V2 -I../Middlewares/Third_Party/FreeRTOS/Source/portable/GCC/ARM_CM4F -I../Drivers/CMSIS/Device/ST/STM32L4xx/Include -I../Drivers/CMSIS/Include -O0 -ffunction-sections -fdata-sections -Wall -fstack-usage -MMD -MP -MF"Core/Src/Test.d" -MT"Core/Src/Test.o" --specs=nano.specs -mfpu=fpv4-sp-d16 -mfloat-abi=hard -mthumb -o "Core/Src/Test.o"
arm-none-eabi-gcc -o "street.elf" @"objects.list"   -mcpu=cortex-m4 -T"/Users/emil/streetTest/street/STM32L476RGTX_FLASH.ld" --specs=nosys.specs -Wl,-Map="street.map" -Wl,--gc-sections -static --specs=nano.specs -mfpu=fpv4-sp-d16 -mfloat-abi=hard -mthumb -Wl,--start-group -lc -lm -Wl,--end-group
Finished building target: street.elf
 
arm-none-eabi-size   street.elf 
arm-none-eabi-objdump -h -S  street.elf  > "street.list"
   text	   data	    bss	    dec	    hex	filename
  29284	    148	   9396	  38828	   97ac	street.elf
Finished building: default.size.stdout
 
Finished building: street.list
 
12:42:35 **** Incremental Build of configuration Debug for project street ****
make -j7 all 
arm-none-eabi-gcc "../Core/Src/Test.c" -mcpu=cortex-m4 -std=gnu11 -g3 -DDEBUG -DUSE_HAL_DRIVER -DSTM32L476xx -c -I../Core/Inc -I../Drivers/STM32L4xx_HAL_Driver/Inc -I../Drivers/STM32L4xx_HAL_Driver/Inc/Legacy -I../Middlewares/Third_Party/FreeRTOS/Source/include -I../Middlewares/Third_Party/FreeRTOS/Source/CMSIS_RTOS_V2 -I../Middlewares/Third_Party/FreeRTOS/Source/portable/GCC/ARM_CM4F -I../Drivers/CMSIS/Device/ST/STM32L4xx/Include -I../Drivers/CMSIS/Include -O0 -ffunction-sections -fdata-sections -Wall -fstack-usage -MMD -MP -MF"Core/Src/Test.d" -MT"Core/Src/Test.o" --specs=nano.specs -mfpu=fpv4-sp-d16 -mfloat-abi=hard -mthumb -o "Core/Src/Test.o"
../Core/Src/Test.c: In function 'Test_States':
../Core/Src/Test.c:100:3: warning: implicit declaration of function 'State_Display' [-Wimplicit-function-declaration]
  100 |   State_Display(1);
      |   ^~~~~~~~~~~~~
arm-none-eabi-gcc -o "street.elf" @"objects.list"   -mcpu=cortex-m4 -T"/Users/emil/streetTest/street/STM32L476RGTX_FLASH.ld" --specs=nosys.specs -Wl,-Map="street.map" -Wl,--gc-sections -static --specs=nano.specs -mfpu=fpv4-sp-d16 -mfloat-abi=hard -mthumb -Wl,--start-group -lc -lm -Wl,--end-group
/Applications/STM32CubeIDE.app/Contents/Eclipse/plugins/com.st.stm32cube.ide.mcu.externaltools.gnu-tools-for-stm32.10.3-2021.10.macos64_1.0.100.202210260954/tools/bin/../lib/gcc/arm-none-eabi/10.3.1/../../../../arm-none-eabi/bin/ld: ./Core/Src/Test.o: in function `Test_States':
/Users/emil/streetTest/street/Debug/../Core/Src/Test.c:100: undefined reference to `State_Display'
/Applications/STM32CubeIDE.app/Contents/Eclipse/plugins/com.st.stm32cube.ide.mcu.externaltools.gnu-tools-for-stm32.10.3-2021.10.macos64_1.0.100.202210260954/tools/bin/../lib/gcc/arm-none-eabi/10.3.1/../../../../arm-none-eabi/bin/ld: /Users/emil/streetTest/street/Debug/../Core/Src/Test.c:102: undefined reference to `State_Display'
[...]
14:34:49 **** Incremental Build of configuration Debug for project street ****
make -j7 all 
arm-none-eabi-gcc "../Core/Src/Test.c" -mcpu=cortex-m4 -std=gnu11 -g3 -DDEBUG -DUSE_HAL_DRIVER -DSTM32L476xx -c -I../Core/Inc -I../Drivers/STM32L4xx_HAL_Driver/Inc -I../Drivers/STM32L4xx_HAL_Driver/Inc/Legacy -I../Middlewares/Third_Party/FreeRTOS/Source/include -I../Middlewares/Third_Party/FreeRTOS/Source/CMSIS_RTOS_V2 -I../Middlewares/Third_Party/FreeRTOS/Source/portable/GCC/ARM_CM4F -I../Drivers/CMSIS/Device/ST/STM32L4xx/Include -I../Drivers/CMSIS/Include -O0 -ffunction-sections -fdata-sections -Wall -fstack-usage -MMD -MP -MF"Core/Src/Test.d" -MT"Core/Src/Test.o" --specs=nano.specs -mfpu=fpv4-sp-d16 -mfloat-abi=hard -mthumb -o "Core/Src/Test.o"
arm-none-eabi-gcc "../Core/Src/freertos.c" -mcpu=cortex-m4 -std=gnu11 -g3 -DDEBUG -DUSE_HAL_DRIVER -DSTM32L476xx -c -I../Core/Inc -I../Drivers/STM32L4xx_HAL_Driver/Inc -I../Drivers/STM32L4xx_HAL_Driver/Inc/Legacy -I../Middlewares/Third_Party/FreeRTOS/Source/include -I../Middlewares/Third_Party/FreeRTOS/Source/CMSIS_RTOS_V2 -I../Middlewares/Third_Party/FreeRTOS/Source/portable/GCC/ARM_CM4F -I../Drivers/CMSIS/Device/ST/STM32L4xx/Include -I../Drivers/CMSIS/Include -O0 -ffunction-sections -fdata-sections -Wall -fstack-usage -MMD -MP -MF"Core/Src/freertos.d" -MT"Core/Src/freertos.o" --specs=nano.specs -mfpu=fpv4-sp-d16 -mfloat-abi=hard -mthumb -o "Core/Src/freertos.o"
arm-none-eabi-gcc "../Core/Src/streetFunc.c" -mcpu=cortex-m4 -std=gnu11 -g3 -DDEBUG -DUSE_HAL_DRIVER -DSTM32L476xx -c -I../Core/Inc -I../Drivers/STM32L4xx_HAL_Driver/Inc -I../Drivers/STM32L4xx_HAL_Driver/Inc/Legacy -I../Middlewares/Third_Party/FreeRTOS/Source/include -I../Middlewares/Third_Party/FreeRTOS/Source/CMSIS_RTOS_V2 -I../Middlewares/Third_Party/FreeRTOS/Source/portable/GCC/ARM_CM4F -I../Drivers/CMSIS/Device/ST/STM32L4xx/Include -I../Drivers/CMSIS/Include -O0 -ffunction-sections -fdata-sections -Wall -fstack-usage -MMD -MP -MF"Core/Src/streetFunc.d" -MT"Core/Src/streetFunc.o" --specs=nano.specs -mfpu=fpv4-sp-d16 -mfloat-abi=hard -mthumb -o "Core/Src/streetFunc.o"
../Core/Src/Test.c: In function 'Test_Led':
../Core/Src/Test.c:31:3: error: too many arguments to function 'Flash_Led'
   31 |   Flash_Led(i, 'r', 100, 10);
      |   ^~~~~~~~~
In file included from ../Core/Src/Test.c:19:
../Core/Inc/streetFunc.h:59:6: note: declared here
   59 | void Flash_Led(uint8_t n, char state);
      |      ^~~~~~~~~
../Core/Src/Test.c:33:3: error: too many arguments to function 'Flash_Led'
   33 |   Flash_Led(i, 'y', 100, 10);
      |   ^~~~~~~~~
In file included from ../Core/Src/Test.c:19:
../Core/Inc/streetFunc.h:59:6: note: declared here
   59 | void Flash_Led(uint8_t n, char state);
      |      ^~~~~~~~~
../Core/Src/Test.c:35:3: error: too many arguments to function 'Flash_Led'
   35 |   Flash_Led(i, 'g', 100, 10);
      |   ^~~~~~~~~
In file included from ../Core/Src/Test.c:19:
../Core/Inc/streetFunc.h:59:6: note: declared here
   59 | void Flash_Led(uint8_t n, char state);
      |      ^~~~~~~~~
../Core/Src/Test.c:39:3: error: too many arguments to function 'Flash_Led'
   39 |   Flash_Led(i, 'r', 100, 10);
      |   ^~~~~~~~~
In file included from ../Core/Src/Test.c:19:
../Core/Inc/streetFunc.h:59:6: note: declared here
   59 | void Flash_Led(uint8_t n, char state);
      |      ^~~~~~~~~
../Core/Src/Test.c:41:3: error: too many arguments to function 'Flash_Led'
   41 |   Flash_Led(i, 'g', 100, 10);
      |   ^~~~~~~~~
In file included from ../Core/Src/Test.c:19:
../Core/Inc/streetFunc.h:59:6: note: declared here
   59 | void Flash_Led(uint8_t n, char state);
      |      ^~~~~~~~~
../Core/Src/Test.c:43:3: error: too many arguments to function 'Flash_Led'
   43 |   Flash_Led(i, 'b', 100, 10);
      |   ^~~~~~~~~
In file included from ../Core/Src/Test.c:19:
../Core/Inc/streetFunc.h:59:6: note: declared here
   59 | void Flash_Led(uint8_t n, char state);
      |      ^~~~~~~~~
../Core/Src/Test.c: In function 'Test_Input':
../Core/Src/Test.c:93:28: warning: "/*" within comment [-Wcomment]
   93 | void Test_Switches(void) { /*! Function checking that the functions for switches are working properly */
      |                             
../Core/Src/Test.c:96:4: error: too many arguments to function 'Flash_Led'
   96 |    Flash_Led(6, 'b', 10, 1);
      |    ^~~~~~~~~
In file included from ../Core/Src/Test.c:19:
../Core/Inc/streetFunc.h:59:6: note: declared here
   59 | void Flash_Led(uint8_t n, char state);
      |      ^~~~~~~~~
../Core/Src/Test.c:101:4: error: too many arguments to function 'Flash_Led'
  101 |    Flash_Led(5, 'b', 10, 1);
      |    ^~~~~~~~~
In file included from ../Core/Src/Test.c:19:
../Core/Inc/streetFunc.h:59:6: note: declared here
   59 | void Flash_Led(uint8_t n, char state);
      |      ^~~~~~~~~
../Core/Src/streetFunc.c: In function 'Led_Clear':
../Core/Src/streetFunc.c:29:14: warning: passing argument 1 of 'sendSPIdata' from incompatible pointer type [-Wincompatible-pointer-types]
   29 |  sendSPIdata(&led[0], 3);
      |              ^~~~~~~
      |              |
      |              uint32_t * {aka long unsigned int *}
In file included from ../Core/Src/streetFunc.c:20:
../Core/Inc/streetFunc.h:106:26: note: expected 'uint8_t *' {aka 'unsigned char *'} but argument is of type 'uint32_t *' {aka 'long unsigned int *'}
  106 | void sendSPIdata(uint8_t data[], uint8_t byteSize);
      |                  ~~~~~~~~^~~~~~
../Core/Src/streetFunc.c: In function 'Blue_Clear1':
../Core/Src/streetFunc.c:34:14: warning: passing argument 1 of 'sendSPIdata' from incompatible pointer type [-Wincompatible-pointer-types]
   34 |  sendSPIdata(&led[0], 3);
      |              ^~~~~~~
      |              |
      |              uint32_t * {aka long unsigned int *}
In file included from ../Core/Src/streetFunc.c:20:
../Core/Inc/streetFunc.h:106:26: note: expected 'uint8_t *' {aka 'unsigned char *'} but argument is of type 'uint32_t *' {aka 'long unsigned int *'}
  106 | void sendSPIdata(uint8_t data[], uint8_t byteSize);
      |                  ~~~~~~~~^~~~~~
../Core/Src/streetFunc.c: In function 'Blue_Clear2':
../Core/Src/streetFunc.c:39:14: warning: passing argument 1 of 'sendSPIdata' from incompatible pointer type [-Wincompatible-pointer-types]
   39 |  sendSPIdata(&led[0], 3);
      |              ^~~~~~~
      |              |
      |              uint32_t * {aka long unsigned int *}
In file included from ../Core/Src/streetFunc.c:20:
../Core/Inc/streetFunc.h:106:26: note: expected 'uint8_t *' {aka 'unsigned char *'} but argument is of type 'uint32_t *' {aka 'long unsigned int *'}
  106 | void sendSPIdata(uint8_t data[], uint8_t byteSize);
      |                  ~~~~~~~~^~~~~~
../Core/Src/streetFunc.c: At top level:
../Core/Src/streetFunc.c:156:6: error: conflicting types for 'Flash_Led'
  156 | void Flash_Led(uint8_t n, char state, uint8_t delay, uint8_t times){
      |      ^~~~~~~~~
In file included from ../Core/Src/streetFunc.c:20:
../Core/Inc/streetFunc.h:59:6: note: previous declaration of 'Flash_Led' was here
   59 | void Flash_Led(uint8_t n, char state);
      |      ^~~~~~~~~
../Core/Src/streetFunc.c: In function 'Flash_Led':
../Core/Src/streetFunc.c:163:14: warning: passing argument 1 of 'sendSPIdata' from incompatible pointer type [-Wincompatible-pointer-types]
  163 |  sendSPIdata(&led[0], 3);
      |              ^~~~~~~
      |              |
      |              uint32_t * {aka long unsigned int *}
In file included from ../Core/Src/streetFunc.c:20:
../Core/Inc/streetFunc.h:106:26: note: expected 'uint8_t *' {aka 'unsigned char *'} but argument is of type 'uint32_t *' {aka 'long unsigned int *'}
  106 | void sendSPIdata(uint8_t data[], uint8_t byteSize);
      |                  ~~~~~~~~^~~~~~
../Core/Src/streetFunc.c: In function 'States':
../Core/Src/streetFunc.c:183:15: warning: passing argument 1 of 'sendSPIdata' from incompatible pointer type [-Wincompatible-pointer-types]
  183 |   sendSPIdata(&led[0], 3);
      |               ^~~~~~~
      |               |
      |               uint32_t * {aka long unsigned int *}
In file included from ../Core/Src/streetFunc.c:20:
../Core/Inc/streetFunc.h:106:26: note: expected 'uint8_t *' {aka 'unsigned char *'} but argument is of type 'uint32_t *' {aka 'long unsigned int *'}
  106 | void sendSPIdata(uint8_t data[], uint8_t byteSize);
      |                  ~~~~~~~~^~~~~~
../Core/Src/streetFunc.c:196:15: warning: passing argument 1 of 'sendSPIdata' from incompatible pointer type [-Wincompatible-pointer-types]
  196 |   sendSPIdata(&led[0], 3);
      |               ^~~~~~~
      |               |
      |               uint32_t * {aka long unsigned int *}
In file included from ../Core/Src/streetFunc.c:20:
../Core/Inc/streetFunc.h:106:26: note: expected 'uint8_t *' {aka 'unsigned char *'} but argument is of type 'uint32_t *' {aka 'long unsigned int *'}
  106 | void sendSPIdata(uint8_t data[], uint8_t byteSize);
      |                  ~~~~~~~~^~~~~~
../Core/Src/streetFunc.c:211:15: warning: passing argument 1 of 'sendSPIdata' from incompatible pointer type [-Wincompatible-pointer-types]
  211 |   sendSPIdata(&led[0], 3);
      |               ^~~~~~~
      |               |
      |               uint32_t * {aka long unsigned int *}
In file included from ../Core/Src/streetFunc.c:20:
../Core/Inc/streetFunc.h:106:26: note: expected 'uint8_t *' {aka 'unsigned char *'} but argument is of type 'uint32_t *' {aka 'long unsigned int *'}
  106 | void sendSPIdata(uint8_t data[], uint8_t byteSize);
      |                  ~~~~~~~~^~~~~~
make: *** [Core/Src/subdir.mk:52: Core/Src/Test.o] Error 1
make: *** Waiting for unfinished jobs....
../Core/Src/freertos.c: In function 'Button_Task1':
../Core/Src/freertos.c:249:5: error: too many arguments to function 'Flash_Led'
  249 |     Flash_Led(6, 'b', 1, 1); /*! Flash the corresponding blue light*/
      |     ^~~~~~~~~
In file included from ../Core/Src/freertos.c:29:
../Core/Inc/streetFunc.h:59:6: note: declared here
   59 | void Flash_Led(uint8_t n, char state);
      |      ^~~~~~~~~
../Core/Src/freertos.c: In function 'Button_Task2':
../Core/Src/freertos.c:369:5: error: too many arguments to function 'Flash_Led'
  369 |     Flash_Led(5, 'b', 1, 1);
      |     ^~~~~~~~~
In file included from ../Core/Src/freertos.c:29:
../Core/Inc/streetFunc.h:59:6: note: declared here
   59 | void Flash_Led(uint8_t n, char state);
      |      ^~~~~~~~~
make: *** [Core/Src/subdir.mk:52: Core/Src/streetFunc.o] Error 1
make: *** [Core/Src/subdir.mk:52: Core/Src/freertos.o] Error 1
"make -j7 all" terminated with exit code 2. Build might be incomplete.
14:35:07 **** Incremental Build of configuration Debug for project street ****
make -j7 all 
arm-none-eabi-gcc "../Core/Src/Test.c" -mcpu=cortex-m4 -std=gnu11 -g3 -DDEBUG -DUSE_HAL_DRIVER -DSTM32L476xx -c -I../Core/Inc -I../Drivers/STM32L4xx_HAL_Driver/Inc -I../Drivers/STM32L4xx_HAL_Driver/Inc/Legacy -I../Middlewares/Third_Party/FreeRTOS/Source/include -I../Middlewares/Third_Party/FreeRTOS/Source/CMSIS_RTOS_V2 -I../Middlewares/Third_Party/FreeRTOS/Source/portable/GCC/ARM_CM4F -I../Drivers/CMSIS/Device/ST/STM32L4xx/Include -I../Drivers/CMSIS/Include -O0 -ffunction-sections -fdata-sections -Wall -fstack-usage -MMD -MP -MF"Core/Src/Test.d" -MT"Core/Src/Test.o" --specs=nano.specs -mfpu=fpv4-sp-d16 -mfloat-abi=hard -mthumb -o "Core/Src/Test.o"
arm-none-eabi-gcc "../Core/Src/freertos.c" -mcpu=cortex-m4 -std=gnu11 -g3 -DDEBUG -DUSE_HAL_DRIVER -DSTM32L476xx -c -I../Core/Inc -I../Drivers/STM32L4xx_HAL_Driver/Inc -I../Drivers/STM32L4xx_HAL_Driver/Inc/Legacy -I../Middlewares/Third_Party/FreeRTOS/Source/include -I../Middlewares/Third_Party/FreeRTOS/Source/CMSIS_RTOS_V2 -I../Middlewares/Third_Party/FreeRTOS/Source/portable/GCC/ARM_CM4F -I../Drivers/CMSIS/Device/ST/STM32L4xx/Include -I../Drivers/CMSIS/Include -O0 -ffunction-sections -fdata-sections -Wall -fstack-usage -MMD -MP -MF"Core/Src/freertos.d" -MT"Core/Src/freertos.o" --specs=nano.specs -mfpu=fpv4-sp-d16 -mfloat-abi=hard -mthumb -o "Core/Src/freertos.o"
arm-none-eabi-gcc "../Core/Src/main.c" -mcpu=cortex-m4 -std=gnu11 -g3 -DDEBUG -DUSE_HAL_DRIVER -DSTM32L476xx -c -I../Core/Inc -I../Drivers/STM32L4xx_HAL_Driver/Inc -I../Drivers/STM32L4xx_HAL_Driver/Inc/Legacy -I../Middlewares/Third_Party/FreeRTOS/Source/include -I../Middlewares/Third_Party/FreeRTOS/Source/CMSIS_RTOS_V2 -I../Middlewares/Third_Party/FreeRTOS/Source/portable/GCC/ARM_CM4F -I../Drivers/CMSIS/Device/ST/STM32L4xx/Include -I../Drivers/CMSIS/Include -O0 -ffunction-sections -fdata-sections -Wall -fstack-usage -MMD -MP -MF"Core/Src/main.d" -MT"Core/Src/main.o" --specs=nano.specs -mfpu=fpv4-sp-d16 -mfloat-abi=hard -mthumb -o "Core/Src/main.o"
arm-none-eabi-gcc "../Core/Src/streetFunc.c" -mcpu=cortex-m4 -std=gnu11 -g3 -DDEBUG -DUSE_HAL_DRIVER -DSTM32L476xx -c -I../Core/Inc -I../Drivers/STM32L4xx_HAL_Driver/Inc -I../Drivers/STM32L4xx_HAL_Driver/Inc/Legacy -I../Middlewares/Third_Party/FreeRTOS/Source/include -I../Middlewares/Third_Party/FreeRTOS/Source/CMSIS_RTOS_V2 -I../Middlewares/Third_Party/FreeRTOS/Source/portable/GCC/ARM_CM4F -I../Drivers/CMSIS/Device/ST/STM32L4xx/Include -I../Drivers/CMSIS/Include -O0 -ffunction-sections -fdata-sections -Wall -fstack-usage -MMD -MP -MF"Core/Src/streetFunc.d" -MT"Core/Src/streetFunc.o" --specs=nano.specs -mfpu=fpv4-sp-d16 -mfloat-abi=hard -mthumb -o "Core/Src/streetFunc.o"
../Core/Src/Test.c: In function 'Test_Input':
../Core/Src/Test.c:93:28: warning: "/*" within comment [-Wcomment]
   93 | void Test_Switches(void) { /*! Function checking that the functions for switches are working properly */
      |                             
../Core/Src/streetFunc.c: In function 'Led_Clear':
../Core/Src/streetFunc.c:29:14: warning: passing argument 1 of 'sendSPIdata' from incompatible pointer type [-Wincompatible-pointer-types]
   29 |  sendSPIdata(&led[0], 3);
      |              ^~~~~~~
      |              |
      |              uint32_t * {aka long unsigned int *}
In file included from ../Core/Src/streetFunc.c:20:
../Core/Inc/streetFunc.h:106:26: note: expected 'uint8_t *' {aka 'unsigned char *'} but argument is of type 'uint32_t *' {aka 'long unsigned int *'}
  106 | void sendSPIdata(uint8_t data[], uint8_t byteSize);
      |                  ~~~~~~~~^~~~~~
../Core/Src/streetFunc.c: In function 'Blue_Clear1':
../Core/Src/streetFunc.c:34:14: warning: passing argument 1 of 'sendSPIdata' from incompatible pointer type [-Wincompatible-pointer-types]
   34 |  sendSPIdata(&led[0], 3);
      |              ^~~~~~~
      |              |
      |              uint32_t * {aka long unsigned int *}
In file included from ../Core/Src/streetFunc.c:20:
../Core/Inc/streetFunc.h:106:26: note: expected 'uint8_t *' {aka 'unsigned char *'} but argument is of type 'uint32_t *' {aka 'long unsigned int *'}
  106 | void sendSPIdata(uint8_t data[], uint8_t byteSize);
      |                  ~~~~~~~~^~~~~~
../Core/Src/streetFunc.c: In function 'Blue_Clear2':
../Core/Src/streetFunc.c:39:14: warning: passing argument 1 of 'sendSPIdata' from incompatible pointer type [-Wincompatible-pointer-types]
   39 |  sendSPIdata(&led[0], 3);
      |              ^~~~~~~
      |              |
      |              uint32_t * {aka long unsigned int *}
In file included from ../Core/Src/streetFunc.c:20:
../Core/Inc/streetFunc.h:106:26: note: expected 'uint8_t *' {aka 'unsigned char *'} but argument is of type 'uint32_t *' {aka 'long unsigned int *'}
  106 | void sendSPIdata(uint8_t data[], uint8_t byteSize);
      |                  ~~~~~~~~^~~~~~
../Core/Src/streetFunc.c: In function 'Flash_Led':
../Core/Src/streetFunc.c:163:14: warning: passing argument 1 of 'sendSPIdata' from incompatible pointer type [-Wincompatible-pointer-types]
  163 |  sendSPIdata(&led[0], 3);
      |              ^~~~~~~
      |              |
      |              uint32_t * {aka long unsigned int *}
In file included from ../Core/Src/streetFunc.c:20:
../Core/Inc/streetFunc.h:106:26: note: expected 'uint8_t *' {aka 'unsigned char *'} but argument is of type 'uint32_t *' {aka 'long unsigned int *'}
  106 | void sendSPIdata(uint8_t data[], uint8_t byteSize);
      |                  ~~~~~~~~^~~~~~
../Core/Src/streetFunc.c: In function 'States':
../Core/Src/streetFunc.c:183:15: warning: passing argument 1 of 'sendSPIdata' from incompatible pointer type [-Wincompatible-pointer-types]
  183 |   sendSPIdata(&led[0], 3);
      |               ^~~~~~~
      |               |
      |               uint32_t * {aka long unsigned int *}
In file included from ../Core/Src/streetFunc.c:20:
../Core/Inc/streetFunc.h:106:26: note: expected 'uint8_t *' {aka 'unsigned char *'} but argument is of type 'uint32_t *' {aka 'long unsigned int *'}
  106 | void sendSPIdata(uint8_t data[], uint8_t byteSize);
      |                  ~~~~~~~~^~~~~~
../Core/Src/streetFunc.c:196:15: warning: passing argument 1 of 'sendSPIdata' from incompatible pointer type [-Wincompatible-pointer-types]
  196 |   sendSPIdata(&led[0], 3);
      |               ^~~~~~~
      |               |
      |               uint32_t * {aka long unsigned int *}
In file included from ../Core/Src/streetFunc.c:20:
../Core/Inc/streetFunc.h:106:26: note: expected 'uint8_t *' {aka 'unsigned char *'} but argument is of type 'uint32_t *' {aka 'long unsigned int *'}
  106 | void sendSPIdata(uint8_t data[], uint8_t byteSize);
      |                  ~~~~~~~~^~~~~~
../Core/Src/streetFunc.c:211:15: warning: passing argument 1 of 'sendSPIdata' from incompatible pointer type [-Wincompatible-pointer-types]
  211 |   sendSPIdata(&led[0], 3);
      |               ^~~~~~~
      |               |
      |               uint32_t * {aka long unsigned int *}
In file included from ../Core/Src/streetFunc.c:20:
../Core/Inc/streetFunc.h:106:26: note: expected 'uint8_t *' {aka 'unsigned char *'} but argument is of type 'uint32_t *' {aka 'long unsigned int *'}
  106 | void sendSPIdata(uint8_t data[], uint8_t byteSize);
      |                  ~~~~~~~~^~~~~~
arm-none-eabi-gcc -o "street.elf" @"objects.list"   -mcpu=cortex-m4 -T"/Users/emil/streetTest/street/STM32L476RGTX_FLASH.ld" --specs=nosys.specs -Wl,-Map="street.map" -Wl,--gc-sections -static --specs=nano.specs -mfpu=fpv4-sp-d16 -mfloat-abi=hard -mthumb -Wl,--start-group -lc -lm -Wl,--end-group
Finished building target: street.elf
 
arm-none-eabi-size   street.elf 
arm-none-eabi-objdump -h -S  street.elf  > "street.list"
   text	   data	    bss	    dec	    hex	filename
  28836	    148	   9396	  38380	   95ec	street.elf
Finished building: default.size.stdout
 
Finished building: street.list
 
15:29:21 **** Incremental Build of configuration Debug for project street ****
make -j7 all 
arm-none-eabi-gcc "../Core/Src/Test.c" -mcpu=cortex-m4 -std=gnu11 -g3 -DDEBUG -DUSE_HAL_DRIVER -DSTM32L476xx -c -I../Core/Inc -I../Drivers/STM32L4xx_HAL_Driver/Inc -I../Drivers/STM32L4xx_HAL_Driver/Inc/Legacy -I../Middlewares/Third_Party/FreeRTOS/Source/include -I../Middlewares/Third_Party/FreeRTOS/Source/CMSIS_RTOS_V2 -I../Middlewares/Third_Party/FreeRTOS/Source/portable/GCC/ARM_CM4F -I../Drivers/CMSIS/Device/ST/STM32L4xx/Include -I../Drivers/CMSIS/Include -O0 -ffunction-sections -fdata-sections -Wall -fstack-usage -MMD -MP -MF"Core/Src/Test.d" -MT"Core/Src/Test.o" --specs=nano.specs -mfpu=fpv4-sp-d16 -mfloat-abi=hard -mthumb -o "Core/Src/Test.o"
arm-none-eabi-gcc -o "street.elf" @"objects.list"   -mcpu=cortex-m4 -T"/Users/emil/streetTest/street/STM32L476RGTX_FLASH.ld" --specs=nosys.specs -Wl,-Map="street.map" -Wl,--gc-sections -static --specs=nano.specs -mfpu=fpv4-sp-d16 -mfloat-abi=hard -mthumb -Wl,--start-group -lc -lm -Wl,--end-group
Finished building target: street.elf
 
arm-none-eabi-size   street.elf 
arm-none-eabi-objdump -h -S  street.elf  > "street.list"
   text	   data	    bss	    dec	    hex	filename
  28836	    148	   9396	  38380	   95ec	street.elf
Finished building: default.size.stdout
 
Finished building: street.list
 
